Archive member included to satisfy reference by file (symbol)

/opt/st/stm32cubeide_1.19.0/plugins/com.st.stm32cube.ide.mcu.externaltools.gnu-tools-for-stm32.13.3.rel1.linux64_1.0.0.202410170706/tools/bin/../lib/gcc/arm-none-eabi/13.3.1/../../../../arm-none-eabi/lib/thumb/v7-m/nofp/libc_nano.a(libc_a-exit.o)
                              /opt/st/stm32cubeide_1.19.0/plugins/com.st.stm32cube.ide.mcu.externaltools.gnu-tools-for-stm32.13.3.rel1.linux64_1.0.0.202410170706/tools/bin/../lib/gcc/arm-none-eabi/13.3.1/../../../../arm-none-eabi/lib/thumb/v7-m/nofp/crt0.o (exit)
/opt/st/stm32cubeide_1.19.0/plugins/com.st.stm32cube.ide.mcu.externaltools.gnu-tools-for-stm32.13.3.rel1.linux64_1.0.0.202410170706/tools/bin/../lib/gcc/arm-none-eabi/13.3.1/../../../../arm-none-eabi/lib/thumb/v7-m/nofp/libc_nano.a(libc_a-findfp.o)
                              /opt/st/stm32cubeide_1.19.0/plugins/com.st.stm32cube.ide.mcu.externaltools.gnu-tools-for-stm32.13.3.rel1.linux64_1.0.0.202410170706/tools/bin/../lib/gcc/arm-none-eabi/13.3.1/../../../../arm-none-eabi/lib/thumb/v7-m/nofp/libc_nano.a(libc_a-exit.o) (__stdio_exit_handler)
/opt/st/stm32cubeide_1.19.0/plugins/com.st.stm32cube.ide.mcu.externaltools.gnu-tools-for-stm32.13.3.rel1.linux64_1.0.0.202410170706/tools/bin/../lib/gcc/arm-none-eabi/13.3.1/../../../../arm-none-eabi/lib/thumb/v7-m/nofp/libc_nano.a(libc_a-fwalk.o)
                              /opt/st/stm32cubeide_1.19.0/plugins/com.st.stm32cube.ide.mcu.externaltools.gnu-tools-for-stm32.13.3.rel1.linux64_1.0.0.202410170706/tools/bin/../lib/gcc/arm-none-eabi/13.3.1/../../../../arm-none-eabi/lib/thumb/v7-m/nofp/libc_nano.a(libc_a-findfp.o) (_fwalk_sglue)
/opt/st/stm32cubeide_1.19.0/plugins/com.st.stm32cube.ide.mcu.externaltools.gnu-tools-for-stm32.13.3.rel1.linux64_1.0.0.202410170706/tools/bin/../lib/gcc/arm-none-eabi/13.3.1/../../../../arm-none-eabi/lib/thumb/v7-m/nofp/libc_nano.a(libc_a-printf.o)
                              ./BSP/bsp.o (printf)
/opt/st/stm32cubeide_1.19.0/plugins/com.st.stm32cube.ide.mcu.externaltools.gnu-tools-for-stm32.13.3.rel1.linux64_1.0.0.202410170706/tools/bin/../lib/gcc/arm-none-eabi/13.3.1/../../../../arm-none-eabi/lib/thumb/v7-m/nofp/libc_nano.a(libc_a-putchar.o)
                              ./BSP/i2c_slave.o (putchar)
/opt/st/stm32cubeide_1.19.0/plugins/com.st.stm32cube.ide.mcu.externaltools.gnu-tools-for-stm32.13.3.rel1.linux64_1.0.0.202410170706/tools/bin/../lib/gcc/arm-none-eabi/13.3.1/../../../../arm-none-eabi/lib/thumb/v7-m/nofp/libc_nano.a(libc_a-puts.o)
                              ./BSP/bsp.o (puts)
/opt/st/stm32cubeide_1.19.0/plugins/com.st.stm32cube.ide.mcu.externaltools.gnu-tools-for-stm32.13.3.rel1.linux64_1.0.0.202410170706/tools/bin/../lib/gcc/arm-none-eabi/13.3.1/../../../../arm-none-eabi/lib/thumb/v7-m/nofp/libc_nano.a(libc_a-stdio.o)
                              /opt/st/stm32cubeide_1.19.0/plugins/com.st.stm32cube.ide.mcu.externaltools.gnu-tools-for-stm32.13.3.rel1.linux64_1.0.0.202410170706/tools/bin/../lib/gcc/arm-none-eabi/13.3.1/../../../../arm-none-eabi/lib/thumb/v7-m/nofp/libc_nano.a(libc_a-findfp.o) (__sread)
/opt/st/stm32cubeide_1.19.0/plugins/com.st.stm32cube.ide.mcu.externaltools.gnu-tools-for-stm32.13.3.rel1.linux64_1.0.0.202410170706/tools/bin/../lib/gcc/arm-none-eabi/13.3.1/../../../../arm-none-eabi/lib/thumb/v7-m/nofp/libc_nano.a(libc_a-wbuf.o)
                              /opt/st/stm32cubeide_1.19.0/plugins/com.st.stm32cube.ide.mcu.externaltools.gnu-tools-for-stm32.13.3.rel1.linux64_1.0.0.202410170706/tools/bin/../lib/gcc/arm-none-eabi/13.3.1/../../../../arm-none-eabi/lib/thumb/v7-m/nofp/libc_nano.a(libc_a-puts.o) (__swbuf_r)
/opt/st/stm32cubeide_1.19.0/plugins/com.st.stm32cube.ide.mcu.externaltools.gnu-tools-for-stm32.13.3.rel1.linux64_1.0.0.202410170706/tools/bin/../lib/gcc/arm-none-eabi/13.3.1/../../../../arm-none-eabi/lib/thumb/v7-m/nofp/libc_nano.a(libc_a-wsetup.o)
                              /opt/st/stm32cubeide_1.19.0/plugins/com.st.stm32cube.ide.mcu.externaltools.gnu-tools-for-stm32.13.3.rel1.linux64_1.0.0.202410170706/tools/bin/../lib/gcc/arm-none-eabi/13.3.1/../../../../arm-none-eabi/lib/thumb/v7-m/nofp/libc_nano.a(libc_a-puts.o) (__swsetup_r)
/opt/st/stm32cubeide_1.19.0/plugins/com.st.stm32cube.ide.mcu.externaltools.gnu-tools-for-stm32.13.3.rel1.linux64_1.0.0.202410170706/tools/bin/../lib/gcc/arm-none-eabi/13.3.1/../../../../arm-none-eabi/lib/thumb/v7-m/nofp/libc_nano.a(libc_a-memset.o)
                              /opt/st/stm32cubeide_1.19.0/plugins/com.st.stm32cube.ide.mcu.externaltools.gnu-tools-for-stm32.13.3.rel1.linux64_1.0.0.202410170706/tools/bin/../lib/gcc/arm-none-eabi/13.3.1/../../../../arm-none-eabi/lib/thumb/v7-m/nofp/crt0.o (memset)
/opt/st/stm32cubeide_1.19.0/plugins/com.st.stm32cube.ide.mcu.externaltools.gnu-tools-for-stm32.13.3.rel1.linux64_1.0.0.202410170706/tools/bin/../lib/gcc/arm-none-eabi/13.3.1/../../../../arm-none-eabi/lib/thumb/v7-m/nofp/libc_nano.a(libc_a-closer.o)
[...]
Memory Configuration

Name             Origin             Length             Attributes
RAM              0x20000000         0x0000c000         xrw
FLASH            0x08000000         0x00040000         xr
*default*        0x00000000         0xffffffff

Linker script and memory map

LOAD /opt/st/stm32cubeide_1.19.0/plugins/com.st.stm32cube.ide.mcu.externaltools.gnu-tools-for-stm32.13.3.rel1.linux64_1.0.0.202410170706/tools/bin/../lib/gcc/arm-none-eabi/13.3.1/thumb/v7-m/nofp/crti.o
LOAD /opt/st/stm32cubeide_1.19.0/plugins/com.st.stm32cube.ide.mcu.externaltools.gnu-tools-for-stm32.13.3.rel1.linux64_1.0.0.202410170706/tools/bin/../lib/gcc/arm-none-eabi/13.3.1/thumb/v7-m/nofp/crtbegin.o
LOAD /opt/st/stm32cubeide_1.19.0/plugins/com.st.stm32cube.ide.mcu.externaltools.gnu-tools-for-stm32.13.3.rel1.linux64_1.0.0.202410170706/tools/bin/../lib/gcc/arm-none-eabi/13.3.1/../../../../arm-none-eabi/lib/thumb/v7-m/nofp/crt0.o
LOAD ./BSP/bsp.o
LOAD ./BSP/bsp_beep.o
LOAD ./BSP/bsp_key.o
LOAD ./BSP/bsp_motor.o
LOAD ./BSP/bsp_pwmServo.o
LOAD ./BSP/bsp_uart.o
LOAD ./BSP/i2c_slave.o
LOAD ./Core/Src/dma.o
LOAD ./Core/Src/gpio.o
LOAD ./Core/Src/i2c.o
LOAD ./Core/Src/main.o
LOAD ./Core/Src/stm32f1xx_hal_msp.o
LOAD ./Core/Src/stm32f1xx_it.o
LOAD ./Core/Src/syscalls.o
LOAD ./Core/Src/sysmem.o
LOAD ./Core/Src/system_stm32f1xx.o
LOAD ./Core/Src/tim.o
LOAD ./Core/Src/usart.o
LOAD ./Core/Startup/startup_stm32f103rctx.o
LOAD ./Drivers/STM32F1xx_HAL_Driver/Src/stm32f1xx_hal.o
LOAD ./Drivers/STM32F1xx_HAL_Driver/Src/stm32f1xx_hal_cortex.o
LOAD ./Drivers/STM32F1xx_HAL_Driver/Src/stm32f1xx_hal_dma.o
LOAD ./Drivers/STM32F1xx_HAL_Driver/Src/stm32f1xx_hal_exti.o
LOAD ./Drivers/STM32F1xx_HAL_Driver/Src/stm32f1xx_hal_flash.o
LOAD ./Drivers/STM32F1xx_HAL_Driver/Src/stm32f1xx_hal_flash_ex.o
LOAD ./Drivers/STM32F1xx_HAL_Driver/Src/stm32f1xx_hal_gpio.o
LOAD ./Drivers/STM32F1xx_HAL_Driver/Src/stm32f1xx_hal_gpio_ex.o
LOAD ./Drivers/STM32F1xx_HAL_Driver/Src/stm32f1xx_hal_i2c.o
LOAD ./Drivers/STM32F1xx_HAL_Driver/Src/stm32f1xx_hal_pwr.o
LOAD ./Drivers/STM32F1xx_HAL_Driver/Src/stm32f1xx_hal_rcc.o
LOAD ./Drivers/STM32F1xx_HAL_Driver/Src/stm32f1xx_hal_rcc_ex.o
LOAD ./Drivers/STM32F1xx_HAL_Driver/Src/stm32f1xx_hal_tim.o
LOAD ./Drivers/STM32F1xx_HAL_Driver/Src/stm32f1xx_hal_tim_ex.o
LOAD ./Drivers/STM32F1xx_HAL_Driver/Src/stm32f1xx_hal_uart.o
START GROUP
LOAD /opt/st/stm32cubeide_1.19.0/plugins/com.st.stm32cube.ide.mcu.externaltools.gnu-tools-for-stm32.13.3.rel1.linux64_1.0.0.202410170706/tools/bin/../lib/gcc/arm-none-eabi/13.3.1/../../../../arm-none-eabi/lib/thumb/v7-m/nofp/libc_nano.a
LOAD /opt/st/stm32cubeide_1.19.0/plugins/com.st.stm32cube.ide.mcu.externaltools.gnu-tools-for-stm32.13.3.rel1.linux64_1.0.0.202410170706/tools/bin/../lib/gcc/arm-none-eabi/13.3.1/../../../../arm-none-eabi/lib/thumb/v7-m/nofp/libm.a
END GROUP
START GROUP
LOAD /opt/st/stm32cubeide_1.19.0/plugins/com.st.stm32cube.ide.mcu.externaltools.gnu-tools-for-stm32.13.3.rel1.linux64_1.0.0.202410170706/tools/bin/../lib/gcc/arm-none-eabi/13.3.1/thumb/v7-m/nofp/libgcc.a
LOAD /opt/st/stm32cubeide_1.19.0/plugins/com.st.stm32cube.ide.mcu.externaltools.gnu-tools-for-stm32.13.3.rel1.linux64_1.0.0.202410170706/tools/bin/../lib/gcc/arm-none-eabi/13.3.1/../../../../arm-none-eabi/lib/thumb/v7-m/nofp/libc_nano.a
END GROUP
START GROUP
LOAD /opt/st/stm32cubeide_1.19.0/plugins/com.st.stm32cube.ide.mcu.externaltools.gnu-tools-for-stm32.13.3.rel1.linux64_1.0.0.202410170706/tools/bin/../lib/gcc/arm-none-eabi/13.3.1/thumb/v7-m/nofp/libgcc.a
LOAD /opt/st/stm32cubeide_1.19.0/plugins/com.st.stm32cube.ide.mcu.externaltools.gnu-tools-for-stm32.13.3.rel1.linux64_1.0.0.202410170706/tools/bin/../lib/gcc/arm-none-eabi/13.3.1/../../../../arm-none-eabi/lib/thumb/v7-m/nofp/libc_nano.a
LOAD /opt/st/stm32cubeide_1.19.0/plugins/com.st.stm32cube.ide.mcu.externaltools.gnu-tools-for-stm32.13.3.rel1.linux64_1.0.0.202410170706/tools/bin/../lib/gcc/arm-none-eabi/13.3.1/../../../../arm-none-eabi/lib/thumb/v7-m/nofp/libnosys.a
END GROUP
START GROUP
LOAD /opt/st/stm32cubeide_1.19.0/plugins/com.st.stm32cube.ide.mcu.externaltools.gnu-tools-for-stm32.13.3.rel1.linux64_1.0.0.202410170706/tools/bin/../lib/gcc/arm-none-eabi/13.3.1/thumb/v7-m/nofp/libgcc.a
LOAD /opt/st/stm32cubeide_1.19.0/plugins/com.st.stm32cube.ide.mcu.externaltools.gnu-tools-for-stm32.13.3.rel1.linux64_1.0.0.202410170706/tools/bin/../lib/gcc/arm-none-eabi/13.3.1/../../../../arm-none-eabi/lib/thumb/v7-m/nofp/libc_nano.a
LOAD /opt/st/stm32cubeide_1.19.0/plugins/com.st.stm32cube.ide.mcu.externaltools.gnu-tools-for-stm32.13.3.rel1.linux64_1.0.0.202410170706/tools/bin/../lib/gcc/arm-none-eabi/13.3.1/../../../../arm-none-eabi/lib/thumb/v7-m/nofp/libnosys.a
END GROUP
LOAD /opt/st/stm32cubeide_1.19.0/plugins/com.st.stm32cube.ide.mcu.externaltools.gnu-tools-for-stm32.13.3.rel1.linux64_1.0.0.202410170706/tools/bin/../lib/gcc/arm-none-eabi/13.3.1/thumb/v7-m/nofp/crtend.o
LOAD /opt/st/stm32cubeide_1.19.0/plugins/com.st.stm32cube.ide.mcu.externaltools.gnu-tools-for-stm32.13.3.rel1.linux64_1.0.0.202410170706/tools/bin/../lib/gcc/arm-none-eabi/13.3.1/thumb/v7-m/nofp/crtn.o
                0x2000c000                        _estack = (ORIGIN (RAM) + LENGTH (RAM))
                0x00000200                        _Min_Heap_Size = 0x200
                0x00000400                        _Min_Stack_Size = 0x400

.isr_vector     0x08000000      0x1e4
                0x08000000                        . = ALIGN (0x4)
 *(.isr_vector)
 .isr_vector    0x08000000      0x1e4 ./Core/Startup/startup_stm32f103rctx.o
                0x08000000                g_pfnVectors
                0x080001e4                        . = ALIGN (0x4)

.text           0x080001e4     0x7b78
                0x080001e4                        . = ALIGN (0x4)
 *(.text)
 .text          0x080001e4       0x40 /opt/st/stm32cubeide_1.19.0/plugins/com.st.stm32cube.ide.mcu.externaltools.gnu-tools-for-stm32.13.3.rel1.linux64_1.0.0.202410170706/tools/bin/../lib/gcc/arm-none-eabi/13.3.1/thumb/v7-m/nofp/crtbegin.o
 *(.text*)
 .text.Bsp_Led_Show_State_Handle
                0x08000224       0x34 ./BSP/bsp.o
                0x08000224                Bsp_Led_Show_State_Handle
 .text.Bsp_Init
                0x08000258       0x1e ./BSP/bsp.o
                0x08000258                Bsp_Init
 *fill*         0x08000276        0x2 
 .text.Bsp_Loop
                0x08000278      0x180 ./BSP/bsp.o
                0x08000278                Bsp_Loop
 .text.Beep_Set_Time
                0x080003f8       0x20 ./BSP/bsp_beep.o
 .text.Beep_Get_Time
                0x08000418       0x14 ./BSP/bsp_beep.o
 .text.Beep_Set_State
                0x0800042c       0x20 ./BSP/bsp_beep.o
 .text.Beep_Get_State
                0x0800044c       0x14 ./BSP/bsp_beep.o
 .text.Beep_On_Time
                0x08000460       0x80 ./BSP/bsp_beep.o
                0x08000460                Beep_On_Time
 .text.Beep_Timeout_Close_Handle
                0x080004e0       0x44 ./BSP/bsp_beep.o
                0x080004e0                Beep_Timeout_Close_Handle
 .text.Key1_is_Press
                0x08000524       0x20 ./BSP/bsp_key.o
 .text.Key1_State
                0x08000544       0x54 ./BSP/bsp_key.o
                0x08000544                Key1_State
 .text.Motor_Ignore_Dead_Zone
                0x08000598       0x3e ./BSP/bsp_motor.o
 *fill*         0x080005d6        0x2 
 .text.Motor_Init
                0x080005d8       0x50 ./BSP/bsp_motor.o
                0x080005d8                Motor_Init
 .text.Motor_Stop
                0x08000628       0x98 ./BSP/bsp_motor.o
                0x08000628                Motor_Stop
 .text.Motor_Set_Pwm
                0x080006c0      0x128 ./BSP/bsp_motor.o
                0x080006c0                Motor_Set_Pwm
 .text.PwmServo_Angle_To_Pulse
                0x080007e8       0x38 ./BSP/bsp_pwmServo.o
 .text.PwmServo_Handle
                0x08000820       0xb8 ./BSP/bsp_pwmServo.o
                0x08000820                PwmServo_Handle
 .text.PwmServo_Init
                0x080008d8       0x50 ./BSP/bsp_pwmServo.o
                0x080008d8                PwmServo_Init
 .text.PwmServo_Set_Angle
                0x08000928       0x50 ./BSP/bsp_pwmServo.o
                0x08000928                PwmServo_Set_Angle
 .text.PwmServo_Set_Angle_All
                0x08000978       0xa0 ./BSP/bsp_pwmServo.o
                0x08000978                PwmServo_Set_Angle_All
 .text.HAL_TIM_PeriodElapsedCallback
                0x08000a18       0x24 ./BSP/bsp_pwmServo.o
                0x08000a18                HAL_TIM_PeriodElapsedCallback
 .text.USART1_Init
                0x08000a3c       0x1c ./BSP/bsp_uart.o
                0x08000a3c                USART1_Init
 .text.USART1_Send_U8
                0x08000a58       0x24 ./BSP/bsp_uart.o
                0x08000a58                USART1_Send_U8
 .text.HAL_UART_RxCpltCallback
                0x08000a7c       0x2c ./BSP/bsp_uart.o
                0x08000a7c                HAL_UART_RxCpltCallback
 .text.__io_putchar
                0x08000aa8       0x24 ./BSP/bsp_uart.o
                0x08000aa8                __io_putchar
 .text.I2C_Slave_Init
                0x08000acc       0x3c ./BSP/i2c_slave.o
                0x08000acc                I2C_Slave_Init
 .text.I2C_Get_Next_Command
                0x08000b08       0x58 ./BSP/i2c_slave.o
                0x08000b08                I2C_Get_Next_Command
 .text.HAL_I2C_AddrCallback
                0x08000b60       0x34 ./BSP/i2c_slave.o
                0x08000b60                HAL_I2C_AddrCallback
 .text.HAL_I2C_SlaveRxCpltCallback
                0x08000b94       0x84 ./BSP/i2c_slave.o
                0x08000b94                HAL_I2C_SlaveRxCpltCallback
 .text.HAL_I2C_ListenCpltCallback
                0x08000c18       0x16 ./BSP/i2c_slave.o
                0x08000c18                HAL_I2C_ListenCpltCallback
 .text.HAL_I2C_ErrorCallback
                0x08000c2e       0x16 ./BSP/i2c_slave.o
                0x08000c2e                HAL_I2C_ErrorCallback
 .text.RingBuffer_Init
                0x08000c44       0x2a ./BSP/i2c_slave.o
                0x08000c44                RingBuffer_Init
 .text.RingBuffer_IsEmpty
                0x08000c6e       0x24 ./BSP/i2c_slave.o
                0x08000c6e                RingBuffer_IsEmpty
 .text.RingBuffer_IsFull
                0x08000c92       0x24 ./BSP/i2c_slave.o
                0x08000c92                RingBuffer_IsFull
 .text.RingBuffer_Push
                0x08000cb6       0x80 ./BSP/i2c_slave.o
                0x08000cb6                RingBuffer_Push
 .text.RingBuffer_Pop
                0x08000d36       0x82 ./BSP/i2c_slave.o
                0x08000d36                RingBuffer_Pop
 .text.MX_DMA_Init
                0x08000db8       0x4c ./Core/Src/dma.o
                0x08000db8                MX_DMA_Init
 .text.MX_GPIO_Init
                0x08000e04       0xe8 ./Core/Src/gpio.o
                0x08000e04                MX_GPIO_Init
 .text.MX_I2C2_Init
                0x08000eec       0x5c ./Core/Src/i2c.o
                0x08000eec                MX_I2C2_Init
 .text.HAL_I2C_MspInit
                0x08000f48       0xa0 ./Core/Src/i2c.o
                0x08000f48                HAL_I2C_MspInit
 .text.main     0x08000fe8       0x32 ./Core/Src/main.o
                0x08000fe8                main
 .text.SystemClock_Config
                0x0800101a       0x8a ./Core/Src/main.o
                0x0800101a                SystemClock_Config
 .text.Error_Handler
                0x080010a4        0xc ./Core/Src/main.o
                0x080010a4                Error_Handler
 .text.HAL_MspInit
                0x080010b0       0x64 ./Core/Src/stm32f1xx_hal_msp.o
                0x080010b0                HAL_MspInit
 .text.NMI_Handler
                0x08001114        0x8 ./Core/Src/stm32f1xx_it.o
                0x08001114                NMI_Handler
 .text.HardFault_Handler
                0x0800111c        0x8 ./Core/Src/stm32f1xx_it.o
                0x0800111c                HardFault_Handler
 .text.MemManage_Handler
                0x08001124        0x8 ./Core/Src/stm32f1xx_it.o
                0x08001124                MemManage_Handler
 .text.BusFault_Handler
                0x0800112c        0x8 ./Core/Src/stm32f1xx_it.o
                0x0800112c                BusFault_Handler
 .text.UsageFault_Handler
                0x08001134        0x8 ./Core/Src/stm32f1xx_it.o
                0x08001134                UsageFault_Handler
 .text.SVC_Handler
                0x0800113c        0xc ./Core/Src/stm32f1xx_it.o
                0x0800113c                SVC_Handler
 .text.DebugMon_Handler
                0x08001148        0xc ./Core/Src/stm32f1xx_it.o
                0x08001148                DebugMon_Handler
 .text.PendSV_Handler
                0x08001154        0xc ./Core/Src/stm32f1xx_it.o
                0x08001154                PendSV_Handler
 .text.SysTick_Handler
                0x08001160        0xc ./Core/Src/stm32f1xx_it.o
                0x08001160                SysTick_Handler
 .text.DMA1_Channel4_IRQHandler
                0x0800116c       0x14 ./Core/Src/stm32f1xx_it.o
                0x0800116c                DMA1_Channel4_IRQHandler
 .text.DMA1_Channel5_IRQHandler
                0x08001180       0x14 ./Core/Src/stm32f1xx_it.o
                0x08001180                DMA1_Channel5_IRQHandler
 .text.I2C2_EV_IRQHandler
                0x08001194       0x14 ./Core/Src/stm32f1xx_it.o
                0x08001194                I2C2_EV_IRQHandler
 .text.I2C2_ER_IRQHandler
                0x080011a8       0x14 ./Core/Src/stm32f1xx_it.o
                0x080011a8                I2C2_ER_IRQHandler
 .text.USART1_IRQHandler
                0x080011bc       0x14 ./Core/Src/stm32f1xx_it.o
                0x080011bc                USART1_IRQHandler
 .text.TIM7_IRQHandler
                0x080011d0       0x14 ./Core/Src/stm32f1xx_it.o
                0x080011d0                TIM7_IRQHandler
 .text._read    0x080011e4       0x3a ./Core/Src/syscalls.o
                0x080011e4                _read
 .text._write   0x0800121e       0x38 ./Core/Src/syscalls.o
                0x0800121e                _write
 .text._close   0x08001256       0x16 ./Core/Src/syscalls.o
                0x08001256                _close
 .text._fstat   0x0800126c       0x1e ./Core/Src/syscalls.o
                0x0800126c                _fstat
 .text._isatty  0x0800128a       0x14 ./Core/Src/syscalls.o
                0x0800128a                _isatty
 .text._lseek   0x0800129e       0x18 ./Core/Src/syscalls.o
                0x0800129e                _lseek
 *fill*         0x080012b6        0x2 
 .text._sbrk    0x080012b8       0x6c ./Core/Src/sysmem.o
                0x080012b8                _sbrk
 .text.SystemInit
                0x08001324        0xc ./Core/Src/system_stm32f1xx.o
                0x08001324                SystemInit
 .text.MX_TIM1_Init
                0x08001330      0x188 ./Core/Src/tim.o
                0x08001330                MX_TIM1_Init
 .text.MX_TIM7_Init
                0x080014b8       0x70 ./Core/Src/tim.o
                0x080014b8                MX_TIM7_Init
 .text.MX_TIM8_Init
                0x08001528      0x188 ./Core/Src/tim.o
                0x08001528                MX_TIM8_Init
 .text.HAL_TIM_Base_MspInit
                0x080016b0       0x9c ./Core/Src/tim.o
                0x080016b0                HAL_TIM_Base_MspInit
 .text.HAL_TIM_MspPostInit
                0x0800174c      0x108 ./Core/Src/tim.o
                0x0800174c                HAL_TIM_MspPostInit
 .text.MX_USART1_UART_Init
                0x08001854       0x54 ./Core/Src/usart.o
                0x08001854                MX_USART1_UART_Init
 .text.HAL_UART_MspInit
                0x080018a8      0x154 ./Core/Src/usart.o
                0x080018a8                HAL_UART_MspInit
 .text.Reset_Handler
                0x080019fc       0x48 ./Core/Startup/startup_stm32f103rctx.o
                0x080019fc                Reset_Handler
 .text.Default_Handler
                0x08001a44        0x2 ./Core/Startup/startup_stm32f103rctx.o
                0x08001a44                RTC_Alarm_IRQHandler
                0x08001a44                EXTI2_IRQHandler
                0x08001a44                TIM8_TRG_COM_IRQHandler
                0x08001a44                TIM8_CC_IRQHandler
                0x08001a44                TIM1_CC_IRQHandler
                0x08001a44                TIM6_IRQHandler
                0x08001a44                PVD_IRQHandler
                0x08001a44                SDIO_IRQHandler
                0x08001a44                EXTI3_IRQHandler
                0x08001a44                EXTI0_IRQHandler
                0x08001a44                ADC1_2_IRQHandler
                0x08001a44                SPI1_IRQHandler
                0x08001a44                TAMPER_IRQHandler
                0x08001a44                TIM8_UP_IRQHandler
                0x08001a44                DMA2_Channel2_IRQHandler
                0x08001a44                USART3_IRQHandler
                0x08001a44                RTC_IRQHandler
                0x08001a44                DMA1_Channel7_IRQHandler
                0x08001a44                CAN1_RX1_IRQHandler
                0x08001a44                UART5_IRQHandler
                0x08001a44                ADC3_IRQHandler
                0x08001a44                TIM4_IRQHandler
                0x08001a44                DMA2_Channel1_IRQHandler
                0x08001a44                I2C1_EV_IRQHandler
                0x08001a44                DMA1_Channel6_IRQHandler
                0x08001a44                UART4_IRQHandler
                0x08001a44                TIM3_IRQHandler
                0x08001a44                RCC_IRQHandler
                0x08001a44                TIM1_TRG_COM_IRQHandler
                0x08001a44                DMA1_Channel1_IRQHandler
                0x08001a44                Default_Handler
                0x08001a44                EXTI15_10_IRQHandler
                0x08001a44                TIM5_IRQHandler
                0x08001a44                EXTI9_5_IRQHandler
                0x08001a44                SPI2_IRQHandler
                0x08001a44                EXTI4_IRQHandler
                0x08001a44                USB_LP_CAN1_RX0_IRQHandler
                0x08001a44                USB_HP_CAN1_TX_IRQHandler
                0x08001a44                DMA1_Channel3_IRQHandler
                0x08001a44                FSMC_IRQHandler
                0x08001a44                TIM1_UP_IRQHandler
                0x08001a44                WWDG_IRQHandler
                0x08001a44                TIM2_IRQHandler
                0x08001a44                TIM1_BRK_IRQHandler
                0x08001a44                EXTI1_IRQHandler
                0x08001a44                DMA2_Channel4_5_IRQHandler
                0x08001a44                USART2_IRQHandler
                0x08001a44                DMA1_Channel2_IRQHandler
                0x08001a44                TIM8_BRK_IRQHandler
                0x08001a44                CAN1_SCE_IRQHandler
                0x08001a44                FLASH_IRQHandler
                0x08001a44                SPI3_IRQHandler
                0x08001a44                I2C1_ER_IRQHandler
                0x08001a44                USBWakeUp_IRQHandler
                0x08001a44                DMA2_Channel3_IRQHandler
 *fill*         0x08001a46        0x2 
 .text.HAL_Init
                0x08001a48       0x2c ./Drivers/STM32F1xx_HAL_Driver/Src/stm32f1xx_hal.o
                0x08001a48                HAL_Init
 .text.HAL_InitTick
                0x08001a74       0x60 ./Drivers/STM32F1xx_HAL_Driver/Src/stm32f1xx_hal.o
                0x08001a74                HAL_InitTick
 .text.HAL_IncTick
                0x08001ad4       0x24 ./Drivers/STM32F1xx_HAL_Driver/Src/stm32f1xx_hal.o
                0x08001ad4                HAL_IncTick
 .text.HAL_GetTick
                0x08001af8       0x14 ./Drivers/STM32F1xx_HAL_Driver/Src/stm32f1xx_hal.o
                0x08001af8                HAL_GetTick
 .text.HAL_Delay
                0x08001b0c       0x48 ./Drivers/STM32F1xx_HAL_Driver/Src/stm32f1xx_hal.o
                0x08001b0c                HAL_Delay
 .text.__NVIC_SetPriorityGrouping
                0x08001b54       0x48 ./Drivers/STM32F1xx_HAL_Driver/Src/stm32f1xx_hal_cortex.o
 .text.__NVIC_GetPriorityGrouping
                0x08001b9c       0x1c ./Drivers/STM32F1xx_HAL_Driver/Src/stm32f1xx_hal_cortex.o
 .text.__NVIC_EnableIRQ
                0x08001bb8       0x38 ./Drivers/STM32F1xx_HAL_Driver/Src/stm32f1xx_hal_cortex.o
 .text.__NVIC_SetPriority
                0x08001bf0       0x54 ./Drivers/STM32F1xx_HAL_Driver/Src/stm32f1xx_hal_cortex.o
 .text.NVIC_EncodePriority
                0x08001c44       0x64 ./Drivers/STM32F1xx_HAL_Driver/Src/stm32f1xx_hal_cortex.o
 .text.SysTick_Config
                0x08001ca8       0x44 ./Drivers/STM32F1xx_HAL_Driver/Src/stm32f1xx_hal_cortex.o
 .text.HAL_NVIC_SetPriorityGrouping
                0x08001cec       0x16 ./Drivers/STM32F1xx_HAL_Driver/Src/stm32f1xx_hal_cortex.o
                0x08001cec                HAL_NVIC_SetPriorityGrouping
 .text.HAL_NVIC_SetPriority
                0x08001d02       0x38 ./Drivers/STM32F1xx_HAL_Driver/Src/stm32f1xx_hal_cortex.o
                0x08001d02                HAL_NVIC_SetPriority
 .text.HAL_NVIC_EnableIRQ
                0x08001d3a       0x1c ./Drivers/STM32F1xx_HAL_Driver/Src/stm32f1xx_hal_cortex.o
                0x08001d3a                HAL_NVIC_EnableIRQ
 .text.HAL_SYSTICK_Config
                0x08001d56       0x18 ./Drivers/STM32F1xx_HAL_Driver/Src/stm32f1xx_hal_cortex.o
                0x08001d56                HAL_SYSTICK_Config
 *fill*         0x08001d6e        0x2 
 .text.HAL_DMA_Init
                0x08001d70       0xec ./Drivers/STM32F1xx_HAL_Driver/Src/stm32f1xx_hal_dma.o
                0x08001d70                HAL_DMA_Init
 .text.HAL_DMA_Abort
                0x08001e5c       0x76 ./Drivers/STM32F1xx_HAL_Driver/Src/stm32f1xx_hal_dma.o
                0x08001e5c                HAL_DMA_Abort
 *fill*         0x08001ed2        0x2 
 .text.HAL_DMA_Abort_IT
                0x08001ed4      0x210 ./Drivers/STM32F1xx_HAL_Driver/Src/stm32f1xx_hal_dma.o
                0x08001ed4                HAL_DMA_Abort_IT
 .text.HAL_DMA_IRQHandler
                0x080020e4      0x478 ./Drivers/STM32F1xx_HAL_Driver/Src/stm32f1xx_hal_dma.o
                0x080020e4                HAL_DMA_IRQHandler
 .text.HAL_DMA_GetState
                0x0800255c       0x1a ./Drivers/STM32F1xx_HAL_Driver/Src/stm32f1xx_hal_dma.o
                0x0800255c                HAL_DMA_GetState
 *fill*         0x08002576        0x2 
 .text.HAL_GPIO_Init
                0x08002578      0x328 ./Drivers/STM32F1xx_HAL_Driver/Src/stm32f1xx_hal_gpio.o
                0x08002578                HAL_GPIO_Init
 .text.HAL_GPIO_ReadPin
                0x080028a0       0x2e ./Drivers/STM32F1xx_HAL_Driver/Src/stm32f1xx_hal_gpio.o
                0x080028a0                HAL_GPIO_ReadPin
 .text.HAL_GPIO_WritePin
                0x080028ce       0x30 ./Drivers/STM32F1xx_HAL_Driver/Src/stm32f1xx_hal_gpio.o
                0x080028ce                HAL_GPIO_WritePin
 .text.HAL_GPIO_TogglePin
                0x080028fe       0x32 ./Drivers/STM32F1xx_HAL_Driver/Src/stm32f1xx_hal_gpio.o
                0x080028fe                HAL_GPIO_TogglePin
 .text.HAL_I2C_Init
                0x08002930      0x288 ./Drivers/STM32F1xx_HAL_Driver/Src/stm32f1xx_hal_i2c.o
                0x08002930                HAL_I2C_Init
 .text.I2C_Flush_DR
                0x08002bb8       0x28 ./Drivers/STM32F1xx_HAL_Driver/Src/stm32f1xx_hal_i2c.o
 .text.HAL_I2C_Slave_Seq_Receive_IT
                0x08002be0       0xe4 ./Drivers/STM32F1xx_HAL_Driver/Src/stm32f1xx_hal_i2c.o
                0x08002be0                HAL_I2C_Slave_Seq_Receive_IT
 .text.HAL_I2C_EnableListen_IT
                0x08002cc4       0x6a ./Drivers/STM32F1xx_HAL_Driver/Src/stm32f1xx_hal_i2c.o
                0x08002cc4                HAL_I2C_EnableListen_IT
 .text.HAL_I2C_EV_IRQHandler
                0x08002d2e      0x2e2 ./Drivers/STM32F1xx_HAL_Driver/Src/stm32f1xx_hal_i2c.o
                0x08002d2e                HAL_I2C_EV_IRQHandler
 .text.HAL_I2C_ER_IRQHandler
                0x08003010      0x15e ./Drivers/STM32F1xx_HAL_Driver/Src/stm32f1xx_hal_i2c.o
                0x08003010                HAL_I2C_ER_IRQHandler
 .text.HAL_I2C_MasterTxCpltCallback
                0x0800316e       0x12 ./Drivers/STM32F1xx_HAL_Driver/Src/stm32f1xx_hal_i2c.o
                0x0800316e                HAL_I2C_MasterTxCpltCallback
 .text.HAL_I2C_MasterRxCpltCallback
                0x08003180       0x12 ./Drivers/STM32F1xx_HAL_Driver/Src/stm32f1xx_hal_i2c.o
                0x08003180                HAL_I2C_MasterRxCpltCallback
 .text.HAL_I2C_SlaveTxCpltCallback
                0x08003192       0x12 ./Drivers/STM32F1xx_HAL_Driver/Src/stm32f1xx_hal_i2c.o
                0x08003192                HAL_I2C_SlaveTxCpltCallback
 .text.HAL_I2C_MemTxCpltCallback
                0x080031a4       0x12 ./Drivers/STM32F1xx_HAL_Driver/Src/stm32f1xx_hal_i2c.o
                0x080031a4                HAL_I2C_MemTxCpltCallback
 .text.HAL_I2C_MemRxCpltCallback
                0x080031b6       0x12 ./Drivers/STM32F1xx_HAL_Driver/Src/stm32f1xx_hal_i2c.o
                0x080031b6                HAL_I2C_MemRxCpltCallback
 .text.HAL_I2C_AbortCpltCallback
                0x080031c8       0x12 ./Drivers/STM32F1xx_HAL_Driver/Src/stm32f1xx_hal_i2c.o
                0x080031c8                HAL_I2C_AbortCpltCallback
 .text.I2C_MasterTransmit_TXE
                0x080031da      0x138 ./Drivers/STM32F1xx_HAL_Driver/Src/stm32f1xx_hal_i2c.o
 .text.I2C_MasterTransmit_BTF
                0x08003312       0xec ./Drivers/STM32F1xx_HAL_Driver/Src/stm32f1xx_hal_i2c.o
 .text.I2C_MemoryTransmit_TXE_BTF
                0x080033fe      0x130 ./Drivers/STM32F1xx_HAL_Driver/Src/stm32f1xx_hal_i2c.o
 .text.I2C_MasterReceive_RXNE
                0x0800352e      0x190 ./Drivers/STM32F1xx_HAL_Driver/Src/stm32f1xx_hal_i2c.o
 .text.I2C_MasterReceive_BTF
                0x080036be      0x1e2 ./Drivers/STM32F1xx_HAL_Driver/Src/stm32f1xx_hal_i2c.o
 .text.I2C_Master_SB
                0x080038a0      0x10a ./Drivers/STM32F1xx_HAL_Driver/Src/stm32f1xx_hal_i2c.o
 .text.I2C_Master_ADD10
                0x080039aa       0x52 ./Drivers/STM32F1xx_HAL_Driver/Src/stm32f1xx_hal_i2c.o
 .text.I2C_Master_ADDR
                0x080039fc      0x336 ./Drivers/STM32F1xx_HAL_Driver/Src/stm32f1xx_hal_i2c.o
 .text.I2C_SlaveTransmit_TXE
                0x08003d32       0x7a ./Drivers/STM32F1xx_HAL_Driver/Src/stm32f1xx_hal_i2c.o
 .text.I2C_SlaveTransmit_BTF
                0x08003dac       0x40 ./Drivers/STM32F1xx_HAL_Driver/Src/stm32f1xx_hal_i2c.o
 .text.I2C_SlaveReceive_RXNE
                0x08003dec       0x7c ./Drivers/STM32F1xx_HAL_Driver/Src/stm32f1xx_hal_i2c.o
 .text.I2C_SlaveReceive_BTF
                0x08003e68       0x42 ./Drivers/STM32F1xx_HAL_Driver/Src/stm32f1xx_hal_i2c.o
 .text.I2C_Slave_ADDR
                0x08003eaa       0x94 ./Drivers/STM32F1xx_HAL_Driver/Src/stm32f1xx_hal_i2c.o
 *fill*         0x08003f3e        0x2 
 .text.I2C_Slave_STOPF
                0x08003f40      0x260 ./Drivers/STM32F1xx_HAL_Driver/Src/stm32f1xx_hal_i2c.o
 .text.I2C_Slave_AF
                0x080041a0       0xe8 ./Drivers/STM32F1xx_HAL_Driver/Src/stm32f1xx_hal_i2c.o
 .text.I2C_ITError
                0x08004288      0x264 ./Drivers/STM32F1xx_HAL_Driver/Src/stm32f1xx_hal_i2c.o
 .text.I2C_DMAAbort
                0x080044ec      0x150 ./Drivers/STM32F1xx_HAL_Driver/Src/stm32f1xx_hal_i2c.o
 .text.I2C_WaitOnSTOPRequestThroughIT
                0x0800463c       0x64 ./Drivers/STM32F1xx_HAL_Driver/Src/stm32f1xx_hal_i2c.o
 .text.I2C_ConvertOtherXferOptions
                0x080046a0       0x34 ./Drivers/STM32F1xx_HAL_Driver/Src/stm32f1xx_hal_i2c.o
 .text.HAL_RCC_OscConfig
                0x080046d4      0x504 ./Drivers/STM32F1xx_HAL_Driver/Src/stm32f1xx_hal_rcc.o
                0x080046d4                HAL_RCC_OscConfig
 .text.HAL_RCC_ClockConfig
                0x08004bd8      0x1d4 ./Drivers/STM32F1xx_HAL_Driver/Src/stm32f1xx_hal_rcc.o
                0x08004bd8                HAL_RCC_ClockConfig
 .text.HAL_RCC_GetSysClockFreq
                0x08004dac       0xa8 ./Drivers/STM32F1xx_HAL_Driver/Src/stm32f1xx_hal_rcc.o
                0x08004dac                HAL_RCC_GetSysClockFreq
 .text.HAL_RCC_GetHCLKFreq
                0x08004e54       0x14 ./Drivers/STM32F1xx_HAL_Driver/Src/stm32f1xx_hal_rcc.o
                0x08004e54                HAL_RCC_GetHCLKFreq
 .text.HAL_RCC_GetPCLK1Freq
                0x08004e68       0x28 ./Drivers/STM32F1xx_HAL_Driver/Src/stm32f1xx_hal_rcc.o
                0x08004e68                HAL_RCC_GetPCLK1Freq
 .text.HAL_RCC_GetPCLK2Freq
                0x08004e90       0x28 ./Drivers/STM32F1xx_HAL_Driver/Src/stm32f1xx_hal_rcc.o
                0x08004e90                HAL_RCC_GetPCLK2Freq
 .text.RCC_Delay
                0x08004eb8       0x3c ./Drivers/STM32F1xx_HAL_Driver/Src/stm32f1xx_hal_rcc.o
 .text.HAL_TIM_Base_Init
                0x08004ef4       0x9e ./Drivers/STM32F1xx_HAL_Driver/Src/stm32f1xx_hal_tim.o
                0x08004ef4                HAL_TIM_Base_Init
 *fill*         0x08004f92        0x2 
 .text.HAL_TIM_Base_Start_IT
                0x08004f94       0xc0 ./Drivers/STM32F1xx_HAL_Driver/Src/stm32f1xx_hal_tim.o
                0x08004f94                HAL_TIM_Base_Start_IT
 .text.HAL_TIM_PWM_Init
                0x08005054       0x9e ./Drivers/STM32F1xx_HAL_Driver/Src/stm32f1xx_hal_tim.o
                0x08005054                HAL_TIM_PWM_Init
 .text.HAL_TIM_PWM_MspInit
                0x080050f2       0x12 ./Drivers/STM32F1xx_HAL_Driver/Src/stm32f1xx_hal_tim.o
                0x080050f2                HAL_TIM_PWM_MspInit
 .text.HAL_TIM_PWM_Start
                0x08005104      0x174 ./Drivers/STM32F1xx_HAL_Driver/Src/stm32f1xx_hal_tim.o
                0x08005104                HAL_TIM_PWM_Start
 .text.HAL_TIM_IRQHandler
                0x08005278      0x1e0 ./Drivers/STM32F1xx_HAL_Driver/Src/stm32f1xx_hal_tim.o
                0x08005278                HAL_TIM_IRQHandler
 .text.HAL_TIM_PWM_ConfigChannel
                0x08005458      0x184 ./Drivers/STM32F1xx_HAL_Driver/Src/stm32f1xx_hal_tim.o
                0x08005458                HAL_TIM_PWM_ConfigChannel
 .text.HAL_TIM_ConfigClockSource
                0x080055dc      0x18e ./Drivers/STM32F1xx_HAL_Driver/Src/stm32f1xx_hal_tim.o
                0x080055dc                HAL_TIM_ConfigClockSource
 .text.HAL_TIM_OC_DelayElapsedCallback
                0x0800576a       0x12 ./Drivers/STM32F1xx_HAL_Driver/Src/stm32f1xx_hal_tim.o
                0x0800576a                HAL_TIM_OC_DelayElapsedCallback
 .text.HAL_TIM_IC_CaptureCallback
                0x0800577c       0x12 ./Drivers/STM32F1xx_HAL_Driver/Src/stm32f1xx_hal_tim.o
                0x0800577c                HAL_TIM_IC_CaptureCallback
 .text.HAL_TIM_PWM_PulseFinishedCallback
                0x0800578e       0x12 ./Drivers/STM32F1xx_HAL_Driver/Src/stm32f1xx_hal_tim.o
                0x0800578e                HAL_TIM_PWM_PulseFinishedCallback
 .text.HAL_TIM_TriggerCallback
                0x080057a0       0x12 ./Drivers/STM32F1xx_HAL_Driver/Src/stm32f1xx_hal_tim.o
                0x080057a0                HAL_TIM_TriggerCallback
 *fill*         0x080057b2        0x2 
 .text.TIM_Base_SetConfig
                0x080057b4      0x10c ./Drivers/STM32F1xx_HAL_Driver/Src/stm32f1xx_hal_tim.o
                0x080057b4                TIM_Base_SetConfig
 .text.TIM_OC1_SetConfig
                0x080058c0       0xe0 ./Drivers/STM32F1xx_HAL_Driver/Src/stm32f1xx_hal_tim.o
 .text.TIM_OC2_SetConfig
                0x080059a0       0xe8 ./Drivers/STM32F1xx_HAL_Driver/Src/stm32f1xx_hal_tim.o
                0x080059a0                TIM_OC2_SetConfig
 .text.TIM_OC3_SetConfig
                0x08005a88       0xe8 ./Drivers/STM32F1xx_HAL_Driver/Src/stm32f1xx_hal_tim.o
 .text.TIM_OC4_SetConfig
                0x08005b70       0xa8 ./Drivers/STM32F1xx_HAL_Driver/Src/stm32f1xx_hal_tim.o
 .text.TIM_TI1_ConfigInputStage
                0x08005c18       0x5c ./Drivers/STM32F1xx_HAL_Driver/Src/stm32f1xx_hal_tim.o
 .text.TIM_TI2_ConfigInputStage
                0x08005c74       0x5e ./Drivers/STM32F1xx_HAL_Driver/Src/stm32f1xx_hal_tim.o
 .text.TIM_ITRx_SetConfig
                0x08005cd2       0x34 ./Drivers/STM32F1xx_HAL_Driver/Src/stm32f1xx_hal_tim.o
 .text.TIM_ETR_SetConfig
                0x08005d06       0x3e ./Drivers/STM32F1xx_HAL_Driver/Src/stm32f1xx_hal_tim.o
                0x08005d06                TIM_ETR_SetConfig
 .text.TIM_CCxChannelCmd
                0x08005d44       0x48 ./Drivers/STM32F1xx_HAL_Driver/Src/stm32f1xx_hal_tim.o
                0x08005d44                TIM_CCxChannelCmd
 .text.HAL_TIMEx_PWMN_Start
                0x08005d8c      0x158 ./Drivers/STM32F1xx_HAL_Driver/Src/stm32f1xx_hal_tim_ex.o
                0x08005d8c                HAL_TIMEx_PWMN_Start
 .text.HAL_TIMEx_MasterConfigSynchronization
                0x08005ee4       0xd8 ./Drivers/STM32F1xx_HAL_Driver/Src/stm32f1xx_hal_tim_ex.o
                0x08005ee4                HAL_TIMEx_MasterConfigSynchronization
 .text.HAL_TIMEx_ConfigBreakDeadTime
                0x08005fbc       0xa2 ./Drivers/STM32F1xx_HAL_Driver/Src/stm32f1xx_hal_tim_ex.o
                0x08005fbc                HAL_TIMEx_ConfigBreakDeadTime
 .text.HAL_TIMEx_CommutCallback
                0x0800605e       0x12 ./Drivers/STM32F1xx_HAL_Driver/Src/stm32f1xx_hal_tim_ex.o
                0x0800605e                HAL_TIMEx_CommutCallback
 .text.HAL_TIMEx_BreakCallback
                0x08006070       0x12 ./Drivers/STM32F1xx_HAL_Driver/Src/stm32f1xx_hal_tim_ex.o
                0x08006070                HAL_TIMEx_BreakCallback
 .text.TIM_CCxNChannelCmd
                0x08006082       0x48 ./Drivers/STM32F1xx_HAL_Driver/Src/stm32f1xx_hal_tim_ex.o
 .text.HAL_UART_Init
                0x080060ca       0xa0 ./Drivers/STM32F1xx_HAL_Driver/Src/stm32f1xx_hal_uart.o
                0x080060ca                HAL_UART_Init
 .text.HAL_UART_Transmit
                0x0800616a      0x116 ./Drivers/STM32F1xx_HAL_Driver/Src/stm32f1xx_hal_uart.o
                0x0800616a                HAL_UART_Transmit
 .text.HAL_UART_Receive_IT
                0x08006280       0x4a ./Drivers/STM32F1xx_HAL_Driver/Src/stm32f1xx_hal_uart.o
                0x08006280                HAL_UART_Receive_IT
 *fill*         0x080062ca        0x2 
 .text.HAL_UART_IRQHandler
                0x080062cc      0x524 ./Drivers/STM32F1xx_HAL_Driver/Src/stm32f1xx_hal_uart.o
                0x080062cc                HAL_UART_IRQHandler
 .text.HAL_UART_TxCpltCallback
                0x080067f0       0x12 ./Drivers/STM32F1xx_HAL_Driver/Src/stm32f1xx_hal_uart.o
                0x080067f0                HAL_UART_TxCpltCallback
 .text.HAL_UART_ErrorCallback
                0x08006802       0x12 ./Drivers/STM32F1xx_HAL_Driver/Src/stm32f1xx_hal_uart.o
                0x08006802                HAL_UART_ErrorCallback
 .text.HAL_UARTEx_RxEventCallback
                0x08006814       0x16 ./Drivers/STM32F1xx_HAL_Driver/Src/stm32f1xx_hal_uart.o
                0x08006814                HAL_UARTEx_RxEventCallback
 .text.UART_WaitOnFlagUntilTimeout
                0x0800682a       0xb2 ./Drivers/STM32F1xx_HAL_Driver/Src/stm32f1xx_hal_uart.o
 .text.UART_Start_Receive_IT
                0x080068dc       0x72 ./Drivers/STM32F1xx_HAL_Driver/Src/stm32f1xx_hal_uart.o
                0x080068dc                UART_Start_Receive_IT
 .text.UART_EndRxTransfer
                0x0800694e       0xc4 ./Drivers/STM32F1xx_HAL_Driver/Src/stm32f1xx_hal_uart.o
 .text.UART_DMAAbortOnError
                0x08006a12       0x28 ./Drivers/STM32F1xx_HAL_Driver/Src/stm32f1xx_hal_uart.o
 .text.UART_Transmit_IT
                0x08006a3a       0x9e ./Drivers/STM32F1xx_HAL_Driver/Src/stm32f1xx_hal_uart.o
 .text.UART_EndTransmit_IT
                0x08006ad8       0x30 ./Drivers/STM32F1xx_HAL_Driver/Src/stm32f1xx_hal_uart.o
 .text.UART_Receive_IT
                0x08006b08      0x17c ./Drivers/STM32F1xx_HAL_Driver/Src/stm32f1xx_hal_uart.o
 .text.UART_SetConfig
                0x08006c84      0x11c ./Drivers/STM32F1xx_HAL_Driver/Src/stm32f1xx_hal_uart.o
 .text.std      0x08006da0       0x6c /opt/st/stm32cubeide_1.19.0/plugins/com.st.stm32cube.ide.mcu.externaltools.gnu-tools-for-stm32.13.3.rel1.linux64_1.0.0.202410170706/tools/bin/../lib/gcc/arm-none-eabi/13.3.1/../../../../arm-none-eabi/lib/thumb/v7-m/nofp/libc_nano.a(libc_a-findfp.o)
 .text.stdio_exit_handler
                0x08006e0c       0x18 /opt/st/stm32cubeide_1.19.0/plugins/com.st.stm32cube.ide.mcu.externaltools.gnu-tools-for-stm32.13.3.rel1.linux64_1.0.0.202410170706/tools/bin/../lib/gcc/arm-none-eabi/13.3.1/../../../../arm-none-eabi/lib/thumb/v7-m/nofp/libc_nano.a(libc_a-findfp.o)
 .text.cleanup_stdio
                0x08006e24       0x40 /opt/st/stm32cubeide_1.19.0/plugins/com.st.stm32cube.ide.mcu.externaltools.gnu-tools-for-stm32.13.3.rel1.linux64_1.0.0.202410170706/tools/bin/../lib/gcc/arm-none-eabi/13.3.1/../../../../arm-none-eabi/lib/thumb/v7-m/nofp/libc_nano.a(libc_a-findfp.o)
 .text.global_stdio_init.part.0
                0x08006e64       0x3c /opt/st/stm32cubeide_1.19.0/plugins/com.st.stm32cube.ide.mcu.externaltools.gnu-tools-for-stm32.13.3.rel1.linux64_1.0.0.202410170706/tools/bin/../lib/gcc/arm-none-eabi/13.3.1/../../../../arm-none-eabi/lib/thumb/v7-m/nofp/libc_nano.a(libc_a-findfp.o)
 .text.__sfp_lock_acquire
                0x08006ea0        0xc /opt/st/stm32cubeide_1.19.0/plugins/com.st.stm32cube.ide.mcu.externaltools.gnu-tools-for-stm32.13.3.rel1.linux64_1.0.0.202410170706/tools/bin/../lib/gcc/arm-none-eabi/13.3.1/../../../../arm-none-eabi/lib/thumb/v7-m/nofp/libc_nano.a(libc_a-findfp.o)
                0x08006ea0                __sfp_lock_acquire
 .text.__sfp_lock_release
                0x08006eac        0xc /opt/st/stm32cubeide_1.19.0/plugins/com.st.stm32cube.ide.mcu.externaltools.gnu-tools-for-stm32.13.3.rel1.linux64_1.0.0.202410170706/tools/bin/../lib/gcc/arm-none-eabi/13.3.1/../../../../arm-none-eabi/lib/thumb/v7-m/nofp/libc_nano.a(libc_a-findfp.o)
                0x08006eac                __sfp_lock_release
 .text.__sinit  0x08006eb8       0x30 /opt/st/stm32cubeide_1.19.0/plugins/com.st.stm32cube.ide.mcu.externaltools.gnu-tools-for-stm32.13.3.rel1.linux64_1.0.0.202410170706/tools/bin/../lib/gcc/arm-none-eabi/13.3.1/../../../../arm-none-eabi/lib/thumb/v7-m/nofp/libc_nano.a(libc_a-findfp.o)
                0x08006eb8                __sinit
 .text._fwalk_sglue
                0x08006ee8       0x3c /opt/st/stm32cubeide_1.19.0/plugins/com.st.stm32cube.ide.mcu.externaltools.gnu-tools-for-stm32.13.3.rel1.linux64_1.0.0.202410170706/tools/bin/../lib/gcc/arm-none-eabi/13.3.1/../../../../arm-none-eabi/lib/thumb/v7-m/nofp/libc_nano.a(libc_a-fwalk.o)
                0x08006ee8                _fwalk_sglue
 .text.printf   0x08006f24       0x24 /opt/st/stm32cubeide_1.19.0/plugins/com.st.stm32cube.ide.mcu.externaltools.gnu-tools-for-stm32.13.3.rel1.linux64_1.0.0.202410170706/tools/bin/../lib/gcc/arm-none-eabi/13.3.1/../../../../arm-none-eabi/lib/thumb/v7-m/nofp/libc_nano.a(libc_a-printf.o)
                0x08006f24                printf
                0x08006f24                iprintf
 .text.putchar  0x08006f48       0x10 /opt/st/stm32cubeide_1.19.0/plugins/com.st.stm32cube.ide.mcu.externaltools.gnu-tools-for-stm32.13.3.rel1.linux64_1.0.0.202410170706/tools/bin/../lib/gcc/arm-none-eabi/13.3.1/../../../../arm-none-eabi/lib/thumb/v7-m/nofp/libc_nano.a(libc_a-putchar.o)
                0x08006f48                putchar
 .text._puts_r  0x08006f58       0xaa /opt/st/stm32cubeide_1.19.0/plugins/com.st.stm32cube.ide.mcu.externaltools.gnu-tools-for-stm32.13.3.rel1.linux64_1.0.0.202410170706/tools/bin/../lib/gcc/arm-none-eabi/13.3.1/../../../../arm-none-eabi/lib/thumb/v7-m/nofp/libc_nano.a(libc_a-puts.o)
                0x08006f58                _puts_r
 *fill*         0x08007002        0x2 
 .text.puts     0x08007004       0x10 /opt/st/stm32cubeide_1.19.0/plugins/com.st.stm32cube.ide.mcu.externaltools.gnu-tools-for-stm32.13.3.rel1.linux64_1.0.0.202410170706/tools/bin/../lib/gcc/arm-none-eabi/13.3.1/../../../../arm-none-eabi/lib/thumb/v7-m/nofp/libc_nano.a(libc_a-puts.o)
                0x08007004                puts
 .text.__sread  0x08007014       0x22 /opt/st/stm32cubeide_1.19.0/plugins/com.st.stm32cube.ide.mcu.externaltools.gnu-tools-for-stm32.13.3.rel1.linux64_1.0.0.202410170706/tools/bin/../lib/gcc/arm-none-eabi/13.3.1/../../../../arm-none-eabi/lib/thumb/v7-m/nofp/libc_nano.a(libc_a-stdio.o)
                0x08007014                __sread
 .text.__swrite
                0x08007036       0x38 /opt/st/stm32cubeide_1.19.0/plugins/com.st.stm32cube.ide.mcu.externaltools.gnu-tools-for-stm32.13.3.rel1.linux64_1.0.0.202410170706/tools/bin/../lib/gcc/arm-none-eabi/13.3.1/../../../../arm-none-eabi/lib/thumb/v7-m/nofp/libc_nano.a(libc_a-stdio.o)
                0x08007036                __swrite
 .text.__sseek  0x0800706e       0x24 /opt/st/stm32cubeide_1.19.0/plugins/com.st.stm32cube.ide.mcu.externaltools.gnu-tools-for-stm32.13.3.rel1.linux64_1.0.0.202410170706/tools/bin/../lib/gcc/arm-none-eabi/13.3.1/../../../../arm-none-eabi/lib/thumb/v7-m/nofp/libc_nano.a(libc_a-stdio.o)
                0x0800706e                __sseek
 .text.__sclose
                0x08007092        0x8 /opt/st/stm32cubeide_1.19.0/plugins/com.st.stm32cube.ide.mcu.externaltools.gnu-tools-for-stm32.13.3.rel1.linux64_1.0.0.202410170706/tools/bin/../lib/gcc/arm-none-eabi/13.3.1/../../../../arm-none-eabi/lib/thumb/v7-m/nofp/libc_nano.a(libc_a-stdio.o)
                0x08007092                __sclose
 .text.__swbuf_r
                0x0800709a       0x7c /opt/st/stm32cubeide_1.19.0/plugins/com.st.stm32cube.ide.mcu.externaltools.gnu-tools-for-stm32.13.3.rel1.linux64_1.0.0.202410170706/tools/bin/../lib/gcc/arm-none-eabi/13.3.1/../../../../arm-none-eabi/lib/thumb/v7-m/nofp/libc_nano.a(libc_a-wbuf.o)
                0x0800709a                __swbuf_r
 *fill*         0x08007116        0x2 
 .text.__swsetup_r
                0x08007118       0xac /opt/st/stm32cubeide_1.19.0/plugins/com.st.stm32cube.ide.mcu.externaltools.gnu-tools-for-stm32.13.3.rel1.linux64_1.0.0.202410170706/tools/bin/../lib/gcc/arm-none-eabi/13.3.1/../../../../arm-none-eabi/lib/thumb/v7-m/nofp/libc_nano.a(libc_a-wsetup.o)
                0x08007118                __swsetup_r
 .text.memset   0x080071c4       0x10 /opt/st/stm32cubeide_1.19.0/plugins/com.st.stm32cube.ide.mcu.externaltools.gnu-tools-for-stm32.13.3.rel1.linux64_1.0.0.202410170706/tools/bin/../lib/gcc/arm-none-eabi/13.3.1/../../../../arm-none-eabi/lib/thumb/v7-m/nofp/libc_nano.a(libc_a-memset.o)
                0x080071c4                memset
 .text._close_r
                0x080071d4       0x20 /opt/st/stm32cubeide_1.19.0/plugins/com.st.stm32cube.ide.mcu.externaltools.gnu-tools-for-stm32.13.3.rel1.linux64_1.0.0.202410170706/tools/bin/../lib/gcc/arm-none-eabi/13.3.1/../../../../arm-none-eabi/lib/thumb/v7-m/nofp/libc_nano.a(libc_a-closer.o)
                0x080071d4                _close_r
 .text._lseek_r
                0x080071f4       0x24 /opt/st/stm32cubeide_1.19.0/plugins/com.st.stm32cube.ide.mcu.externaltools.gnu-tools-for-stm32.13.3.rel1.linux64_1.0.0.202410170706/tools/bin/../lib/gcc/arm-none-eabi/13.3.1/../../../../arm-none-eabi/lib/thumb/v7-m/nofp/libc_nano.a(libc_a-lseekr.o)
                0x080071f4                _lseek_r
 .text._read_r  0x08007218       0x24 /opt/st/stm32cubeide_1.19.0/plugins/com.st.stm32cube.ide.mcu.externaltools.gnu-tools-for-stm32.13.3.rel1.linux64_1.0.0.202410170706/tools/bin/../lib/gcc/arm-none-eabi/13.3.1/../../../../arm-none-eabi/lib/thumb/v7-m/nofp/libc_nano.a(libc_a-readr.o)
                0x08007218                _read_r
 .text._write_r
                0x0800723c       0x24 /opt/st/stm32cubeide_1.19.0/plugins/com.st.stm32cube.ide.mcu.externaltools.gnu-tools-for-stm32.13.3.rel1.linux64_1.0.0.202410170706/tools/bin/../lib/gcc/arm-none-eabi/13.3.1/../../../../arm-none-eabi/lib/thumb/v7-m/nofp/libc_nano.a(libc_a-writer.o)
                0x0800723c                _write_r
 .text.__errno  0x08007260        0xc /opt/st/stm32cubeide_1.19.0/plugins/com.st.stm32cube.ide.mcu.externaltools.gnu-tools-for-stm32.13.3.rel1.linux64_1.0.0.202410170706/tools/bin/../lib/gcc/arm-none-eabi/13.3.1/../../../../arm-none-eabi/lib/thumb/v7-m/nofp/libc_nano.a(libc_a-errno.o)
                0x08007260                __errno
 .text.__libc_init_array
                0x0800726c       0x48 /opt/st/stm32cubeide_1.19.0/plugins/com.st.stm32cube.ide.mcu.externaltools.gnu-tools-for-stm32.13.3.rel1.linux64_1.0.0.202410170706/tools/bin/../lib/gcc/arm-none-eabi/13.3.1/../../../../arm-none-eabi/lib/thumb/v7-m/nofp/libc_nano.a(libc_a-init.o)
                0x0800726c                __libc_init_array
 .text.__retarget_lock_init_recursive
                0x080072b4        0x2 /opt/st/stm32cubeide_1.19.0/plugins/com.st.stm32cube.ide.mcu.externaltools.gnu-tools-for-stm32.13.3.rel1.linux64_1.0.0.202410170706/tools/bin/../lib/gcc/arm-none-eabi/13.3.1/../../../../arm-none-eabi/lib/thumb/v7-m/nofp/libc_nano.a(libc_a-lock.o)
                0x080072b4                __retarget_lock_init_recursive
 .text.__retarget_lock_acquire_recursive
                0x080072b6        0x2 /opt/st/stm32cubeide_1.19.0/plugins/com.st.stm32cube.ide.mcu.externaltools.gnu-tools-for-stm32.13.3.rel1.linux64_1.0.0.202410170706/tools/bin/../lib/gcc/arm-none-eabi/13.3.1/../../../../arm-none-eabi/lib/thumb/v7-m/nofp/libc_nano.a(libc_a-lock.o)
                0x080072b6                __retarget_lock_acquire_recursive
 .text.__retarget_lock_release_recursive
                0x080072b8        0x2 /opt/st/stm32cubeide_1.19.0/plugins/com.st.stm32cube.ide.mcu.externaltools.gnu-tools-for-stm32.13.3.rel1.linux64_1.0.0.202410170706/tools/bin/../lib/gcc/arm-none-eabi/13.3.1/../../../../arm-none-eabi/lib/thumb/v7-m/nofp/libc_nano.a(libc_a-lock.o)
                0x080072b8                __retarget_lock_release_recursive
 *fill*         0x080072ba        0x2 
 .text._free_r  0x080072bc       0x90 /opt/st/stm32cubeide_1.19.0/plugins/com.st.stm32cube.ide.mcu.externaltools.gnu-tools-for-stm32.13.3.rel1.linux64_1.0.0.202410170706/tools/bin/../lib/gcc/arm-none-eabi/13.3.1/../../../../arm-none-eabi/lib/thumb/v7-m/nofp/libc_nano.a(libc_a-freer.o)
                0x080072bc                _free_r
 .text.sbrk_aligned
                0x0800734c       0x44 /opt/st/stm32cubeide_1.19.0/plugins/com.st.stm32cube.ide.mcu.externaltools.gnu-tools-for-stm32.13.3.rel1.linux64_1.0.0.202410170706/tools/bin/../lib/gcc/arm-none-eabi/13.3.1/../../../../arm-none-eabi/lib/thumb/v7-m/nofp/libc_nano.a(libc_a-mallocr.o)
 .text._malloc_r
                0x08007390      0x100 /opt/st/stm32cubeide_1.19.0/plugins/com.st.stm32cube.ide.mcu.externaltools.gnu-tools-for-stm32.13.3.rel1.linux64_1.0.0.202410170706/tools/bin/../lib/gcc/arm-none-eabi/13.3.1/../../../../arm-none-eabi/lib/thumb/v7-m/nofp/libc_nano.a(libc_a-mallocr.o)
                0x08007390                _malloc_r
 .text.__malloc_lock
                0x08007490        0xc /opt/st/stm32cubeide_1.19.0/plugins/com.st.stm32cube.ide.mcu.externaltools.gnu-tools-for-stm32.13.3.rel1.linux64_1.0.0.202410170706/tools/bin/../lib/gcc/arm-none-eabi/13.3.1/../../../../arm-none-eabi/lib/thumb/v7-m/nofp/libc_nano.a(libc_a-mlock.o)
                0x08007490                __malloc_lock
 .text.__malloc_unlock
                0x0800749c        0xc /opt/st/stm32cubeide_1.19.0/plugins/com.st.stm32cube.ide.mcu.externaltools.gnu-tools-for-stm32.13.3.rel1.linux64_1.0.0.202410170706/tools/bin/../lib/gcc/arm-none-eabi/13.3.1/../../../../arm-none-eabi/lib/thumb/v7-m/nofp/libc_nano.a(libc_a-mlock.o)
                0x0800749c                __malloc_unlock
 .text.__sfputc_r
                0x080074a8       0x2a /opt/st/stm32cubeide_1.19.0/plugins/com.st.stm32cube.ide.mcu.externaltools.gnu-tools-for-stm32.13.3.rel1.linux64_1.0.0.202410170706/tools/bin/../lib/gcc/arm-none-eabi/13.3.1/../../../../arm-none-eabi/lib/thumb/v7-m/nofp/libc_nano.a(libc_a-nano-vfprintf.o)
 .text.__sfputs_r
                0x080074d2       0x24 /opt/st/stm32cubeide_1.19.0/plugins/com.st.stm32cube.ide.mcu.externaltools.gnu-tools-for-stm32.13.3.rel1.linux64_1.0.0.202410170706/tools/bin/../lib/gcc/arm-none-eabi/13.3.1/../../../../arm-none-eabi/lib/thumb/v7-m/nofp/libc_nano.a(libc_a-nano-vfprintf.o)
                0x080074d2                __sfputs_r
 *fill*         0x080074f6        0x2 
 .text._vfprintf_r
                0x080074f8      0x230 /opt/st/stm32cubeide_1.19.0/plugins/com.st.stm32cube.ide.mcu.externaltools.gnu-tools-for-stm32.13.3.rel1.linux64_1.0.0.202410170706/tools/bin/../lib/gcc/arm-none-eabi/13.3.1/../../../../arm-none-eabi/lib/thumb/v7-m/nofp/libc_nano.a(libc_a-nano-vfprintf.o)
                0x080074f8                _vfiprintf_r
                0x080074f8                _vfprintf_r
 .text._printf_common
                0x08007728       0xe4 /opt/st/stm32cubeide_1.19.0/plugins/com.st.stm32cube.ide.mcu.externaltools.gnu-tools-for-stm32.13.3.rel1.linux64_1.0.0.202410170706/tools/bin/../lib/gcc/arm-none-eabi/13.3.1/../../../../arm-none-eabi/lib/thumb/v7-m/nofp/libc_nano.a(libc_a-nano-vfprintf_i.o)
                0x08007728                _printf_common
 .text._printf_i
                0x0800780c      0x23c /opt/st/stm32cubeide_1.19.0/plugins/com.st.stm32cube.ide.mcu.externaltools.gnu-tools-for-stm32.13.3.rel1.linux64_1.0.0.202410170706/tools/bin/../lib/gcc/arm-none-eabi/13.3.1/../../../../arm-none-eabi/lib/thumb/v7-m/nofp/libc_nano.a(libc_a-nano-vfprintf_i.o)
                0x0800780c                _printf_i
 .text.__sflush_r
                0x08007a48      0x100 /opt/st/stm32cubeide_1.19.0/plugins/com.st.stm32cube.ide.mcu.externaltools.gnu-tools-for-stm32.13.3.rel1.linux64_1.0.0.202410170706/tools/bin/../lib/gcc/arm-none-eabi/13.3.1/../../../../arm-none-eabi/lib/thumb/v7-m/nofp/libc_nano.a(libc_a-fflush.o)
                0x08007a48                __sflush_r
 .text._fflush_r
                0x08007b48       0x50 /opt/st/stm32cubeide_1.19.0/plugins/com.st.stm32cube.ide.mcu.externaltools.gnu-tools-for-stm32.13.3.rel1.linux64_1.0.0.202410170706/tools/bin/../lib/gcc/arm-none-eabi/13.3.1/../../../../arm-none-eabi/lib/thumb/v7-m/nofp/libc_nano.a(libc_a-fflush.o)
                0x08007b48                _fflush_r
 .text.__swhatbuf_r
                0x08007b98       0x4a /opt/st/stm32cubeide_1.19.0/plugins/com.st.stm32cube.ide.mcu.externaltools.gnu-tools-for-stm32.13.3.rel1.linux64_1.0.0.202410170706/tools/bin/../lib/gcc/arm-none-eabi/13.3.1/../../../../arm-none-eabi/lib/thumb/v7-m/nofp/libc_nano.a(libc_a-makebuf.o)
                0x08007b98                __swhatbuf_r
 .text.__smakebuf_r
                0x08007be2       0x78 /opt/st/stm32cubeide_1.19.0/plugins/com.st.stm32cube.ide.mcu.externaltools.gnu-tools-for-stm32.13.3.rel1.linux64_1.0.0.202410170706/tools/bin/../lib/gcc/arm-none-eabi/13.3.1/../../../../arm-none-eabi/lib/thumb/v7-m/nofp/libc_nano.a(libc_a-makebuf.o)
                0x08007be2                __smakebuf_r
 .text._putc_r  0x08007c5a       0x68 /opt/st/stm32cubeide_1.19.0/plugins/com.st.stm32cube.ide.mcu.externaltools.gnu-tools-for-stm32.13.3.rel1.linux64_1.0.0.202410170706/tools/bin/../lib/gcc/arm-none-eabi/13.3.1/../../../../arm-none-eabi/lib/thumb/v7-m/nofp/libc_nano.a(libc_a-putc.o)
                0x08007c5a                _putc_r
 *fill*         0x08007cc2        0x2 
 .text._fstat_r
                0x08007cc4       0x24 /opt/st/stm32cubeide_1.19.0/plugins/com.st.stm32cube.ide.mcu.externaltools.gnu-tools-for-stm32.13.3.rel1.linux64_1.0.0.202410170706/tools/bin/../lib/gcc/arm-none-eabi/13.3.1/../../../../arm-none-eabi/lib/thumb/v7-m/nofp/libc_nano.a(libc_a-fstatr.o)
                0x08007cc4                _fstat_r
 .text._isatty_r
                0x08007ce8       0x20 /opt/st/stm32cubeide_1.19.0/plugins/com.st.stm32cube.ide.mcu.externaltools.gnu-tools-for-stm32.13.3.rel1.linux64_1.0.0.202410170706/tools/bin/../lib/gcc/arm-none-eabi/13.3.1/../../../../arm-none-eabi/lib/thumb/v7-m/nofp/libc_nano.a(libc_a-isattyr.o)
                0x08007ce8                _isatty_r
 .text._sbrk_r  0x08007d08       0x20 /opt/st/stm32cubeide_1.19.0/plugins/com.st.stm32cube.ide.mcu.externaltools.gnu-tools-for-stm32.13.3.rel1.linux64_1.0.0.202410170706/tools/bin/../lib/gcc/arm-none-eabi/13.3.1/../../../../arm-none-eabi/lib/thumb/v7-m/nofp/libc_nano.a(libc_a-sbrkr.o)
                0x08007d08                _sbrk_r
 .text.memchr   0x08007d28       0x1c /opt/st/stm32cubeide_1.19.0/plugins/com.st.stm32cube.ide.mcu.externaltools.gnu-tools-for-stm32.13.3.rel1.linux64_1.0.0.202410170706/tools/bin/../lib/gcc/arm-none-eabi/13.3.1/../../../../arm-none-eabi/lib/thumb/v7-m/nofp/libc_nano.a(libc_a-memchr-stub.o)
                0x08007d28                memchr
 *(.glue_7)
 .glue_7        0x08007d44        0x0 linker stubs
 *(.glue_7t)
 .glue_7t       0x08007d44        0x0 linker stubs
 *(.eh_frame)
 .eh_frame      0x08007d44        0x0 /opt/st/stm32cubeide_1.19.0/plugins/com.st.stm32cube.ide.mcu.externaltools.gnu-tools-for-stm32.13.3.rel1.linux64_1.0.0.202410170706/tools/bin/../lib/gcc/arm-none-eabi/13.3.1/thumb/v7-m/nofp/crtbegin.o
 *(.init)
 .init          0x08007d44        0x4 /opt/st/stm32cubeide_1.19.0/plugins/com.st.stm32cube.ide.mcu.externaltools.gnu-tools-for-stm32.13.3.rel1.linux64_1.0.0.202410170706/tools/bin/../lib/gcc/arm-none-eabi/13.3.1/thumb/v7-m/nofp/crti.o
                0x08007d44                _init
 .init          0x08007d48        0x8 /opt/st/stm32cubeide_1.19.0/plugins/com.st.stm32cube.ide.mcu.externaltools.gnu-tools-for-stm32.13.3.rel1.linux64_1.0.0.202410170706/tools/bin/../lib/gcc/arm-none-eabi/13.3.1/thumb/v7-m/nofp/crtn.o
 *(.fini)
 .fini          0x08007d50        0x4 /opt/st/stm32cubeide_1.19.0/plugins/com.st.stm32cube.ide.mcu.externaltools.gnu-tools-for-stm32.13.3.rel1.linux64_1.0.0.202410170706/tools/bin/../lib/gcc/arm-none-eabi/13.3.1/thumb/v7-m/nofp/crti.o
                0x08007d50                _fini
 .fini          0x08007d54        0x8 /opt/st/stm32cubeide_1.19.0/plugins/com.st.stm32cube.ide.mcu.externaltools.gnu-tools-for-stm32.13.3.rel1.linux64_1.0.0.202410170706/tools/bin/../lib/gcc/arm-none-eabi/13.3.1/thumb/v7-m/nofp/crtn.o
                0x08007d5c                        . = ALIGN (0x4)
                0x08007d5c                        _etext = .

.vfp11_veneer   0x08007d5c        0x0
 .vfp11_veneer  0x08007d5c        0x0 linker stubs

.v4_bx          0x08007d5c        0x0
 .v4_bx         0x08007d5c        0x0 linker stubs

.iplt           0x08007d5c        0x0
 .iplt          0x08007d5c        0x0 /opt/st/stm32cubeide_1.19.0/plugins/com.st.stm32cube.ide.mcu.externaltools.gnu-tools-for-stm32.13.3.rel1.linux64_1.0.0.202410170706/tools/bin/../lib/gcc/arm-none-eabi/13.3.1/thumb/v7-m/nofp/crtbegin.o

.rodata         0x08007d5c      0x17c
                0x08007d5c                        . = ALIGN (0x4)
 *(.rodata)
 .rodata        0x08007d5c       0x7e ./BSP/bsp.o
 *fill*         0x08007dda        0x2 
 .rodata        0x08007ddc       0x9b ./BSP/i2c_slave.o
 *(.rodata*)
 *fill*         0x08007e77        0x1 
 .rodata.AHBPrescTable
                0x08007e78       0x10 ./Core/Src/system_stm32f1xx.o
                0x08007e78                AHBPrescTable
 .rodata.APBPrescTable
                0x08007e88        0x8 ./Core/Src/system_stm32f1xx.o
                0x08007e88                APBPrescTable
 .rodata.aPLLMULFactorTable.1
                0x08007e90       0x10 ./Drivers/STM32F1xx_HAL_Driver/Src/stm32f1xx_hal_rcc.o
 .rodata.aPredivFactorTable.0
                0x08007ea0        0x2 ./Drivers/STM32F1xx_HAL_Driver/Src/stm32f1xx_hal_rcc.o
 .rodata._vfprintf_r.str1.1
                0x08007ea2       0x33 /opt/st/stm32cubeide_1.19.0/plugins/com.st.stm32cube.ide.mcu.externaltools.gnu-tools-for-stm32.13.3.rel1.linux64_1.0.0.202410170706/tools/bin/../lib/gcc/arm-none-eabi/13.3.1/../../../../arm-none-eabi/lib/thumb/v7-m/nofp/libc_nano.a(libc_a-nano-vfprintf.o)
                                 0x11 (size before relaxing)
 .rodata._printf_i.str1.1
                0x08007ed5       0x22 /opt/st/stm32cubeide_1.19.0/plugins/com.st.stm32cube.ide.mcu.externaltools.gnu-tools-for-stm32.13.3.rel1.linux64_1.0.0.202410170706/tools/bin/../lib/gcc/arm-none-eabi/13.3.1/../../../../arm-none-eabi/lib/thumb/v7-m/nofp/libc_nano.a(libc_a-nano-vfprintf_i.o)
                0x08007ef8                        . = ALIGN (0x4)
 *fill*         0x08007ed5        0x3 

.rel.dyn        0x08007ed8        0x0
 .rel.iplt      0x08007ed8        0x0 /opt/st/stm32cubeide_1.19.0/plugins/com.st.stm32cube.ide.mcu.externaltools.gnu-tools-for-stm32.13.3.rel1.linux64_1.0.0.202410170706/tools/bin/../lib/gcc/arm-none-eabi/13.3.1/thumb/v7-m/nofp/crtbegin.o

.ARM.extab      0x08007ed8        0x0
                0x08007ed8                        . = ALIGN (0x4)
 *(.ARM.extab* .gnu.linkonce.armextab.*)
                0x08007ed8                        . = ALIGN (0x4)

.ARM            0x08007ed8        0x0
                0x08007ed8                        . = ALIGN (0x4)
                0x08007ed8                        __exidx_start = .
 *(.ARM.exidx*)
                0x08007ed8                        __exidx_end = .
                0x08007ed8                        . = ALIGN (0x4)

.preinit_array  0x08007ed8        0x0
                0x08007ed8                        . = ALIGN (0x4)
                0x08007ed8                        PROVIDE (__preinit_array_start = .)
 *(.preinit_array*)
                0x08007ed8                        PROVIDE (__preinit_array_end = .)
                0x08007ed8                        . = ALIGN (0x4)

.init_array     0x08007ed8        0x4
                0x08007ed8                        . = ALIGN (0x4)
                0x08007ed8                        PROVIDE (__init_array_start = .)
 *(SORT_BY_NAME(.init_array.*))
 *(.init_array*)
 .init_array    0x08007ed8        0x4 /opt/st/stm32cubeide_1.19.0/plugins/com.st.stm32cube.ide.mcu.externaltools.gnu-tools-for-stm32.13.3.rel1.linux64_1.0.0.202410170706/tools/bin/../lib/gcc/arm-none-eabi/13.3.1/thumb/v7-m/nofp/crtbegin.o
                0x08007edc                        PROVIDE (__init_array_end = .)
                0x08007edc                        . = ALIGN (0x4)

.fini_array     0x08007edc        0x4
                0x08007edc                        . = ALIGN (0x4)
                [!provide]                        PROVIDE (__fini_array_start = .)
 *(SORT_BY_NAME(.fini_array.*))
 *(.fini_array*)
 .fini_array    0x08007edc        0x4 /opt/st/stm32cubeide_1.19.0/plugins/com.st.stm32cube.ide.mcu.externaltools.gnu-tools-for-stm32.13.3.rel1.linux64_1.0.0.202410170706/tools/bin/../lib/gcc/arm-none-eabi/13.3.1/thumb/v7-m/nofp/crtbegin.o
                [!provide]                        PROVIDE (__fini_array_end = .)
                0x08007ee0                        . = ALIGN (0x4)
                0x08007ee0                        _sidata = LOADADDR (.data)

.data           0x20000000       0x74 load address 0x08007ee0
                0x20000000                        . = ALIGN (0x4)
                0x20000000                        _sdata = .
 *(.data)
 *(.data*)
 .data.g_pwm_angle
                0x20000000        0x4 ./BSP/bsp_pwmServo.o
                0x20000000                g_pwm_angle
 .data.g_angle_num
                0x20000004        0x8 ./BSP/bsp_pwmServo.o
                0x20000004                g_angle_num
 .data.SystemCoreClock
                0x2000000c        0x4 ./Core/Src/system_stm32f1xx.o
                0x2000000c                SystemCoreClock
 .data.uwTickPrio
                0x20000010        0x4 ./Drivers/STM32F1xx_HAL_Driver/Src/stm32f1xx_hal.o
                0x20000010                uwTickPrio
 .data.uwTickFreq
                0x20000014        0x1 ./Drivers/STM32F1xx_HAL_Driver/Src/stm32f1xx_hal.o
                0x20000014                uwTickFreq
 *fill*         0x20000015        0x3 
 .data.__sglue  0x20000018        0xc /opt/st/stm32cubeide_1.19.0/plugins/com.st.stm32cube.ide.mcu.externaltools.gnu-tools-for-stm32.13.3.rel1.linux64_1.0.0.202410170706/tools/bin/../lib/gcc/arm-none-eabi/13.3.1/../../../../arm-none-eabi/lib/thumb/v7-m/nofp/libc_nano.a(libc_a-findfp.o)
                0x20000018                __sglue
 .data._impure_ptr
                0x20000024        0x4 /opt/st/stm32cubeide_1.19.0/plugins/com.st.stm32cube.ide.mcu.externaltools.gnu-tools-for-stm32.13.3.rel1.linux64_1.0.0.202410170706/tools/bin/../lib/gcc/arm-none-eabi/13.3.1/../../../../arm-none-eabi/lib/thumb/v7-m/nofp/libc_nano.a(libc_a-impure.o)
                0x20000024                _impure_ptr
 .data._impure_data
                0x20000028       0x4c /opt/st/stm32cubeide_1.19.0/plugins/com.st.stm32cube.ide.mcu.externaltools.gnu-tools-for-stm32.13.3.rel1.linux64_1.0.0.202410170706/tools/bin/../lib/gcc/arm-none-eabi/13.3.1/../../../../arm-none-eabi/lib/thumb/v7-m/nofp/libc_nano.a(libc_a-impure.o)
                0x20000028                _impure_data
 *(.RamFunc)
 *(.RamFunc*)
                0x20000074                        . = ALIGN (0x4)
                0x20000074                        _edata = .

.igot.plt       0x20000074        0x0 load address 0x08007f54
 .igot.plt      0x20000074        0x0 /opt/st/stm32cubeide_1.19.0/plugins/com.st.stm32cube.ide.mcu.externaltools.gnu-tools-for-stm32.13.3.rel1.linux64_1.0.0.202410170706/tools/bin/../lib/gcc/arm-none-eabi/13.3.1/thumb/v7-m/nofp/crtbegin.o
                0x20000074                        . = ALIGN (0x4)

.bss            0x20000074      0x6cc load address 0x08007f54
                0x20000074                        _sbss = .
                0x20000074                        __bss_start__ = _sbss
 *(.bss)
 .bss           0x20000074       0x1c /opt/st/stm32cubeide_1.19.0/plugins/com.st.stm32cube.ide.mcu.externaltools.gnu-tools-for-stm32.13.3.rel1.linux64_1.0.0.202410170706/tools/bin/../lib/gcc/arm-none-eabi/13.3.1/thumb/v7-m/nofp/crtbegin.o
 *(.bss*)
 .bss.led_count.1
                0x20000090        0x1 ./BSP/bsp.o
 .bss.key_state.0
                0x20000091        0x1 ./BSP/bsp.o
 .bss.beep_on_time
                0x20000092        0x2 ./BSP/bsp_beep.o
                0x20000092                beep_on_time
 .bss.beep_state
                0x20000094        0x1 ./BSP/bsp_beep.o
                0x20000094                beep_state
 *fill*         0x20000095        0x1 
 .bss.key1_state.0
                0x20000096        0x2 ./BSP/bsp_key.o
 .bss.g_pwm_pulse
                0x20000098        0x2 ./BSP/bsp_pwmServo.o
                0x20000098                g_pwm_pulse
 .bss.RxTemp    0x2000009a        0x1 ./BSP/bsp_uart.o
                0x2000009a                RxTemp
 *fill*         0x2000009b        0x1 
 .bss.RxData    0x2000009c        0xd ./BSP/i2c_slave.o
 .bss.dataReady
                0x200000a9        0x1 ./BSP/i2c_slave.o
 *fill*         0x200000aa        0x2 
 .bss.rxRingBuffer
                0x200000ac      0x343 ./BSP/i2c_slave.o
                0x200000ac                rxRingBuffer
 *fill*         0x200003ef        0x1 
 .bss.hi2c2     0x200003f0       0x54 ./Core/Src/i2c.o
                0x200003f0                hi2c2
 .bss.__sbrk_heap_end
                0x20000444        0x4 ./Core/Src/sysmem.o
 .bss.htim1     0x20000448       0x48 ./Core/Src/tim.o
                0x20000448                htim1
 .bss.htim7     0x20000490       0x48 ./Core/Src/tim.o
                0x20000490                htim7
 .bss.htim8     0x200004d8       0x48 ./Core/Src/tim.o
                0x200004d8                htim8
 .bss.huart1    0x20000520       0x48 ./Core/Src/usart.o
                0x20000520                huart1
 .bss.hdma_usart1_tx
                0x20000568       0x44 ./Core/Src/usart.o
                0x20000568                hdma_usart1_tx
 .bss.hdma_usart1_rx
                0x200005ac       0x44 ./Core/Src/usart.o
                0x200005ac                hdma_usart1_rx
 .bss.uwTick    0x200005f0        0x4 ./Drivers/STM32F1xx_HAL_Driver/Src/stm32f1xx_hal.o
                0x200005f0                uwTick
 .bss.__sf      0x200005f4      0x138 /opt/st/stm32cubeide_1.19.0/plugins/com.st.stm32cube.ide.mcu.externaltools.gnu-tools-for-stm32.13.3.rel1.linux64_1.0.0.202410170706/tools/bin/../lib/gcc/arm-none-eabi/13.3.1/../../../../arm-none-eabi/lib/thumb/v7-m/nofp/libc_nano.a(libc_a-findfp.o)
                0x200005f4                __sf
 .bss.__stdio_exit_handler
                0x2000072c        0x4 /opt/st/stm32cubeide_1.19.0/plugins/com.st.stm32cube.ide.mcu.externaltools.gnu-tools-for-stm32.13.3.rel1.linux64_1.0.0.202410170706/tools/bin/../lib/gcc/arm-none-eabi/13.3.1/../../../../arm-none-eabi/lib/thumb/v7-m/nofp/libc_nano.a(libc_a-findfp.o)
                0x2000072c                __stdio_exit_handler
 .bss.errno     0x20000730        0x4 /opt/st/stm32cubeide_1.19.0/plugins/com.st.stm32cube.ide.mcu.externaltools.gnu-tools-for-stm32.13.3.rel1.linux64_1.0.0.202410170706/tools/bin/../lib/gcc/arm-none-eabi/13.3.1/../../../../arm-none-eabi/lib/thumb/v7-m/nofp/libc_nano.a(libc_a-reent.o)
                0x20000730                errno
 .bss.__lock___malloc_recursive_mutex
                0x20000734        0x1 /opt/st/stm32cubeide_1.19.0/plugins/com.st.stm32cube.ide.mcu.externaltools.gnu-tools-for-stm32.13.3.rel1.linux64_1.0.0.202410170706/tools/bin/../lib/gcc/arm-none-eabi/13.3.1/../../../../arm-none-eabi/lib/thumb/v7-m/nofp/libc_nano.a(libc_a-lock.o)
                0x20000734                __lock___malloc_recursive_mutex
 .bss.__lock___sfp_recursive_mutex
                0x20000735        0x1 /opt/st/stm32cubeide_1.19.0/plugins/com.st.stm32cube.ide.mcu.externaltools.gnu-tools-for-stm32.13.3.rel1.linux64_1.0.0.202410170706/tools/bin/../lib/gcc/arm-none-eabi/13.3.1/../../../../arm-none-eabi/lib/thumb/v7-m/nofp/libc_nano.a(libc_a-lock.o)
                0x20000735                __lock___sfp_recursive_mutex
 *fill*         0x20000736        0x2 
 .bss.__malloc_sbrk_start
                0x20000738        0x4 /opt/st/stm32cubeide_1.19.0/plugins/com.st.stm32cube.ide.mcu.externaltools.gnu-tools-for-stm32.13.3.rel1.linux64_1.0.0.202410170706/tools/bin/../lib/gcc/arm-none-eabi/13.3.1/../../../../arm-none-eabi/lib/thumb/v7-m/nofp/libc_nano.a(libc_a-mallocr.o)
                0x20000738                __malloc_sbrk_start
 .bss.__malloc_free_list
                0x2000073c        0x4 /opt/st/stm32cubeide_1.19.0/plugins/com.st.stm32cube.ide.mcu.externaltools.gnu-tools-for-stm32.13.3.rel1.linux64_1.0.0.202410170706/tools/bin/../lib/gcc/arm-none-eabi/13.3.1/../../../../arm-none-eabi/lib/thumb/v7-m/nofp/libc_nano.a(libc_a-mallocr.o)
                0x2000073c                __malloc_free_list
 *(COMMON)
                0x20000740                        . = ALIGN (0x4)
                0x20000740                        _ebss = .
                0x20000740                        __bss_end__ = _ebss

._user_heap_stack
                0x20000740      0x600 load address 0x08007f54
                0x20000740                        . = ALIGN (0x8)
                [!provide]                        PROVIDE (end = .)
                0x20000740                        PROVIDE (_end = .)
                0x20000940                        . = (. + _Min_Heap_Size)
 *fill*         0x20000740      0x200 
                0x20000d40                        . = (. + _Min_Stack_Size)
 *fill*         0x20000940      0x400 
                0x20000d40                        . = ALIGN (0x8)

/DISCARD/
 libc.a(*)
 libm.a(*)
 libgcc.a(*)

.ARM.attributes
                0x00000000       0x29
 *(.ARM.attributes)
 .ARM.attributes
                0x00000000       0x1d /opt/st/stm32cubeide_1.19.0/plugins/com.st.stm32cube.ide.mcu.externaltools.gnu-tools-for-stm32.13.3.rel1.linux64_1.0.0.202410170706/tools/bin/../lib/gcc/arm-none-eabi/13.3.1/thumb/v7-m/nofp/crti.o
 .ARM.attributes
                0x0000001d       0x2d /opt/st/stm32cubeide_1.19.0/plugins/com.st.stm32cube.ide.mcu.externaltools.gnu-tools-for-stm32.13.3.rel1.linux64_1.0.0.202410170706/tools/bin/../lib/gcc/arm-none-eabi/13.3.1/thumb/v7-m/nofp/crtbegin.o
 .ARM.attributes
                0x0000004a       0x2d ./BSP/bsp.o
 .ARM.attributes
                0x00000077       0x2d ./BSP/bsp_beep.o
 .ARM.attributes
                0x000000a4       0x2d ./BSP/bsp_key.o
 .ARM.attributes
                0x000000d1       0x2d ./BSP/bsp_motor.o
 .ARM.attributes
                0x000000fe       0x2d ./BSP/bsp_pwmServo.o
 .ARM.attributes
                0x0000012b       0x2d ./BSP/bsp_uart.o
 .ARM.attributes
                0x00000158       0x2d ./BSP/i2c_slave.o
 .ARM.attributes
                0x00000185       0x2d ./Core/Src/dma.o
 .ARM.attributes
                0x000001b2       0x2d ./Core/Src/gpio.o
 .ARM.attributes
                0x000001df       0x2d ./Core/Src/i2c.o
 .ARM.attributes
                0x0000020c       0x2d ./Core/Src/main.o
 .ARM.attributes
                0x00000239       0x2d ./Core/Src/stm32f1xx_hal_msp.o
 .ARM.attributes
                0x00000266       0x2d ./Core/Src/stm32f1xx_it.o
 .ARM.attributes
                0x00000293       0x2d ./Core/Src/syscalls.o
 .ARM.attributes
                0x000002c0       0x2d ./Core/Src/sysmem.o
 .ARM.attributes
                0x000002ed       0x2d ./Core/Src/system_stm32f1xx.o
 .ARM.attributes
                0x0000031a       0x2d ./Core/Src/tim.o
 .ARM.attributes
                0x00000347       0x2d ./Core/Src/usart.o
 .ARM.attributes
                0x00000374       0x21 ./Core/Startup/startup_stm32f103rctx.o
 .ARM.attributes
                0x00000395       0x2d ./Drivers/STM32F1xx_HAL_Driver/Src/stm32f1xx_hal.o
 .ARM.attributes
                0x000003c2       0x2d ./Drivers/STM32F1xx_HAL_Driver/Src/stm32f1xx_hal_cortex.o
 .ARM.attributes
                0x000003ef       0x2d ./Drivers/STM32F1xx_HAL_Driver/Src/stm32f1xx_hal_dma.o
 .ARM.attributes
                0x0000041c       0x2d ./Drivers/STM32F1xx_HAL_Driver/Src/stm32f1xx_hal_gpio.o
 .ARM.attributes
                0x00000449       0x2d ./Drivers/STM32F1xx_HAL_Driver/Src/stm32f1xx_hal_i2c.o
 .ARM.attributes
                0x00000476       0x2d ./Drivers/STM32F1xx_HAL_Driver/Src/stm32f1xx_hal_rcc.o
 .ARM.attributes
                0x000004a3       0x2d ./Drivers/STM32F1xx_HAL_Driver/Src/stm32f1xx_hal_tim.o
 .ARM.attributes
                0x000004d0       0x2d ./Drivers/STM32F1xx_HAL_Driver/Src/stm32f1xx_hal_tim_ex.o
 .ARM.attributes
                0x000004fd       0x2d ./Drivers/STM32F1xx_HAL_Driver/Src/stm32f1xx_hal_uart.o
 .ARM.attributes
                0x0000052a       0x2d /opt/st/stm32cubeide_1.19.0/plugins/com.st.stm32cube.ide.mcu.externaltools.gnu-tools-for-stm32.13.3.rel1.linux64_1.0.0.202410170706/tools/bin/../lib/gcc/arm-none-eabi/13.3.1/../../../../arm-none-eabi/lib/thumb/v7-m/nofp/libc_nano.a(libc_a-findfp.o)
 .ARM.attributes
                0x00000557       0x2d /opt/st/stm32cubeide_1.19.0/plugins/com.st.stm32cube.ide.mcu.externaltools.gnu-tools-for-stm32.13.3.rel1.linux64_1.0.0.202410170706/tools/bin/../lib/gcc/arm-none-eabi/13.3.1/../../../../arm-none-eabi/lib/thumb/v7-m/nofp/libc_nano.a(libc_a-fwalk.o)
 .ARM.attributes
                0x00000584       0x2d /opt/st/stm32cubeide_1.19.0/plugins/com.st.stm32cube.ide.mcu.externaltools.gnu-tools-for-stm32.13.3.rel1.linux64_1.0.0.202410170706/tools/bin/../lib/gcc/arm-none-eabi/13.3.1/../../../../arm-none-eabi/lib/thumb/v7-m/nofp/libc_nano.a(libc_a-printf.o)
 .ARM.attributes
                0x000005b1       0x2d /opt/st/stm32cubeide_1.19.0/plugins/com.st.stm32cube.ide.mcu.externaltools.gnu-tools-for-stm32.13.3.rel1.linux64_1.0.0.202410170706/tools/bin/../lib/gcc/arm-none-eabi/13.3.1/../../../../arm-none-eabi/lib/thumb/v7-m/nofp/libc_nano.a(libc_a-putchar.o)
 .ARM.attributes
                0x000005de       0x2d /opt/st/stm32cubeide_1.19.0/plugins/com.st.stm32cube.ide.mcu.externaltools.gnu-tools-for-stm32.13.3.rel1.linux64_1.0.0.202410170706/tools/bin/../lib/gcc/arm-none-eabi/13.3.1/../../../../arm-none-eabi/lib/thumb/v7-m/nofp/libc_nano.a(libc_a-puts.o)
 .ARM.attributes
                0x0000060b       0x2d /opt/st/stm32cubeide_1.19.0/plugins/com.st.stm32cube.ide.mcu.externaltools.gnu-tools-for-stm32.13.3.rel1.linux64_1.0.0.202410170706/tools/bin/../lib/gcc/arm-none-eabi/13.3.1/../../../../arm-none-eabi/lib/thumb/v7-m/nofp/libc_nano.a(libc_a-stdio.o)
 .ARM.attributes
                0x00000638       0x2d /opt/st/stm32cubeide_1.19.0/plugins/com.st.stm32cube.ide.mcu.externaltools.gnu-tools-for-stm32.13.3.rel1.linux64_1.0.0.202410170706/tools/bin/../lib/gcc/arm-none-eabi/13.3.1/../../../../arm-none-eabi/lib/thumb/v7-m/nofp/libc_nano.a(libc_a-wbuf.o)
 .ARM.attributes
                0x00000665       0x2d /opt/st/stm32cubeide_1.19.0/plugins/com.st.stm32cube.ide.mcu.externaltools.gnu-tools-for-stm32.13.3.rel1.linux64_1.0.0.202410170706/tools/bin/../lib/gcc/arm-none-eabi/13.3.1/../../../../arm-none-eabi/lib/thumb/v7-m/nofp/libc_nano.a(libc_a-wsetup.o)
 .ARM.attributes
                0x00000692       0x2d /opt/st/stm32cubeide_1.19.0/plugins/com.st.stm32cube.ide.mcu.externaltools.gnu-tools-for-stm32.13.3.rel1.linux64_1.0.0.202410170706/tools/bin/../lib/gcc/arm-none-eabi/13.3.1/../../../../arm-none-eabi/lib/thumb/v7-m/nofp/libc_nano.a(libc_a-memset.o)
 .ARM.attributes
                0x000006bf       0x2d /opt/st/stm32cubeide_1.19.0/plugins/com.st.stm32cube.ide.mcu.externaltools.gnu-tools-for-stm32.13.3.rel1.linux64_1.0.0.202410170706/tools/bin/../lib/gcc/arm-none-eabi/13.3.1/../../../../arm-none-eabi/lib/thumb/v7-m/nofp/libc_nano.a(libc_a-closer.o)
 .ARM.attributes
                0x000006ec       0x2d /opt/st/stm32cubeide_1.19.0/plugins/com.st.stm32cube.ide.mcu.externaltools.gnu-tools-for-stm32.13.3.rel1.linux64_1.0.0.202410170706/tools/bin/../lib/gcc/arm-none-eabi/13.3.1/../../../../arm-none-eabi/lib/thumb/v7-m/nofp/libc_nano.a(libc_a-reent.o)
 .ARM.attributes
                0x00000719       0x2d /opt/st/stm32cubeide_1.19.0/plugins/com.st.stm32cube.ide.mcu.externaltools.gnu-tools-for-stm32.13.3.rel1.linux64_1.0.0.202410170706/tools/bin/../lib/gcc/arm-none-eabi/13.3.1/../../../../arm-none-eabi/lib/thumb/v7-m/nofp/libc_nano.a(libc_a-impure.o)
 .ARM.attributes
                0x00000746       0x2d /opt/st/stm32cubeide_1.19.0/plugins/com.st.stm32cube.ide.mcu.externaltools.gnu-tools-for-stm32.13.3.rel1.linux64_1.0.0.202410170706/tools/bin/../lib/gcc/arm-none-eabi/13.3.1/../../../../arm-none-eabi/lib/thumb/v7-m/nofp/libc_nano.a(libc_a-lseekr.o)
 .ARM.attributes
                0x00000773       0x2d /opt/st/stm32cubeide_1.19.0/plugins/com.st.stm32cube.ide.mcu.externaltools.gnu-tools-for-stm32.13.3.rel1.linux64_1.0.0.202410170706/tools/bin/../lib/gcc/arm-none-eabi/13.3.1/../../../../arm-none-eabi/lib/thumb/v7-m/nofp/libc_nano.a(libc_a-readr.o)
 .ARM.attributes
                0x000007a0       0x2d /opt/st/stm32cubeide_1.19.0/plugins/com.st.stm32cube.ide.mcu.externaltools.gnu-tools-for-stm32.13.3.rel1.linux64_1.0.0.202410170706/tools/bin/../lib/gcc/arm-none-eabi/13.3.1/../../../../arm-none-eabi/lib/thumb/v7-m/nofp/libc_nano.a(libc_a-writer.o)
 .ARM.attributes
                0x000007cd       0x2d /opt/st/stm32cubeide_1.19.0/plugins/com.st.stm32cube.ide.mcu.externaltools.gnu-tools-for-stm32.13.3.rel1.linux64_1.0.0.202410170706/tools/bin/../lib/gcc/arm-none-eabi/13.3.1/../../../../arm-none-eabi/lib/thumb/v7-m/nofp/libc_nano.a(libc_a-errno.o)
 .ARM.attributes
                0x000007fa       0x2d /opt/st/stm32cubeide_1.19.0/plugins/com.st.stm32cube.ide.mcu.externaltools.gnu-tools-for-stm32.13.3.rel1.linux64_1.0.0.202410170706/tools/bin/../lib/gcc/arm-none-eabi/13.3.1/../../../../arm-none-eabi/lib/thumb/v7-m/nofp/libc_nano.a(libc_a-init.o)
 .ARM.attributes
                0x00000827       0x2d /opt/st/stm32cubeide_1.19.0/plugins/com.st.stm32cube.ide.mcu.externaltools.gnu-tools-for-stm32.13.3.rel1.linux64_1.0.0.202410170706/tools/bin/../lib/gcc/arm-none-eabi/13.3.1/../../../../arm-none-eabi/lib/thumb/v7-m/nofp/libc_nano.a(libc_a-lock.o)
 .ARM.attributes
                0x00000854       0x2d /opt/st/stm32cubeide_1.19.0/plugins/com.st.stm32cube.ide.mcu.externaltools.gnu-tools-for-stm32.13.3.rel1.linux64_1.0.0.202410170706/tools/bin/../lib/gcc/arm-none-eabi/13.3.1/../../../../arm-none-eabi/lib/thumb/v7-m/nofp/libc_nano.a(libc_a-freer.o)
 .ARM.attributes
                0x00000881       0x2d /opt/st/stm32cubeide_1.19.0/plugins/com.st.stm32cube.ide.mcu.externaltools.gnu-tools-for-stm32.13.3.rel1.linux64_1.0.0.202410170706/tools/bin/../lib/gcc/arm-none-eabi/13.3.1/../../../../arm-none-eabi/lib/thumb/v7-m/nofp/libc_nano.a(libc_a-mallocr.o)
 .ARM.attributes
                0x000008ae       0x2d /opt/st/stm32cubeide_1.19.0/plugins/com.st.stm32cube.ide.mcu.externaltools.gnu-tools-for-stm32.13.3.rel1.linux64_1.0.0.202410170706/tools/bin/../lib/gcc/arm-none-eabi/13.3.1/../../../../arm-none-eabi/lib/thumb/v7-m/nofp/libc_nano.a(libc_a-mlock.o)
 .ARM.attributes
                0x000008db       0x2d /opt/st/stm32cubeide_1.19.0/plugins/com.st.stm32cube.ide.mcu.externaltools.gnu-tools-for-stm32.13.3.rel1.linux64_1.0.0.202410170706/tools/bin/../lib/gcc/arm-none-eabi/13.3.1/../../../../arm-none-eabi/lib/thumb/v7-m/nofp/libc_nano.a(libc_a-nano-vfprintf.o)
 .ARM.attributes
                0x00000908       0x2d /opt/st/stm32cubeide_1.19.0/plugins/com.st.stm32cube.ide.mcu.externaltools.gnu-tools-for-stm32.13.3.rel1.linux64_1.0.0.202410170706/tools/bin/../lib/gcc/arm-none-eabi/13.3.1/../../../../arm-none-eabi/lib/thumb/v7-m/nofp/libc_nano.a(libc_a-nano-vfprintf_i.o)
 .ARM.attributes
                0x00000935       0x2d /opt/st/stm32cubeide_1.19.0/plugins/com.st.stm32cube.ide.mcu.externaltools.gnu-tools-for-stm32.13.3.rel1.linux64_1.0.0.202410170706/tools/bin/../lib/gcc/arm-none-eabi/13.3.1/../../../../arm-none-eabi/lib/thumb/v7-m/nofp/libc_nano.a(libc_a-fflush.o)
 .ARM.attributes
                0x00000962       0x2d /opt/st/stm32cubeide_1.19.0/plugins/com.st.stm32cube.ide.mcu.externaltools.gnu-tools-for-stm32.13.3.rel1.linux64_1.0.0.202410170706/tools/bin/../lib/gcc/arm-none-eabi/13.3.1/../../../../arm-none-eabi/lib/thumb/v7-m/nofp/libc_nano.a(libc_a-makebuf.o)
 .ARM.attributes
                0x0000098f       0x2d /opt/st/stm32cubeide_1.19.0/plugins/com.st.stm32cube.ide.mcu.externaltools.gnu-tools-for-stm32.13.3.rel1.linux64_1.0.0.202410170706/tools/bin/../lib/gcc/arm-none-eabi/13.3.1/../../../../arm-none-eabi/lib/thumb/v7-m/nofp/libc_nano.a(libc_a-putc.o)
 .ARM.attributes
                0x000009bc       0x2d /opt/st/stm32cubeide_1.19.0/plugins/com.st.stm32cube.ide.mcu.externaltools.gnu-tools-for-stm32.13.3.rel1.linux64_1.0.0.202410170706/tools/bin/../lib/gcc/arm-none-eabi/13.3.1/../../../../arm-none-eabi/lib/thumb/v7-m/nofp/libc_nano.a(libc_a-fstatr.o)
 .ARM.attributes
                0x000009e9       0x2d /opt/st/stm32cubeide_1.19.0/plugins/com.st.stm32cube.ide.mcu.externaltools.gnu-tools-for-stm32.13.3.rel1.linux64_1.0.0.202410170706/tools/bin/../lib/gcc/arm-none-eabi/13.3.1/../../../../arm-none-eabi/lib/thumb/v7-m/nofp/libc_nano.a(libc_a-isattyr.o)
 .ARM.attributes
                0x00000a16       0x2d /opt/st/stm32cubeide_1.19.0/plugins/com.st.stm32cube.ide.mcu.externaltools.gnu-tools-for-stm32.13.3.rel1.linux64_1.0.0.202410170706/tools/bin/../lib/gcc/arm-none-eabi/13.3.1/../../../../arm-none-eabi/lib/thumb/v7-m/nofp/libc_nano.a(libc_a-sbrkr.o)
 .ARM.attributes
                0x00000a43       0x2d /opt/st/stm32cubeide_1.19.0/plugins/com.st.stm32cube.ide.mcu.externaltools.gnu-tools-for-stm32.13.3.rel1.linux64_1.0.0.202410170706/tools/bin/../lib/gcc/arm-none-eabi/13.3.1/../../../../arm-none-eabi/lib/thumb/v7-m/nofp/libc_nano.a(libc_a-memchr-stub.o)
 .ARM.attributes
                0x00000a70       0x1d /opt/st/stm32cubeide_1.19.0/plugins/com.st.stm32cube.ide.mcu.externaltools.gnu-tools-for-stm32.13.3.rel1.linux64_1.0.0.202410170706/tools/bin/../lib/gcc/arm-none-eabi/13.3.1/thumb/v7-m/nofp/crtn.o
OUTPUT(PwmServo.elf elf32-littlearm)
LOAD linker stubs
LOAD /opt/st/stm32cubeide_1.19.0/plugins/com.st.stm32cube.ide.mcu.externaltools.gnu-tools-for-stm32.13.3.rel1.linux64_1.0.0.202410170706/tools/bin/../lib/gcc/arm-none-eabi/13.3.1/../../../../arm-none-eabi/lib/thumb/v7-m/nofp/libc.a
LOAD /opt/st/stm32cubeide_1.19.0/plugins/com.st.stm32cube.ide.mcu.externaltools.gnu-tools-for-stm32.13.3.rel1.linux64_1.0.0.202410170706/tools/bin/../lib/gcc/arm-none-eabi/13.3.1/../../../../arm-none-eabi/lib/thumb/v7-m/nofp/libm.a
LOAD /opt/st/stm32cubeide_1.19.0/plugins/com.st.stm32cube.ide.mcu.externaltools.gnu-tools-for-stm32.13.3.rel1.linux64_1.0.0.202410170706/tools/bin/../lib/gcc/arm-none-eabi/13.3.1/thumb/v7-m/nofp/libgcc.a

.debug_info     0x00000000    0x1235f
 .debug_info    0x00000000      0x34d ./BSP/bsp.o
 .debug_info    0x0000034d      0x266 ./BSP/bsp_beep.o
 .debug_info    0x000005b3      0x1d9 ./BSP/bsp_key.o
 .debug_info    0x0000078c      0x730 ./BSP/bsp_motor.o
 .debug_info    0x00000ebc      0x83d ./BSP/bsp_pwmServo.o
 .debug_info    0x000016f9      0x691 ./BSP/bsp_uart.o
 .debug_info    0x00001d8a      0x94c ./BSP/i2c_slave.o
 .debug_info    0x000026d6      0x335 ./Core/Src/dma.o
 .debug_info    0x00002a0b      0x2d3 ./Core/Src/gpio.o
 .debug_info    0x00002cde      0x9dc ./Core/Src/i2c.o
 .debug_info    0x000036ba      0x2cf ./Core/Src/main.o
 .debug_info    0x00003989      0x1f1 ./Core/Src/stm32f1xx_hal_msp.o
 .debug_info    0x00003b7a      0xc7a ./Core/Src/stm32f1xx_it.o
 .debug_info    0x000047f4      0x6a3 ./Core/Src/syscalls.o
 .debug_info    0x00004e97      0x168 ./Core/Src/sysmem.o
 .debug_info    0x00004fff      0x222 ./Core/Src/system_stm32f1xx.o
 .debug_info    0x00005221      0xe85 ./Core/Src/tim.o
 .debug_info    0x000060a6      0x9db ./Core/Src/usart.o
 .debug_info    0x00006a81       0x30 ./Core/Startup/startup_stm32f103rctx.o
 .debug_info    0x00006ab1      0x76a ./Drivers/STM32F1xx_HAL_Driver/Src/stm32f1xx_hal.o
 .debug_info    0x0000721b      0xaed ./Drivers/STM32F1xx_HAL_Driver/Src/stm32f1xx_hal_cortex.o
 .debug_info    0x00007d08      0x6d2 ./Drivers/STM32F1xx_HAL_Driver/Src/stm32f1xx_hal_dma.o
 .debug_info    0x000083da      0x5ab ./Drivers/STM32F1xx_HAL_Driver/Src/stm32f1xx_hal_gpio.o
 .debug_info    0x00008985     0x2524 ./Drivers/STM32F1xx_HAL_Driver/Src/stm32f1xx_hal_i2c.o
 .debug_info    0x0000aea9      0x7d5 ./Drivers/STM32F1xx_HAL_Driver/Src/stm32f1xx_hal_rcc.o
 .debug_info    0x0000b67e     0x2959 ./Drivers/STM32F1xx_HAL_Driver/Src/stm32f1xx_hal_tim.o
 .debug_info    0x0000dfd7     0x149b ./Drivers/STM32F1xx_HAL_Driver/Src/stm32f1xx_hal_tim_ex.o
 .debug_info    0x0000f472     0x2eed ./Drivers/STM32F1xx_HAL_Driver/Src/stm32f1xx_hal_uart.o

.debug_abbrev   0x00000000     0x335e
 .debug_abbrev  0x00000000      0x1b0 ./BSP/bsp.o
 .debug_abbrev  0x000001b0      0x177 ./BSP/bsp_beep.o
 .debug_abbrev  0x00000327      0x121 ./BSP/bsp_key.o
 .debug_abbrev  0x00000448      0x1ff ./BSP/bsp_motor.o
 .debug_abbrev  0x00000647      0x1e8 ./BSP/bsp_pwmServo.o
 .debug_abbrev  0x0000082f      0x1bb ./BSP/bsp_uart.o
 .debug_abbrev  0x000009ea      0x2af ./BSP/i2c_slave.o
 .debug_abbrev  0x00000c99       0xfc ./Core/Src/dma.o
 .debug_abbrev  0x00000d95      0x13f ./Core/Src/gpio.o
 .debug_abbrev  0x00000ed4      0x1fd ./Core/Src/i2c.o
 .debug_abbrev  0x000010d1      0x172 ./Core/Src/main.o
 .debug_abbrev  0x00001243       0xdb ./Core/Src/stm32f1xx_hal_msp.o
 .debug_abbrev  0x0000131e      0x1b6 ./Core/Src/stm32f1xx_it.o
 .debug_abbrev  0x000014d4      0x1b6 ./Core/Src/syscalls.o
 .debug_abbrev  0x0000168a       0xbc ./Core/Src/sysmem.o
 .debug_abbrev  0x00001746      0x13f ./Core/Src/system_stm32f1xx.o
 .debug_abbrev  0x00001885      0x285 ./Core/Src/tim.o
 .debug_abbrev  0x00001b0a      0x21b ./Core/Src/usart.o
 .debug_abbrev  0x00001d25       0x24 ./Core/Startup/startup_stm32f103rctx.o
 .debug_abbrev  0x00001d49      0x201 ./Drivers/STM32F1xx_HAL_Driver/Src/stm32f1xx_hal.o
 .debug_abbrev  0x00001f4a      0x2f8 ./Drivers/STM32F1xx_HAL_Driver/Src/stm32f1xx_hal_cortex.o
 .debug_abbrev  0x00002242      0x20b ./Drivers/STM32F1xx_HAL_Driver/Src/stm32f1xx_hal_dma.o
 .debug_abbrev  0x0000244d      0x1ca ./Drivers/STM32F1xx_HAL_Driver/Src/stm32f1xx_hal_gpio.o
 .debug_abbrev  0x00002617      0x2a3 ./Drivers/STM32F1xx_HAL_Driver/Src/stm32f1xx_hal_i2c.o
 .debug_abbrev  0x000028ba      0x2b3 ./Drivers/STM32F1xx_HAL_Driver/Src/stm32f1xx_hal_rcc.o
 .debug_abbrev  0x00002b6d      0x277 ./Drivers/STM32F1xx_HAL_Driver/Src/stm32f1xx_hal_tim.o
 .debug_abbrev  0x00002de4      0x282 ./Drivers/STM32F1xx_HAL_Driver/Src/stm32f1xx_hal_tim_ex.o
 .debug_abbrev  0x00003066      0x2f8 ./Drivers/STM32F1xx_HAL_Driver/Src/stm32f1xx_hal_uart.o

.debug_aranges  0x00000000     0x11e8
 .debug_aranges
                0x00000000       0x30 ./BSP/bsp.o
 .debug_aranges
                0x00000030       0x48 ./BSP/bsp_beep.o
 .debug_aranges
                0x00000078       0x28 ./BSP/bsp_key.o
 .debug_aranges
                0x000000a0       0x38 ./BSP/bsp_motor.o
 .debug_aranges
                0x000000d8       0x48 ./BSP/bsp_pwmServo.o
 .debug_aranges
                0x00000120       0x40 ./BSP/bsp_uart.o
 .debug_aranges
                0x00000160       0x78 ./BSP/i2c_slave.o
 .debug_aranges
                0x000001d8       0x20 ./Core/Src/dma.o
 .debug_aranges
                0x000001f8       0x20 ./Core/Src/gpio.o
 .debug_aranges
                0x00000218       0x30 ./Core/Src/i2c.o
 .debug_aranges
                0x00000248       0x30 ./Core/Src/main.o
 .debug_aranges
                0x00000278       0x20 ./Core/Src/stm32f1xx_hal_msp.o
 .debug_aranges
                0x00000298       0x90 ./Core/Src/stm32f1xx_it.o
 .debug_aranges
                0x00000328       0xa8 ./Core/Src/syscalls.o
 .debug_aranges
                0x000003d0       0x20 ./Core/Src/sysmem.o
 .debug_aranges
                0x000003f0       0x28 ./Core/Src/system_stm32f1xx.o
 .debug_aranges
                0x00000418       0x48 ./Core/Src/tim.o
 .debug_aranges
                0x00000460       0x30 ./Core/Src/usart.o
 .debug_aranges
                0x00000490       0x28 ./Core/Startup/startup_stm32f103rctx.o
 .debug_aranges
                0x000004b8       0xe0 ./Drivers/STM32F1xx_HAL_Driver/Src/stm32f1xx_hal.o
 .debug_aranges
                0x00000598      0x100 ./Drivers/STM32F1xx_HAL_Driver/Src/stm32f1xx_hal_cortex.o
 .debug_aranges
                0x00000698       0x80 ./Drivers/STM32F1xx_HAL_Driver/Src/stm32f1xx_hal_dma.o
 .debug_aranges
                0x00000718       0x58 ./Drivers/STM32F1xx_HAL_Driver/Src/stm32f1xx_hal_gpio.o
 .debug_aranges
                0x00000770      0x2a8 ./Drivers/STM32F1xx_HAL_Driver/Src/stm32f1xx_hal_i2c.o
 .debug_aranges
                0x00000a18       0x90 ./Drivers/STM32F1xx_HAL_Driver/Src/stm32f1xx_hal_rcc.o
 .debug_aranges
                0x00000aa8      0x3d0 ./Drivers/STM32F1xx_HAL_Driver/Src/stm32f1xx_hal_tim.o
 .debug_aranges
                0x00000e78      0x168 ./Drivers/STM32F1xx_HAL_Driver/Src/stm32f1xx_hal_tim_ex.o
 .debug_aranges
                0x00000fe0      0x208 ./Drivers/STM32F1xx_HAL_Driver/Src/stm32f1xx_hal_uart.o

.debug_rnglists
                0x00000000      0xde1
 .debug_rnglists
                0x00000000       0x20 ./BSP/bsp.o
 .debug_rnglists
                0x00000020       0x32 ./BSP/bsp_beep.o
 .debug_rnglists
                0x00000052       0x19 ./BSP/bsp_key.o
 .debug_rnglists
                0x0000006b       0x27 ./BSP/bsp_motor.o
 .debug_rnglists
                0x00000092       0x33 ./BSP/bsp_pwmServo.o
 .debug_rnglists
                0x000000c5       0x2b ./BSP/bsp_uart.o
 .debug_rnglists
                0x000000f0       0x58 ./BSP/i2c_slave.o
 .debug_rnglists
                0x00000148       0x13 ./Core/Src/dma.o
 .debug_rnglists
                0x0000015b       0x14 ./Core/Src/gpio.o
 .debug_rnglists
                0x0000016f       0x20 ./Core/Src/i2c.o
 .debug_rnglists
                0x0000018f       0x20 ./Core/Src/main.o
 .debug_rnglists
                0x000001af       0x13 ./Core/Src/stm32f1xx_hal_msp.o
 .debug_rnglists
                0x000001c2       0x67 ./Core/Src/stm32f1xx_it.o
 .debug_rnglists
                0x00000229       0x79 ./Core/Src/syscalls.o
 .debug_rnglists
                0x000002a2       0x13 ./Core/Src/sysmem.o
 .debug_rnglists
                0x000002b5       0x1a ./Core/Src/system_stm32f1xx.o
 .debug_rnglists
                0x000002cf       0x35 ./Core/Src/tim.o
 .debug_rnglists
                0x00000304       0x20 ./Core/Src/usart.o
 .debug_rnglists
                0x00000324       0x19 ./Core/Startup/startup_stm32f103rctx.o
 .debug_rnglists
                0x0000033d       0xa3 ./Drivers/STM32F1xx_HAL_Driver/Src/stm32f1xx_hal.o
 .debug_rnglists
                0x000003e0       0xbb ./Drivers/STM32F1xx_HAL_Driver/Src/stm32f1xx_hal_cortex.o
 .debug_rnglists
                0x0000049b       0x64 ./Drivers/STM32F1xx_HAL_Driver/Src/stm32f1xx_hal_dma.o
 .debug_rnglists
                0x000004ff       0x3f ./Drivers/STM32F1xx_HAL_Driver/Src/stm32f1xx_hal_gpio.o
 .debug_rnglists
                0x0000053e      0x23c ./Drivers/STM32F1xx_HAL_Driver/Src/stm32f1xx_hal_i2c.o
 .debug_rnglists
                0x0000077a       0x6c ./Drivers/STM32F1xx_HAL_Driver/Src/stm32f1xx_hal_rcc.o
 .debug_rnglists
                0x000007e6      0x31a ./Drivers/STM32F1xx_HAL_Driver/Src/stm32f1xx_hal_tim.o
 .debug_rnglists
                0x00000b00      0x125 ./Drivers/STM32F1xx_HAL_Driver/Src/stm32f1xx_hal_tim_ex.o
 .debug_rnglists
                0x00000c25      0x1bc ./Drivers/STM32F1xx_HAL_Driver/Src/stm32f1xx_hal_uart.o

.debug_macro    0x00000000    0x1cd8d
 .debug_macro   0x00000000      0x30f ./BSP/bsp.o
 .debug_macro   0x0000030f      0xacc ./BSP/bsp.o
 .debug_macro   0x00000ddb      0x227 ./BSP/bsp.o
 .debug_macro   0x00001002       0x2e ./BSP/bsp.o
 .debug_macro   0x00001030       0x22 ./BSP/bsp.o
 .debug_macro   0x00001052       0x22 ./BSP/bsp.o
 .debug_macro   0x00001074       0x8e ./BSP/bsp.o
 .debug_macro   0x00001102       0x51 ./BSP/bsp.o
 .debug_macro   0x00001153      0x103 ./BSP/bsp.o
 .debug_macro   0x00001256       0x6a ./BSP/bsp.o
 .debug_macro   0x000012c0      0x1df ./BSP/bsp.o
 .debug_macro   0x0000149f       0x1c ./BSP/bsp.o
 .debug_macro   0x000014bb       0x22 ./BSP/bsp.o
 .debug_macro   0x000014dd       0xbd ./BSP/bsp.o
 .debug_macro   0x0000159a      0xd23 ./BSP/bsp.o
 .debug_macro   0x000022bd     0xfd8c ./BSP/bsp.o
 .debug_macro   0x00012049       0x6d ./BSP/bsp.o
 .debug_macro   0x000120b6     0x34a2 ./BSP/bsp.o
 .debug_macro   0x00015558      0x190 ./BSP/bsp.o
 .debug_macro   0x000156e8       0x5c ./BSP/bsp.o
 .debug_macro   0x00015744      0x5bc ./BSP/bsp.o
 .debug_macro   0x00015d00      0x4d5 ./BSP/bsp.o
 .debug_macro   0x000161d5      0x1cb ./BSP/bsp.o
 .debug_macro   0x000163a0      0x114 ./BSP/bsp.o
 .debug_macro   0x000164b4      0x1ea ./BSP/bsp.o
 .debug_macro   0x0001669e       0x27 ./BSP/bsp.o
 .debug_macro   0x000166c5      0x144 ./BSP/bsp.o
 .debug_macro   0x00016809      0x1bc ./BSP/bsp.o
 .debug_macro   0x000169c5       0x30 ./BSP/bsp.o
 .debug_macro   0x000169f5       0x3c ./BSP/bsp.o
 .debug_macro   0x00016a31       0x57 ./BSP/bsp.o
 .debug_macro   0x00016a88       0x87 ./BSP/bsp.o
 .debug_macro   0x00016b0f      0x24f ./BSP/bsp.o
 .debug_macro   0x00016d5e      0x287 ./BSP/bsp.o
 .debug_macro   0x00016fe5      0x140 ./BSP/bsp.o
 .debug_macro   0x00017125      0x8ed ./BSP/bsp.o
 .debug_macro   0x00017a12      0x28e ./BSP/bsp.o
 .debug_macro   0x00017ca0       0xb5 ./BSP/bsp.o
 .debug_macro   0x00017d55       0x58 ./BSP/bsp.o
 .debug_macro   0x00017dad       0x22 ./BSP/bsp.o
 .debug_macro   0x00017dcf       0x10 ./BSP/bsp.o
 .debug_macro   0x00017ddf       0x28 ./BSP/bsp.o
 .debug_macro   0x00017e07       0x22 ./BSP/bsp.o
 .debug_macro   0x00017e29       0x4c ./BSP/bsp.o
 .debug_macro   0x00017e75       0x58 ./BSP/bsp.o
 .debug_macro   0x00017ecd       0x61 ./BSP/bsp.o
 .debug_macro   0x00017f2e       0x24 ./BSP/bsp.o
 .debug_macro   0x00017f52       0x43 ./BSP/bsp.o
 .debug_macro   0x00017f95       0x34 ./BSP/bsp.o
 .debug_macro   0x00017fc9       0x16 ./BSP/bsp.o
 .debug_macro   0x00017fdf       0x3c ./BSP/bsp.o
 .debug_macro   0x0001801b      0x370 ./BSP/bsp.o
 .debug_macro   0x0001838b       0x10 ./BSP/bsp.o
 .debug_macro   0x0001839b       0x16 ./BSP/bsp.o
 .debug_macro   0x000183b1       0x4a ./BSP/bsp.o
 .debug_macro   0x000183fb       0x34 ./BSP/bsp.o
 .debug_macro   0x0001842f       0x10 ./BSP/bsp.o
 .debug_macro   0x0001843f       0x58 ./BSP/bsp.o
 .debug_macro   0x00018497       0x8e ./BSP/bsp.o
 .debug_macro   0x00018525       0x1c ./BSP/bsp.o
 .debug_macro   0x00018541      0x185 ./BSP/bsp.o
 .debug_macro   0x000186c6       0x16 ./BSP/bsp.o
 .debug_macro   0x000186dc       0x16 ./BSP/bsp.o
 .debug_macro   0x000186f2      0x146 ./BSP/bsp.o
 .debug_macro   0x00018838       0x28 ./BSP/bsp.o
 .debug_macro   0x00018860      0x315 ./BSP/bsp_beep.o
 .debug_macro   0x00018b75       0x22 ./BSP/bsp_beep.o
 .debug_macro   0x00018b97      0x315 ./BSP/bsp_key.o
 .debug_macro   0x00018eac       0x1c ./BSP/bsp_key.o
 .debug_macro   0x00018ec8      0x315 ./BSP/bsp_motor.o
 .debug_macro   0x000191dd       0x46 ./BSP/bsp_motor.o
 .debug_macro   0x00019223      0x315 ./BSP/bsp_pwmServo.o
 .debug_macro   0x00019538       0x52 ./BSP/bsp_pwmServo.o
 .debug_macro   0x0001958a      0x31b ./BSP/bsp_uart.o
 .debug_macro   0x000198a5      0x355 ./BSP/i2c_slave.o
 .debug_macro   0x00019bfa       0x16 ./BSP/i2c_slave.o
 .debug_macro   0x00019c10       0x20 ./BSP/i2c_slave.o
 .debug_macro   0x00019c30      0x1c6 ./Core/Src/dma.o
 .debug_macro   0x00019df6      0x1cb ./Core/Src/gpio.o
 .debug_macro   0x00019fc1      0x1c6 ./Core/Src/i2c.o
 .debug_macro   0x0001a187      0x313 ./Core/Src/main.o
 .debug_macro   0x0001a49a       0x16 ./Core/Src/main.o
 .debug_macro   0x0001a4b0      0x1bc ./Core/Src/stm32f1xx_hal_msp.o
 .debug_macro   0x0001a66c      0x1c6 ./Core/Src/stm32f1xx_it.o
 .debug_macro   0x0001a832      0x274 ./Core/Src/syscalls.o
 .debug_macro   0x0001aaa6       0x5b ./Core/Src/syscalls.o
 .debug_macro   0x0001ab01       0x94 ./Core/Src/syscalls.o
 .debug_macro   0x0001ab95       0x57 ./Core/Src/syscalls.o
 .debug_macro   0x0001abec       0x10 ./Core/Src/syscalls.o
 .debug_macro   0x0001abfc       0x10 ./Core/Src/syscalls.o
 .debug_macro   0x0001ac0c       0x10 ./Core/Src/syscalls.o
 .debug_macro   0x0001ac1c       0x10 ./Core/Src/syscalls.o