Archive member included to satisfy reference by file (symbol)

/opt/st/stm32cubeide_1.19.0/plugins/com.st.stm32cube.ide.mcu.externaltools.gnu-tools-for-stm32.13.3.rel1.linux64_1.0.0.202410170706/tools/bin/../lib/gcc/arm-none-eabi/13.3.1/../../../../arm-none-eabi/lib/thumb/v7-m/nofp/libc_nano.a(libc_a-exit.o)
                              /opt/st/stm32cubeide_1.19.0/plugins/com.st.stm32cube.ide.mcu.externaltools.gnu-tools-for-stm32.13.3.rel1.linux64_1.0.0.202410170706/tools/bin/../lib/gcc/arm-none-eabi/13.3.1/../../../../arm-none-eabi/lib/thumb/v7-m/nofp/crt0.o (exit)
/opt/st/stm32cubeide_1.19.0/plugins/com.st.stm32cube.ide.mcu.externaltools.gnu-tools-for-stm32.13.3.rel1.linux64_1.0.0.202410170706/tools/bin/../lib/gcc/arm-none-eabi/13.3.1/../../../../arm-none-eabi/lib/thumb/v7-m/nofp/libc_nano.a(libc_a-findfp.o)
                              /opt/st/stm32cubeide_1.19.0/plugins/com.st.stm32cube.ide.mcu.externaltools.gnu-tools-for-stm32.13.3.rel1.linux64_1.0.0.202410170706/tools/bin/../lib/gcc/arm-none-eabi/13.3.1/../../../../arm-none-eabi/lib/thumb/v7-m/nofp/libc_nano.a(libc_a-exit.o) (__stdio_exit_handler)
/opt/st/stm32cubeide_1.19.0/plugins/com.st.stm32cube.ide.mcu.externaltools.gnu-tools-for-stm32.13.3.rel1.linux64_1.0.0.202410170706/tools/bin/../lib/gcc/arm-none-eabi/13.3.1/../../../../arm-none-eabi/lib/thumb/v7-m/nofp/libc_nano.a(libc_a-fwalk.o)
                              /opt/st/stm32cubeide_1.19.0/plugins/com.st.stm32cube.ide.mcu.externaltools.gnu-tools-for-stm32.13.3.rel1.linux64_1.0.0.202410170706/tools/bin/../lib/gcc/arm-none-eabi/13.3.1/../../../../arm-none-eabi/lib/thumb/v7-m/nofp/libc_nano.a(libc_a-findfp.o) (_fwalk_sglue)
/opt/st/stm32cubeide_1.19.0/plugins/com.st.stm32cube.ide.mcu.externaltools.gnu-tools-for-stm32.13.3.rel1.linux64_1.0.0.202410170706/tools/bin/../lib/gcc/arm-none-eabi/13.3.1/../../../../arm-none-eabi/lib/thumb/v7-m/nofp/libc_nano.a(libc_a-printf.o)
                              ./BSP/bsp.o (printf)
/opt/st/stm32cubeide_1.19.0/plugins/com.st.stm32cube.ide.mcu.externaltools.gnu-tools-for-stm32.13.3.rel1.linux64_1.0.0.202410170706/tools/bin/../lib/gcc/arm-none-eabi/13.3.1/../../../../arm-none-eabi/lib/thumb/v7-m/nofp/libc_nano.a(libc_a-putchar.o)
                              ./BSP/i2c_slave.o (putchar)
/opt/st/stm32cubeide_1.19.0/plugins/com.st.stm32cube.ide.mcu.externaltools.gnu-tools-for-stm32.13.3.rel1.linux64_1.0.0.202410170706/tools/bin/../lib/gcc/arm-none-eabi/13.3.1/../../../../arm-none-eabi/lib/thumb/v7-m/nofp/libc_nano.a(libc_a-puts.o)
                              ./BSP/bsp.o (puts)
/opt/st/stm32cubeide_1.19.0/plugins/com.st.stm32cube.ide.mcu.externaltools.gnu-tools-for-stm32.13.3.rel1.linux64_1.0.0.202410170706/tools/bin/../lib/gcc/arm-none-eabi/13.3.1/../../../../arm-none-eabi/lib/thumb/v7-m/nofp/libc_nano.a(libc_a-stdio.o)
                              /opt/st/stm32cubeide_1.19.0/plugins/com.st.stm32cube.ide.mcu.externaltools.gnu-tools-for-stm32.13.3.rel1.linux64_1.0.0.202410170706/tools/bin/../lib/gcc/arm-none-eabi/13.3.1/../../../../arm-none-eabi/lib/thumb/v7-m/nofp/libc_nano.a(libc_a-findfp.o) (__sread)
/opt/st/stm32cubeide_1.19.0/plugins/com.st.stm32cube.ide.mcu.externaltools.gnu-tools-for-stm32.13.3.rel1.linux64_1.0.0.202410170706/tools/bin/../lib/gcc/arm-none-eabi/13.3.1/../../../../arm-none-eabi/lib/thumb/v7-m/nofp/libc_nano.a(libc_a-wbuf.o)
                              /opt/st/stm32cubeide_1.19.0/plugins/com.st.stm32cube.ide.mcu.externaltools.gnu-tools-for-stm32.13.3.rel1.linux64_1.0.0.202410170706/tools/bin/../lib/gcc/arm-none-eabi/13.3.1/../../../../arm-none-eabi/lib/thumb/v7-m/nofp/libc_nano.a(libc_a-puts.o) (__swbuf_r)
/opt/st/stm32cubeide_1.19.0/plugins/com.st.stm32cube.ide.mcu.externaltools.gnu-tools-for-stm32.13.3.rel1.linux64_1.0.0.202410170706/tools/bin/../lib/gcc/arm-none-eabi/13.3.1/../../../../arm-none-eabi/lib/thumb/v7-m/nofp/libc_nano.a(libc_a-wsetup.o)
                              /opt/st/stm32cubeide_1.19.0/plugins/com.st.stm32cube.ide.mcu.externaltools.gnu-tools-for-stm32.13.3.rel1.linux64_1.0.0.202410170706/tools/bin/../lib/gcc/arm-none-eabi/13.3.1/../../../../arm-none-eabi/lib/thumb/v7-m/nofp/libc_nano.a(libc_a-puts.o) (__swsetup_r)
/opt/st/stm32cubeide_1.19.0/plugins/com.st.stm32cube.ide.mcu.externaltools.gnu-tools-for-stm32.13.3.rel1.linux64_1.0.0.202410170706/tools/bin/../lib/gcc/arm-none-eabi/13.3.1/../../../../arm-none-eabi/lib/thumb/v7-m/nofp/libc_nano.a(libc_a-memset.o)
                              /opt/st/stm32cubeide_1.19.0/plugins/com.st.stm32cube.ide.mcu.externaltools.gnu-tools-for-stm32.13.3.rel1.linux64_1.0.0.202410170706/tools/bin/../lib/gcc/arm-none-eabi/13.3.1/../../../../arm-none-eabi/lib/thumb/v7-m/nofp/crt0.o (memset)
/opt/st/stm32cubeide_1.19.0/plugins/com.st.stm32cube.ide.mcu.externaltools.gnu-tools-for-stm32.13.3.rel1.linux64_1.0.0.202410170706/tools/bin/../lib/gcc/arm-none-eabi/13.3.1/../../../../arm-none-eabi/lib/thumb/v7-m/nofp/libc_nano.a(libc_a-closer.o)
[...]
Memory Configuration

Name             Origin             Length             Attributes
RAM              0x20000000         0x0000c000         xrw
FLASH            0x08000000         0x00040000         xr
*default*        0x00000000         0xffffffff

Linker script and memory map

LOAD /opt/st/stm32cubeide_1.19.0/plugins/com.st.stm32cube.ide.mcu.externaltools.gnu-tools-for-stm32.13.3.rel1.linux64_1.0.0.202410170706/tools/bin/../lib/gcc/arm-none-eabi/13.3.1/thumb/v7-m/nofp/crti.o
LOAD /opt/st/stm32cubeide_1.19.0/plugins/com.st.stm32cube.ide.mcu.externaltools.gnu-tools-for-stm32.13.3.rel1.linux64_1.0.0.202410170706/tools/bin/../lib/gcc/arm-none-eabi/13.3.1/thumb/v7-m/nofp/crtbegin.o
LOAD /opt/st/stm32cubeide_1.19.0/plugins/com.st.stm32cube.ide.mcu.externaltools.gnu-tools-for-stm32.13.3.rel1.linux64_1.0.0.202410170706/tools/bin/../lib/gcc/arm-none-eabi/13.3.1/../../../../arm-none-eabi/lib/thumb/v7-m/nofp/crt0.o
LOAD ./BSP/bsp.o
LOAD ./BSP/bsp_beep.o
LOAD ./BSP/bsp_encoder.o
LOAD ./BSP/bsp_key.o
LOAD ./BSP/bsp_motion.o
LOAD ./BSP/bsp_motor.o
LOAD ./BSP/bsp_pid.o
LOAD ./BSP/bsp_pwmServo.o
LOAD ./BSP/bsp_uart.o
LOAD ./BSP/i2c_slave.o
LOAD ./Core/Src/dma.o
LOAD ./Core/Src/gpio.o
LOAD ./Core/Src/i2c.o
LOAD ./Core/Src/main.o
LOAD ./Core/Src/stm32f1xx_hal_msp.o
LOAD ./Core/Src/stm32f1xx_it.o
LOAD ./Core/Src/syscalls.o
LOAD ./Core/Src/sysmem.o
LOAD ./Core/Src/system_stm32f1xx.o
LOAD ./Core/Src/tim.o
LOAD ./Core/Src/usart.o
LOAD ./Core/Startup/startup_stm32f103rctx.o
LOAD ./Drivers/STM32F1xx_HAL_Driver/Src/stm32f1xx_hal.o
LOAD ./Drivers/STM32F1xx_HAL_Driver/Src/stm32f1xx_hal_cortex.o
LOAD ./Drivers/STM32F1xx_HAL_Driver/Src/stm32f1xx_hal_dma.o
LOAD ./Drivers/STM32F1xx_HAL_Driver/Src/stm32f1xx_hal_exti.o
LOAD ./Drivers/STM32F1xx_HAL_Driver/Src/stm32f1xx_hal_flash.o
LOAD ./Drivers/STM32F1xx_HAL_Driver/Src/stm32f1xx_hal_flash_ex.o
LOAD ./Drivers/STM32F1xx_HAL_Driver/Src/stm32f1xx_hal_gpio.o
LOAD ./Drivers/STM32F1xx_HAL_Driver/Src/stm32f1xx_hal_gpio_ex.o
LOAD ./Drivers/STM32F1xx_HAL_Driver/Src/stm32f1xx_hal_i2c.o
LOAD ./Drivers/STM32F1xx_HAL_Driver/Src/stm32f1xx_hal_pwr.o
LOAD ./Drivers/STM32F1xx_HAL_Driver/Src/stm32f1xx_hal_rcc.o
LOAD ./Drivers/STM32F1xx_HAL_Driver/Src/stm32f1xx_hal_rcc_ex.o
LOAD ./Drivers/STM32F1xx_HAL_Driver/Src/stm32f1xx_hal_tim.o
LOAD ./Drivers/STM32F1xx_HAL_Driver/Src/stm32f1xx_hal_tim_ex.o
LOAD ./Drivers/STM32F1xx_HAL_Driver/Src/stm32f1xx_hal_uart.o
START GROUP
LOAD /opt/st/stm32cubeide_1.19.0/plugins/com.st.stm32cube.ide.mcu.externaltools.gnu-tools-for-stm32.13.3.rel1.linux64_1.0.0.202410170706/tools/bin/../lib/gcc/arm-none-eabi/13.3.1/../../../../arm-none-eabi/lib/thumb/v7-m/nofp/libc_nano.a
LOAD /opt/st/stm32cubeide_1.19.0/plugins/com.st.stm32cube.ide.mcu.externaltools.gnu-tools-for-stm32.13.3.rel1.linux64_1.0.0.202410170706/tools/bin/../lib/gcc/arm-none-eabi/13.3.1/../../../../arm-none-eabi/lib/thumb/v7-m/nofp/libm.a
END GROUP
START GROUP
LOAD /opt/st/stm32cubeide_1.19.0/plugins/com.st.stm32cube.ide.mcu.externaltools.gnu-tools-for-stm32.13.3.rel1.linux64_1.0.0.202410170706/tools/bin/../lib/gcc/arm-none-eabi/13.3.1/thumb/v7-m/nofp/libgcc.a
LOAD /opt/st/stm32cubeide_1.19.0/plugins/com.st.stm32cube.ide.mcu.externaltools.gnu-tools-for-stm32.13.3.rel1.linux64_1.0.0.202410170706/tools/bin/../lib/gcc/arm-none-eabi/13.3.1/../../../../arm-none-eabi/lib/thumb/v7-m/nofp/libc_nano.a
END GROUP
START GROUP
LOAD /opt/st/stm32cubeide_1.19.0/plugins/com.st.stm32cube.ide.mcu.externaltools.gnu-tools-for-stm32.13.3.rel1.linux64_1.0.0.202410170706/tools/bin/../lib/gcc/arm-none-eabi/13.3.1/thumb/v7-m/nofp/libgcc.a
LOAD /opt/st/stm32cubeide_1.19.0/plugins/com.st.stm32cube.ide.mcu.externaltools.gnu-tools-for-stm32.13.3.rel1.linux64_1.0.0.202410170706/tools/bin/../lib/gcc/arm-none-eabi/13.3.1/../../../../arm-none-eabi/lib/thumb/v7-m/nofp/libc_nano.a
LOAD /opt/st/stm32cubeide_1.19.0/plugins/com.st.stm32cube.ide.mcu.externaltools.gnu-tools-for-stm32.13.3.rel1.linux64_1.0.0.202410170706/tools/bin/../lib/gcc/arm-none-eabi/13.3.1/../../../../arm-none-eabi/lib/thumb/v7-m/nofp/libnosys.a
END GROUP
START GROUP
LOAD /opt/st/stm32cubeide_1.19.0/plugins/com.st.stm32cube.ide.mcu.externaltools.gnu-tools-for-stm32.13.3.rel1.linux64_1.0.0.202410170706/tools/bin/../lib/gcc/arm-none-eabi/13.3.1/thumb/v7-m/nofp/libgcc.a
LOAD /opt/st/stm32cubeide_1.19.0/plugins/com.st.stm32cube.ide.mcu.externaltools.gnu-tools-for-stm32.13.3.rel1.linux64_1.0.0.202410170706/tools/bin/../lib/gcc/arm-none-eabi/13.3.1/../../../../arm-none-eabi/lib/thumb/v7-m/nofp/libc_nano.a
LOAD /opt/st/stm32cubeide_1.19.0/plugins/com.st.stm32cube.ide.mcu.externaltools.gnu-tools-for-stm32.13.3.rel1.linux64_1.0.0.202410170706/tools/bin/../lib/gcc/arm-none-eabi/13.3.1/../../../../arm-none-eabi/lib/thumb/v7-m/nofp/libnosys.a
END GROUP
LOAD /opt/st/stm32cubeide_1.19.0/plugins/com.st.stm32cube.ide.mcu.externaltools.gnu-tools-for-stm32.13.3.rel1.linux64_1.0.0.202410170706/tools/bin/../lib/gcc/arm-none-eabi/13.3.1/thumb/v7-m/nofp/crtend.o
LOAD /opt/st/stm32cubeide_1.19.0/plugins/com.st.stm32cube.ide.mcu.externaltools.gnu-tools-for-stm32.13.3.rel1.linux64_1.0.0.202410170706/tools/bin/../lib/gcc/arm-none-eabi/13.3.1/thumb/v7-m/nofp/crtn.o
                0x2000c000                        _estack = (ORIGIN (RAM) + LENGTH (RAM))
                0x00000200                        _Min_Heap_Size = 0x200
                0x00000400                        _Min_Stack_Size = 0x400

.isr_vector     0x08000000      0x1e4
                0x08000000                        . = ALIGN (0x4)
 *(.isr_vector)
 .isr_vector    0x08000000      0x1e4 ./Core/Startup/startup_stm32f103rctx.o
                0x08000000                g_pfnVectors
                0x080001e4                        . = ALIGN (0x4)

.text           0x080001e4     0x97f4
                0x080001e4                        . = ALIGN (0x4)
 *(.text)
 .text          0x080001e4       0x40 /opt/st/stm32cubeide_1.19.0/plugins/com.st.stm32cube.ide.mcu.externaltools.gnu-tools-for-stm32.13.3.rel1.linux64_1.0.0.202410170706/tools/bin/../lib/gcc/arm-none-eabi/13.3.1/thumb/v7-m/nofp/crtbegin.o
 .text          0x08000224      0x378 /opt/st/stm32cubeide_1.19.0/plugins/com.st.stm32cube.ide.mcu.externaltools.gnu-tools-for-stm32.13.3.rel1.linux64_1.0.0.202410170706/tools/bin/../lib/gcc/arm-none-eabi/13.3.1/thumb/v7-m/nofp/libgcc.a(_arm_addsubdf3.o)
                0x08000224                __aeabi_drsub
                0x0800022c                __aeabi_dsub
                0x0800022c                __subdf3
                0x08000230                __adddf3
                0x08000230                __aeabi_dadd
                0x080004a8                __aeabi_ui2d
                0x080004a8                __floatunsidf
                0x080004c8                __floatsidf
                0x080004c8                __aeabi_i2d
                0x080004ec                __extendsfdf2
                0x080004ec                __aeabi_f2d
                0x08000530                __aeabi_ul2d
                0x08000530                __floatundidf
                0x08000540                __floatdidf
                0x08000540                __aeabi_l2d
 .text          0x0800059c       0xa0 /opt/st/stm32cubeide_1.19.0/plugins/com.st.stm32cube.ide.mcu.externaltools.gnu-tools-for-stm32.13.3.rel1.linux64_1.0.0.202410170706/tools/bin/../lib/gcc/arm-none-eabi/13.3.1/thumb/v7-m/nofp/libgcc.a(_arm_truncdfsf2.o)
                0x0800059c                __aeabi_d2f
                0x0800059c                __truncdfsf2
 .text          0x0800063c      0x21c /opt/st/stm32cubeide_1.19.0/plugins/com.st.stm32cube.ide.mcu.externaltools.gnu-tools-for-stm32.13.3.rel1.linux64_1.0.0.202410170706/tools/bin/../lib/gcc/arm-none-eabi/13.3.1/thumb/v7-m/nofp/libgcc.a(_arm_addsubsf3.o)
                0x0800063c                __aeabi_frsub
                0x08000644                __subsf3
                0x08000644                __aeabi_fsub
                0x08000648                __aeabi_fadd
                0x08000648                __addsf3
                0x080007a8                __aeabi_ui2f
                0x080007a8                __floatunsisf
                0x080007b0                __aeabi_i2f
                0x080007b0                __floatsisf
                0x080007cc                __floatundisf
                0x080007cc                __aeabi_ul2f
                0x080007dc                __floatdisf
                0x080007dc                __aeabi_l2f
 .text          0x08000858      0x2a0 /opt/st/stm32cubeide_1.19.0/plugins/com.st.stm32cube.ide.mcu.externaltools.gnu-tools-for-stm32.13.3.rel1.linux64_1.0.0.202410170706/tools/bin/../lib/gcc/arm-none-eabi/13.3.1/thumb/v7-m/nofp/libgcc.a(_arm_muldivsf3.o)
                0x08000858                __mulsf3
                0x08000858                __aeabi_fmul
                0x080009c0                __divsf3
                0x080009c0                __aeabi_fdiv
 .text          0x08000af8       0xec /opt/st/stm32cubeide_1.19.0/plugins/com.st.stm32cube.ide.mcu.externaltools.gnu-tools-for-stm32.13.3.rel1.linux64_1.0.0.202410170706/tools/bin/../lib/gcc/arm-none-eabi/13.3.1/thumb/v7-m/nofp/libgcc.a(_arm_cmpsf2.o)
                0x08000af8                __gtsf2
                0x08000af8                __gesf2
                0x08000b00                __lesf2
                0x08000b00                __ltsf2
                0x08000b08                __nesf2
                0x08000b08                __eqsf2
                0x08000b08                __cmpsf2
                0x08000b68                __aeabi_cfrcmple
                0x08000b70                __aeabi_cfcmple
                0x08000b70                __aeabi_cfcmpeq
                0x08000b80                __aeabi_fcmpeq
                0x08000b94                __aeabi_fcmplt
                0x08000ba8                __aeabi_fcmple
                0x08000bbc                __aeabi_fcmpge
                0x08000bd0                __aeabi_fcmpgt
 .text          0x08000be4       0x4c /opt/st/stm32cubeide_1.19.0/plugins/com.st.stm32cube.ide.mcu.externaltools.gnu-tools-for-stm32.13.3.rel1.linux64_1.0.0.202410170706/tools/bin/../lib/gcc/arm-none-eabi/13.3.1/thumb/v7-m/nofp/libgcc.a(_arm_fixsfsi.o)
                0x08000be4                __fixsfsi
                0x08000be4                __aeabi_f2iz
 *(.text*)
 .text.Bsp_Led_Show_State_Handle
                0x08000c30       0x34 ./BSP/bsp.o
                0x08000c30                Bsp_Led_Show_State_Handle
 .text.Bsp_Init
                0x08000c64       0x26 ./BSP/bsp.o
                0x08000c64                Bsp_Init
 *fill*         0x08000c8a        0x2 
 .text.Bsp_Loop
                0x08000c8c      0x1e0 ./BSP/bsp.o
                0x08000c8c                Bsp_Loop
 .text.Beep_Set_Time
                0x08000e6c       0x20 ./BSP/bsp_beep.o
 .text.Beep_Get_Time
                0x08000e8c       0x14 ./BSP/bsp_beep.o
 .text.Beep_Set_State
                0x08000ea0       0x20 ./BSP/bsp_beep.o
 .text.Beep_Get_State
                0x08000ec0       0x14 ./BSP/bsp_beep.o
 .text.Beep_On_Time
                0x08000ed4       0x80 ./BSP/bsp_beep.o
                0x08000ed4                Beep_On_Time
 .text.Beep_Timeout_Close_Handle
                0x08000f54       0x44 ./BSP/bsp_beep.o
                0x08000f54                Beep_Timeout_Close_Handle
 .text.Encoder_Read_CNT
                0x08000f98       0x84 ./BSP/bsp_encoder.o
 .text.Encoder_Get_ALL
                0x0800101c       0x48 ./BSP/bsp_encoder.o
                0x0800101c                Encoder_Get_ALL
 .text.Encoder_Update_Count
                0x08001064       0x68 ./BSP/bsp_encoder.o
                0x08001064                Encoder_Update_Count
 .text.Encoder_Init
                0x080010cc       0x38 ./BSP/bsp_encoder.o
                0x080010cc                Encoder_Init
 .text.Key1_is_Press
                0x08001104       0x20 ./BSP/bsp_key.o
 .text.Key1_State
                0x08001124       0x54 ./BSP/bsp_key.o
                0x08001124                Key1_State
 .text.Motion_Set_Pwm
                0x08001178       0xc4 ./BSP/bsp_motion.o
                0x08001178                Motion_Set_Pwm
 .text.Motion_Stop
                0x0800123c       0x38 ./BSP/bsp_motion.o
                0x0800123c                Motion_Stop
 .text.Motion_Set_Speed
                0x08001274       0x88 ./BSP/bsp_motion.o
                0x08001274                Motion_Set_Speed
 .text.Motion_Get_Speed
                0x080012fc      0x1c0 ./BSP/bsp_motion.o
                0x080012fc                Motion_Get_Speed
 .text.Motion_Get_APB
                0x080014bc       0x14 ./BSP/bsp_motion.o
                0x080014bc                Motion_Get_APB
 .text.Motion_Get_Circle_MM
                0x080014d0       0x14 ./BSP/bsp_motion.o
                0x080014d0                Motion_Get_Circle_MM
 .text.Motion_Get_Encoder
                0x080014e4       0x64 ./BSP/bsp_motion.o
                0x080014e4                Motion_Get_Encoder
 .text.Motion_Ctrl
                0x08001548      0x17c ./BSP/bsp_motion.o
                0x08001548                Motion_Ctrl
 .text.Motion_Handle
                0x080016c4       0x64 ./BSP/bsp_motion.o
                0x080016c4                Motion_Handle
 .text.Motor_Ignore_Dead_Zone
                0x08001728       0x3e ./BSP/bsp_motor.o
 *fill*         0x08001766        0x2 
 .text.Motor_Init
                0x08001768       0x50 ./BSP/bsp_motor.o
                0x08001768                Motor_Init
 .text.Motor_Stop
                0x080017b8       0x98 ./BSP/bsp_motor.o
                0x080017b8                Motor_Stop
 .text.Motor_Set_Pwm
                0x08001850      0x128 ./BSP/bsp_motor.o
                0x08001850                Motor_Set_Pwm
 .text.PID_Param_Init
                0x08001978       0xf0 ./BSP/bsp_pid.o
                0x08001978                PID_Param_Init
 .text.PID_Incre_Calc
                0x08001a68      0x110 ./BSP/bsp_pid.o
                0x08001a68                PID_Incre_Calc
 .text.PID_Calc_Motor
                0x08001b78       0x50 ./BSP/bsp_pid.o
                0x08001b78                PID_Calc_Motor
 .text.PID_Clear_Motor
                0x08001bc8      0x118 ./BSP/bsp_pid.o
                0x08001bc8                PID_Clear_Motor
 .text.PID_Set_Motor_Target
                0x08001ce0       0x60 ./BSP/bsp_pid.o
                0x08001ce0                PID_Set_Motor_Target
 .text.PwmServo_Angle_To_Pulse
                0x08001d40       0x38 ./BSP/bsp_pwmServo.o
 .text.PwmServo_Handle
                0x08001d78       0xb8 ./BSP/bsp_pwmServo.o
                0x08001d78                PwmServo_Handle
 .text.PwmServo_Init
                0x08001e30       0x50 ./BSP/bsp_pwmServo.o
                0x08001e30                PwmServo_Init
 .text.PwmServo_Set_Angle
                0x08001e80       0x50 ./BSP/bsp_pwmServo.o
                0x08001e80                PwmServo_Set_Angle
 .text.PwmServo_Set_Angle_All
                0x08001ed0       0xa0 ./BSP/bsp_pwmServo.o
                0x08001ed0                PwmServo_Set_Angle_All
 .text.HAL_TIM_PeriodElapsedCallback
                0x08001f70       0x24 ./BSP/bsp_pwmServo.o
                0x08001f70                HAL_TIM_PeriodElapsedCallback
 .text.USART1_Init
                0x08001f94       0x1c ./BSP/bsp_uart.o
                0x08001f94                USART1_Init
 .text.USART1_Send_U8
                0x08001fb0       0x24 ./BSP/bsp_uart.o
                0x08001fb0                USART1_Send_U8
 .text.HAL_UART_RxCpltCallback
                0x08001fd4       0x2c ./BSP/bsp_uart.o
                0x08001fd4                HAL_UART_RxCpltCallback
 .text.__io_putchar
                0x08002000       0x24 ./BSP/bsp_uart.o
                0x08002000                __io_putchar
 .text.I2C_Slave_Init
                0x08002024       0x3c ./BSP/i2c_slave.o
                0x08002024                I2C_Slave_Init
 .text.I2C_Get_Next_Command
                0x08002060       0x58 ./BSP/i2c_slave.o
                0x08002060                I2C_Get_Next_Command
 .text.HAL_I2C_AddrCallback
                0x080020b8       0x34 ./BSP/i2c_slave.o
                0x080020b8                HAL_I2C_AddrCallback
 .text.HAL_I2C_SlaveRxCpltCallback
                0x080020ec       0x84 ./BSP/i2c_slave.o
                0x080020ec                HAL_I2C_SlaveRxCpltCallback
 .text.HAL_I2C_ListenCpltCallback
                0x08002170       0x16 ./BSP/i2c_slave.o
                0x08002170                HAL_I2C_ListenCpltCallback
 .text.HAL_I2C_ErrorCallback
                0x08002186       0x16 ./BSP/i2c_slave.o
                0x08002186                HAL_I2C_ErrorCallback
 .text.RingBuffer_Init
                0x0800219c       0x36 ./BSP/i2c_slave.o
                0x0800219c                RingBuffer_Init
 .text.RingBuffer_IsEmpty
                0x080021d2       0x28 ./BSP/i2c_slave.o
                0x080021d2                RingBuffer_IsEmpty
 .text.RingBuffer_IsFull
                0x080021fa       0x1e ./BSP/i2c_slave.o
                0x080021fa                RingBuffer_IsFull
 .text.RingBuffer_Push
                0x08002218       0x94 ./BSP/i2c_slave.o
                0x08002218                RingBuffer_Push
 .text.RingBuffer_Pop
                0x080022ac       0x96 ./BSP/i2c_slave.o
                0x080022ac                RingBuffer_Pop
 *fill*         0x08002342        0x2 
 .text.MX_DMA_Init
                0x08002344       0x4c ./Core/Src/dma.o
                0x08002344                MX_DMA_Init
 .text.MX_GPIO_Init
                0x08002390       0xe8 ./Core/Src/gpio.o
                0x08002390                MX_GPIO_Init
 .text.MX_I2C2_Init
                0x08002478       0x5c ./Core/Src/i2c.o
                0x08002478                MX_I2C2_Init
 .text.HAL_I2C_MspInit
                0x080024d4       0xa0 ./Core/Src/i2c.o
                0x080024d4                HAL_I2C_MspInit
 .text.main     0x08002574       0x42 ./Core/Src/main.o
                0x08002574                main
 .text.SystemClock_Config
                0x080025b6       0x8a ./Core/Src/main.o
                0x080025b6                SystemClock_Config
 .text.Error_Handler
                0x08002640        0xc ./Core/Src/main.o
                0x08002640                Error_Handler
 .text.HAL_MspInit
                0x0800264c       0x64 ./Core/Src/stm32f1xx_hal_msp.o
                0x0800264c                HAL_MspInit
 .text.NMI_Handler
                0x080026b0        0x8 ./Core/Src/stm32f1xx_it.o
                0x080026b0                NMI_Handler
 .text.HardFault_Handler
                0x080026b8        0x8 ./Core/Src/stm32f1xx_it.o
                0x080026b8                HardFault_Handler
 .text.MemManage_Handler
                0x080026c0        0x8 ./Core/Src/stm32f1xx_it.o
                0x080026c0                MemManage_Handler
 .text.BusFault_Handler
                0x080026c8        0x8 ./Core/Src/stm32f1xx_it.o
                0x080026c8                BusFault_Handler
 .text.UsageFault_Handler
                0x080026d0        0x8 ./Core/Src/stm32f1xx_it.o
                0x080026d0                UsageFault_Handler
 .text.SVC_Handler
                0x080026d8        0xc ./Core/Src/stm32f1xx_it.o
                0x080026d8                SVC_Handler
 .text.DebugMon_Handler
                0x080026e4        0xc ./Core/Src/stm32f1xx_it.o
                0x080026e4                DebugMon_Handler
 .text.PendSV_Handler
                0x080026f0        0xc ./Core/Src/stm32f1xx_it.o
                0x080026f0                PendSV_Handler
 .text.SysTick_Handler
                0x080026fc        0xc ./Core/Src/stm32f1xx_it.o
                0x080026fc                SysTick_Handler
 .text.DMA1_Channel4_IRQHandler
                0x08002708       0x14 ./Core/Src/stm32f1xx_it.o
                0x08002708                DMA1_Channel4_IRQHandler
 .text.DMA1_Channel5_IRQHandler
                0x0800271c       0x14 ./Core/Src/stm32f1xx_it.o
                0x0800271c                DMA1_Channel5_IRQHandler
 .text.I2C2_EV_IRQHandler
                0x08002730       0x14 ./Core/Src/stm32f1xx_it.o
                0x08002730                I2C2_EV_IRQHandler
 .text.I2C2_ER_IRQHandler
                0x08002744       0x14 ./Core/Src/stm32f1xx_it.o
                0x08002744                I2C2_ER_IRQHandler
 .text.USART1_IRQHandler
                0x08002758       0x14 ./Core/Src/stm32f1xx_it.o
                0x08002758                USART1_IRQHandler
 .text.TIM7_IRQHandler
                0x0800276c       0x14 ./Core/Src/stm32f1xx_it.o
                0x0800276c                TIM7_IRQHandler
 .text._read    0x08002780       0x3a ./Core/Src/syscalls.o
                0x08002780                _read
 .text._write   0x080027ba       0x38 ./Core/Src/syscalls.o
                0x080027ba                _write
 .text._close   0x080027f2       0x16 ./Core/Src/syscalls.o
                0x080027f2                _close
 .text._fstat   0x08002808       0x1e ./Core/Src/syscalls.o
                0x08002808                _fstat
 .text._isatty  0x08002826       0x14 ./Core/Src/syscalls.o
                0x08002826                _isatty
 .text._lseek   0x0800283a       0x18 ./Core/Src/syscalls.o
                0x0800283a                _lseek
 *fill*         0x08002852        0x2 
 .text._sbrk    0x08002854       0x6c ./Core/Src/sysmem.o
                0x08002854                _sbrk
 .text.SystemInit
                0x080028c0        0xc ./Core/Src/system_stm32f1xx.o
                0x080028c0                SystemInit
 .text.MX_TIM1_Init
                0x080028cc      0x188 ./Core/Src/tim.o
                0x080028cc                MX_TIM1_Init
 .text.MX_TIM2_Init
                0x08002a54       0xa8 ./Core/Src/tim.o
                0x08002a54                MX_TIM2_Init
 .text.MX_TIM3_Init
                0x08002afc       0xa8 ./Core/Src/tim.o
                0x08002afc                MX_TIM3_Init
 .text.MX_TIM4_Init
                0x08002ba4       0xa8 ./Core/Src/tim.o
                0x08002ba4                MX_TIM4_Init
 .text.MX_TIM5_Init
                0x08002c4c       0xa8 ./Core/Src/tim.o
                0x08002c4c                MX_TIM5_Init
 .text.MX_TIM7_Init
                0x08002cf4       0x70 ./Core/Src/tim.o
                0x08002cf4                MX_TIM7_Init
 .text.MX_TIM8_Init
                0x08002d64      0x188 ./Core/Src/tim.o
                0x08002d64                MX_TIM8_Init
 .text.HAL_TIM_Base_MspInit
                0x08002eec       0x9c ./Core/Src/tim.o
                0x08002eec                HAL_TIM_Base_MspInit
 .text.HAL_TIM_Encoder_MspInit
                0x08002f88      0x1e0 ./Core/Src/tim.o
                0x08002f88                HAL_TIM_Encoder_MspInit
 .text.HAL_TIM_MspPostInit
                0x08003168      0x108 ./Core/Src/tim.o
                0x08003168                HAL_TIM_MspPostInit
 .text.MX_USART1_UART_Init
                0x08003270       0x54 ./Core/Src/usart.o
                0x08003270                MX_USART1_UART_Init
 .text.HAL_UART_MspInit
                0x080032c4      0x154 ./Core/Src/usart.o
                0x080032c4                HAL_UART_MspInit
 .text.Reset_Handler
                0x08003418       0x48 ./Core/Startup/startup_stm32f103rctx.o
                0x08003418                Reset_Handler
 .text.Default_Handler
                0x08003460        0x2 ./Core/Startup/startup_stm32f103rctx.o
                0x08003460                RTC_Alarm_IRQHandler
                0x08003460                EXTI2_IRQHandler
                0x08003460                TIM8_TRG_COM_IRQHandler
                0x08003460                TIM8_CC_IRQHandler
                0x08003460                TIM1_CC_IRQHandler
                0x08003460                TIM6_IRQHandler
                0x08003460                PVD_IRQHandler
                0x08003460                SDIO_IRQHandler
                0x08003460                EXTI3_IRQHandler
                0x08003460                EXTI0_IRQHandler
                0x08003460                ADC1_2_IRQHandler
                0x08003460                SPI1_IRQHandler
                0x08003460                TAMPER_IRQHandler
                0x08003460                TIM8_UP_IRQHandler
                0x08003460                DMA2_Channel2_IRQHandler
                0x08003460                USART3_IRQHandler
                0x08003460                RTC_IRQHandler
                0x08003460                DMA1_Channel7_IRQHandler
                0x08003460                CAN1_RX1_IRQHandler
                0x08003460                UART5_IRQHandler
                0x08003460                ADC3_IRQHandler
                0x08003460                TIM4_IRQHandler
                0x08003460                DMA2_Channel1_IRQHandler
                0x08003460                I2C1_EV_IRQHandler
                0x08003460                DMA1_Channel6_IRQHandler
                0x08003460                UART4_IRQHandler
                0x08003460                TIM3_IRQHandler
                0x08003460                RCC_IRQHandler
                0x08003460                TIM1_TRG_COM_IRQHandler
                0x08003460                DMA1_Channel1_IRQHandler
                0x08003460                Default_Handler
                0x08003460                EXTI15_10_IRQHandler
                0x08003460                TIM5_IRQHandler
                0x08003460                EXTI9_5_IRQHandler
                0x08003460                SPI2_IRQHandler
                0x08003460                EXTI4_IRQHandler
                0x08003460                USB_LP_CAN1_RX0_IRQHandler
                0x08003460                USB_HP_CAN1_TX_IRQHandler
                0x08003460                DMA1_Channel3_IRQHandler
                0x08003460                FSMC_IRQHandler
                0x08003460                TIM1_UP_IRQHandler
                0x08003460                WWDG_IRQHandler
                0x08003460                TIM2_IRQHandler
                0x08003460                TIM1_BRK_IRQHandler
                0x08003460                EXTI1_IRQHandler
                0x08003460                DMA2_Channel4_5_IRQHandler
                0x08003460                USART2_IRQHandler
                0x08003460                DMA1_Channel2_IRQHandler
                0x08003460                TIM8_BRK_IRQHandler
                0x08003460                CAN1_SCE_IRQHandler
                0x08003460                FLASH_IRQHandler
                0x08003460                SPI3_IRQHandler
                0x08003460                I2C1_ER_IRQHandler
                0x08003460                USBWakeUp_IRQHandler
                0x08003460                DMA2_Channel3_IRQHandler
 *fill*         0x08003462        0x2 
 .text.HAL_Init
                0x08003464       0x2c ./Drivers/STM32F1xx_HAL_Driver/Src/stm32f1xx_hal.o
                0x08003464                HAL_Init
 .text.HAL_InitTick
                0x08003490       0x60 ./Drivers/STM32F1xx_HAL_Driver/Src/stm32f1xx_hal.o
                0x08003490                HAL_InitTick
 .text.HAL_IncTick
                0x080034f0       0x24 ./Drivers/STM32F1xx_HAL_Driver/Src/stm32f1xx_hal.o
                0x080034f0                HAL_IncTick
 .text.HAL_GetTick
                0x08003514       0x14 ./Drivers/STM32F1xx_HAL_Driver/Src/stm32f1xx_hal.o
                0x08003514                HAL_GetTick
 .text.HAL_Delay
                0x08003528       0x48 ./Drivers/STM32F1xx_HAL_Driver/Src/stm32f1xx_hal.o
                0x08003528                HAL_Delay
 .text.__NVIC_SetPriorityGrouping
                0x08003570       0x48 ./Drivers/STM32F1xx_HAL_Driver/Src/stm32f1xx_hal_cortex.o
 .text.__NVIC_GetPriorityGrouping
                0x080035b8       0x1c ./Drivers/STM32F1xx_HAL_Driver/Src/stm32f1xx_hal_cortex.o
 .text.__NVIC_EnableIRQ
                0x080035d4       0x38 ./Drivers/STM32F1xx_HAL_Driver/Src/stm32f1xx_hal_cortex.o
 .text.__NVIC_SetPriority
                0x0800360c       0x54 ./Drivers/STM32F1xx_HAL_Driver/Src/stm32f1xx_hal_cortex.o
 .text.NVIC_EncodePriority
                0x08003660       0x64 ./Drivers/STM32F1xx_HAL_Driver/Src/stm32f1xx_hal_cortex.o
 .text.SysTick_Config
                0x080036c4       0x44 ./Drivers/STM32F1xx_HAL_Driver/Src/stm32f1xx_hal_cortex.o
 .text.HAL_NVIC_SetPriorityGrouping
                0x08003708       0x16 ./Drivers/STM32F1xx_HAL_Driver/Src/stm32f1xx_hal_cortex.o
                0x08003708                HAL_NVIC_SetPriorityGrouping
 .text.HAL_NVIC_SetPriority
                0x0800371e       0x38 ./Drivers/STM32F1xx_HAL_Driver/Src/stm32f1xx_hal_cortex.o
                0x0800371e                HAL_NVIC_SetPriority
 .text.HAL_NVIC_EnableIRQ
                0x08003756       0x1c ./Drivers/STM32F1xx_HAL_Driver/Src/stm32f1xx_hal_cortex.o
                0x08003756                HAL_NVIC_EnableIRQ
 .text.HAL_SYSTICK_Config
                0x08003772       0x18 ./Drivers/STM32F1xx_HAL_Driver/Src/stm32f1xx_hal_cortex.o
                0x08003772                HAL_SYSTICK_Config
 *fill*         0x0800378a        0x2 
 .text.HAL_DMA_Init
                0x0800378c       0xec ./Drivers/STM32F1xx_HAL_Driver/Src/stm32f1xx_hal_dma.o
                0x0800378c                HAL_DMA_Init
 .text.HAL_DMA_Abort
                0x08003878       0x76 ./Drivers/STM32F1xx_HAL_Driver/Src/stm32f1xx_hal_dma.o
                0x08003878                HAL_DMA_Abort
 *fill*         0x080038ee        0x2 
 .text.HAL_DMA_Abort_IT
                0x080038f0      0x210 ./Drivers/STM32F1xx_HAL_Driver/Src/stm32f1xx_hal_dma.o
                0x080038f0                HAL_DMA_Abort_IT
 .text.HAL_DMA_IRQHandler
                0x08003b00      0x478 ./Drivers/STM32F1xx_HAL_Driver/Src/stm32f1xx_hal_dma.o
                0x08003b00                HAL_DMA_IRQHandler
 .text.HAL_DMA_GetState
                0x08003f78       0x1a ./Drivers/STM32F1xx_HAL_Driver/Src/stm32f1xx_hal_dma.o
                0x08003f78                HAL_DMA_GetState
 *fill*         0x08003f92        0x2 
 .text.HAL_GPIO_Init
                0x08003f94      0x328 ./Drivers/STM32F1xx_HAL_Driver/Src/stm32f1xx_hal_gpio.o
                0x08003f94                HAL_GPIO_Init
 .text.HAL_GPIO_ReadPin
                0x080042bc       0x2e ./Drivers/STM32F1xx_HAL_Driver/Src/stm32f1xx_hal_gpio.o
                0x080042bc                HAL_GPIO_ReadPin
 .text.HAL_GPIO_WritePin
                0x080042ea       0x30 ./Drivers/STM32F1xx_HAL_Driver/Src/stm32f1xx_hal_gpio.o
                0x080042ea                HAL_GPIO_WritePin
 .text.HAL_GPIO_TogglePin
                0x0800431a       0x32 ./Drivers/STM32F1xx_HAL_Driver/Src/stm32f1xx_hal_gpio.o
                0x0800431a                HAL_GPIO_TogglePin
 .text.HAL_I2C_Init
                0x0800434c      0x288 ./Drivers/STM32F1xx_HAL_Driver/Src/stm32f1xx_hal_i2c.o
                0x0800434c                HAL_I2C_Init
 .text.I2C_Flush_DR
                0x080045d4       0x28 ./Drivers/STM32F1xx_HAL_Driver/Src/stm32f1xx_hal_i2c.o
 .text.HAL_I2C_Slave_Seq_Receive_IT
                0x080045fc       0xe4 ./Drivers/STM32F1xx_HAL_Driver/Src/stm32f1xx_hal_i2c.o
                0x080045fc                HAL_I2C_Slave_Seq_Receive_IT
 .text.HAL_I2C_EnableListen_IT
                0x080046e0       0x6a ./Drivers/STM32F1xx_HAL_Driver/Src/stm32f1xx_hal_i2c.o
                0x080046e0                HAL_I2C_EnableListen_IT
 .text.HAL_I2C_EV_IRQHandler
                0x0800474a      0x2e2 ./Drivers/STM32F1xx_HAL_Driver/Src/stm32f1xx_hal_i2c.o
                0x0800474a                HAL_I2C_EV_IRQHandler
 .text.HAL_I2C_ER_IRQHandler
                0x08004a2c      0x15e ./Drivers/STM32F1xx_HAL_Driver/Src/stm32f1xx_hal_i2c.o
                0x08004a2c                HAL_I2C_ER_IRQHandler
 .text.HAL_I2C_MasterTxCpltCallback
                0x08004b8a       0x12 ./Drivers/STM32F1xx_HAL_Driver/Src/stm32f1xx_hal_i2c.o
                0x08004b8a                HAL_I2C_MasterTxCpltCallback
 .text.HAL_I2C_MasterRxCpltCallback
                0x08004b9c       0x12 ./Drivers/STM32F1xx_HAL_Driver/Src/stm32f1xx_hal_i2c.o
                0x08004b9c                HAL_I2C_MasterRxCpltCallback
 .text.HAL_I2C_SlaveTxCpltCallback
                0x08004bae       0x12 ./Drivers/STM32F1xx_HAL_Driver/Src/stm32f1xx_hal_i2c.o
                0x08004bae                HAL_I2C_SlaveTxCpltCallback
 .text.HAL_I2C_MemTxCpltCallback
                0x08004bc0       0x12 ./Drivers/STM32F1xx_HAL_Driver/Src/stm32f1xx_hal_i2c.o
                0x08004bc0                HAL_I2C_MemTxCpltCallback
 .text.HAL_I2C_MemRxCpltCallback
                0x08004bd2       0x12 ./Drivers/STM32F1xx_HAL_Driver/Src/stm32f1xx_hal_i2c.o
                0x08004bd2                HAL_I2C_MemRxCpltCallback
 .text.HAL_I2C_AbortCpltCallback
                0x08004be4       0x12 ./Drivers/STM32F1xx_HAL_Driver/Src/stm32f1xx_hal_i2c.o
                0x08004be4                HAL_I2C_AbortCpltCallback
 .text.I2C_MasterTransmit_TXE
                0x08004bf6      0x138 ./Drivers/STM32F1xx_HAL_Driver/Src/stm32f1xx_hal_i2c.o
 .text.I2C_MasterTransmit_BTF
                0x08004d2e       0xec ./Drivers/STM32F1xx_HAL_Driver/Src/stm32f1xx_hal_i2c.o
 .text.I2C_MemoryTransmit_TXE_BTF
                0x08004e1a      0x130 ./Drivers/STM32F1xx_HAL_Driver/Src/stm32f1xx_hal_i2c.o
 .text.I2C_MasterReceive_RXNE
                0x08004f4a      0x190 ./Drivers/STM32F1xx_HAL_Driver/Src/stm32f1xx_hal_i2c.o
 .text.I2C_MasterReceive_BTF
                0x080050da      0x1e2 ./Drivers/STM32F1xx_HAL_Driver/Src/stm32f1xx_hal_i2c.o
 .text.I2C_Master_SB
                0x080052bc      0x10a ./Drivers/STM32F1xx_HAL_Driver/Src/stm32f1xx_hal_i2c.o
 .text.I2C_Master_ADD10
                0x080053c6       0x52 ./Drivers/STM32F1xx_HAL_Driver/Src/stm32f1xx_hal_i2c.o
 .text.I2C_Master_ADDR
                0x08005418      0x336 ./Drivers/STM32F1xx_HAL_Driver/Src/stm32f1xx_hal_i2c.o
 .text.I2C_SlaveTransmit_TXE
                0x0800574e       0x7a ./Drivers/STM32F1xx_HAL_Driver/Src/stm32f1xx_hal_i2c.o
 .text.I2C_SlaveTransmit_BTF
                0x080057c8       0x40 ./Drivers/STM32F1xx_HAL_Driver/Src/stm32f1xx_hal_i2c.o
 .text.I2C_SlaveReceive_RXNE
                0x08005808       0x7c ./Drivers/STM32F1xx_HAL_Driver/Src/stm32f1xx_hal_i2c.o
 .text.I2C_SlaveReceive_BTF
                0x08005884       0x42 ./Drivers/STM32F1xx_HAL_Driver/Src/stm32f1xx_hal_i2c.o
 .text.I2C_Slave_ADDR
                0x080058c6       0x94 ./Drivers/STM32F1xx_HAL_Driver/Src/stm32f1xx_hal_i2c.o
 *fill*         0x0800595a        0x2 
 .text.I2C_Slave_STOPF
                0x0800595c      0x260 ./Drivers/STM32F1xx_HAL_Driver/Src/stm32f1xx_hal_i2c.o
 .text.I2C_Slave_AF
                0x08005bbc       0xe8 ./Drivers/STM32F1xx_HAL_Driver/Src/stm32f1xx_hal_i2c.o
 .text.I2C_ITError
                0x08005ca4      0x264 ./Drivers/STM32F1xx_HAL_Driver/Src/stm32f1xx_hal_i2c.o
 .text.I2C_DMAAbort
                0x08005f08      0x150 ./Drivers/STM32F1xx_HAL_Driver/Src/stm32f1xx_hal_i2c.o
 .text.I2C_WaitOnSTOPRequestThroughIT
                0x08006058       0x64 ./Drivers/STM32F1xx_HAL_Driver/Src/stm32f1xx_hal_i2c.o
 .text.I2C_ConvertOtherXferOptions
                0x080060bc       0x34 ./Drivers/STM32F1xx_HAL_Driver/Src/stm32f1xx_hal_i2c.o
 .text.HAL_RCC_OscConfig
                0x080060f0      0x504 ./Drivers/STM32F1xx_HAL_Driver/Src/stm32f1xx_hal_rcc.o
                0x080060f0                HAL_RCC_OscConfig
 .text.HAL_RCC_ClockConfig
                0x080065f4      0x1d4 ./Drivers/STM32F1xx_HAL_Driver/Src/stm32f1xx_hal_rcc.o
                0x080065f4                HAL_RCC_ClockConfig
 .text.HAL_RCC_GetSysClockFreq
                0x080067c8       0xa8 ./Drivers/STM32F1xx_HAL_Driver/Src/stm32f1xx_hal_rcc.o
                0x080067c8                HAL_RCC_GetSysClockFreq
 .text.HAL_RCC_GetHCLKFreq
                0x08006870       0x14 ./Drivers/STM32F1xx_HAL_Driver/Src/stm32f1xx_hal_rcc.o
                0x08006870                HAL_RCC_GetHCLKFreq
 .text.HAL_RCC_GetPCLK1Freq
                0x08006884       0x28 ./Drivers/STM32F1xx_HAL_Driver/Src/stm32f1xx_hal_rcc.o
                0x08006884                HAL_RCC_GetPCLK1Freq
 .text.HAL_RCC_GetPCLK2Freq
                0x080068ac       0x28 ./Drivers/STM32F1xx_HAL_Driver/Src/stm32f1xx_hal_rcc.o
                0x080068ac                HAL_RCC_GetPCLK2Freq
 .text.RCC_Delay
                0x080068d4       0x3c ./Drivers/STM32F1xx_HAL_Driver/Src/stm32f1xx_hal_rcc.o
 .text.HAL_TIM_Base_Init
                0x08006910       0x9e ./Drivers/STM32F1xx_HAL_Driver/Src/stm32f1xx_hal_tim.o
                0x08006910                HAL_TIM_Base_Init
 *fill*         0x080069ae        0x2 
 .text.HAL_TIM_Base_Start_IT
                0x080069b0       0xc0 ./Drivers/STM32F1xx_HAL_Driver/Src/stm32f1xx_hal_tim.o
                0x080069b0                HAL_TIM_Base_Start_IT
 .text.HAL_TIM_PWM_Init
                0x08006a70       0x9e ./Drivers/STM32F1xx_HAL_Driver/Src/stm32f1xx_hal_tim.o
                0x08006a70                HAL_TIM_PWM_Init
 .text.HAL_TIM_PWM_MspInit
                0x08006b0e       0x12 ./Drivers/STM32F1xx_HAL_Driver/Src/stm32f1xx_hal_tim.o
                0x08006b0e                HAL_TIM_PWM_MspInit
 .text.HAL_TIM_PWM_Start
                0x08006b20      0x174 ./Drivers/STM32F1xx_HAL_Driver/Src/stm32f1xx_hal_tim.o
                0x08006b20                HAL_TIM_PWM_Start
 .text.HAL_TIM_Encoder_Init
                0x08006c94      0x144 ./Drivers/STM32F1xx_HAL_Driver/Src/stm32f1xx_hal_tim.o
                0x08006c94                HAL_TIM_Encoder_Init
 .text.HAL_TIM_Encoder_Start
                0x08006dd8      0x11c ./Drivers/STM32F1xx_HAL_Driver/Src/stm32f1xx_hal_tim.o
                0x08006dd8                HAL_TIM_Encoder_Start
 .text.HAL_TIM_IRQHandler
                0x08006ef4      0x1e0 ./Drivers/STM32F1xx_HAL_Driver/Src/stm32f1xx_hal_tim.o
                0x08006ef4                HAL_TIM_IRQHandler
 .text.HAL_TIM_PWM_ConfigChannel
                0x080070d4      0x184 ./Drivers/STM32F1xx_HAL_Driver/Src/stm32f1xx_hal_tim.o
                0x080070d4                HAL_TIM_PWM_ConfigChannel
 .text.HAL_TIM_ConfigClockSource
                0x08007258      0x18e ./Drivers/STM32F1xx_HAL_Driver/Src/stm32f1xx_hal_tim.o
                0x08007258                HAL_TIM_ConfigClockSource
 .text.HAL_TIM_OC_DelayElapsedCallback
                0x080073e6       0x12 ./Drivers/STM32F1xx_HAL_Driver/Src/stm32f1xx_hal_tim.o
                0x080073e6                HAL_TIM_OC_DelayElapsedCallback
 .text.HAL_TIM_IC_CaptureCallback
                0x080073f8       0x12 ./Drivers/STM32F1xx_HAL_Driver/Src/stm32f1xx_hal_tim.o
                0x080073f8                HAL_TIM_IC_CaptureCallback
 .text.HAL_TIM_PWM_PulseFinishedCallback
                0x0800740a       0x12 ./Drivers/STM32F1xx_HAL_Driver/Src/stm32f1xx_hal_tim.o
                0x0800740a                HAL_TIM_PWM_PulseFinishedCallback
 .text.HAL_TIM_TriggerCallback
                0x0800741c       0x12 ./Drivers/STM32F1xx_HAL_Driver/Src/stm32f1xx_hal_tim.o
                0x0800741c                HAL_TIM_TriggerCallback
 *fill*         0x0800742e        0x2 
 .text.TIM_Base_SetConfig
                0x08007430      0x10c ./Drivers/STM32F1xx_HAL_Driver/Src/stm32f1xx_hal_tim.o
                0x08007430                TIM_Base_SetConfig
 .text.TIM_OC1_SetConfig
                0x0800753c       0xe0 ./Drivers/STM32F1xx_HAL_Driver/Src/stm32f1xx_hal_tim.o
 .text.TIM_OC2_SetConfig
                0x0800761c       0xe8 ./Drivers/STM32F1xx_HAL_Driver/Src/stm32f1xx_hal_tim.o
                0x0800761c                TIM_OC2_SetConfig
 .text.TIM_OC3_SetConfig
                0x08007704       0xe8 ./Drivers/STM32F1xx_HAL_Driver/Src/stm32f1xx_hal_tim.o
 .text.TIM_OC4_SetConfig
                0x080077ec       0xa8 ./Drivers/STM32F1xx_HAL_Driver/Src/stm32f1xx_hal_tim.o
 .text.TIM_TI1_ConfigInputStage
                0x08007894       0x5c ./Drivers/STM32F1xx_HAL_Driver/Src/stm32f1xx_hal_tim.o
 .text.TIM_TI2_ConfigInputStage
                0x080078f0       0x5e ./Drivers/STM32F1xx_HAL_Driver/Src/stm32f1xx_hal_tim.o
 .text.TIM_ITRx_SetConfig
                0x0800794e       0x34 ./Drivers/STM32F1xx_HAL_Driver/Src/stm32f1xx_hal_tim.o
 .text.TIM_ETR_SetConfig
                0x08007982       0x3e ./Drivers/STM32F1xx_HAL_Driver/Src/stm32f1xx_hal_tim.o
                0x08007982                TIM_ETR_SetConfig
 .text.TIM_CCxChannelCmd
                0x080079c0       0x48 ./Drivers/STM32F1xx_HAL_Driver/Src/stm32f1xx_hal_tim.o
                0x080079c0                TIM_CCxChannelCmd
 .text.HAL_TIMEx_PWMN_Start
                0x08007a08      0x158 ./Drivers/STM32F1xx_HAL_Driver/Src/stm32f1xx_hal_tim_ex.o
                0x08007a08                HAL_TIMEx_PWMN_Start
 .text.HAL_TIMEx_MasterConfigSynchronization
                0x08007b60       0xd8 ./Drivers/STM32F1xx_HAL_Driver/Src/stm32f1xx_hal_tim_ex.o
                0x08007b60                HAL_TIMEx_MasterConfigSynchronization
 .text.HAL_TIMEx_ConfigBreakDeadTime
                0x08007c38       0xa2 ./Drivers/STM32F1xx_HAL_Driver/Src/stm32f1xx_hal_tim_ex.o
                0x08007c38                HAL_TIMEx_ConfigBreakDeadTime
 .text.HAL_TIMEx_CommutCallback
                0x08007cda       0x12 ./Drivers/STM32F1xx_HAL_Driver/Src/stm32f1xx_hal_tim_ex.o
                0x08007cda                HAL_TIMEx_CommutCallback
 .text.HAL_TIMEx_BreakCallback
                0x08007cec       0x12 ./Drivers/STM32F1xx_HAL_Driver/Src/stm32f1xx_hal_tim_ex.o
                0x08007cec                HAL_TIMEx_BreakCallback
 .text.TIM_CCxNChannelCmd
                0x08007cfe       0x48 ./Drivers/STM32F1xx_HAL_Driver/Src/stm32f1xx_hal_tim_ex.o
 .text.HAL_UART_Init
                0x08007d46       0xa0 ./Drivers/STM32F1xx_HAL_Driver/Src/stm32f1xx_hal_uart.o
                0x08007d46                HAL_UART_Init
 .text.HAL_UART_Transmit
                0x08007de6      0x116 ./Drivers/STM32F1xx_HAL_Driver/Src/stm32f1xx_hal_uart.o
                0x08007de6                HAL_UART_Transmit
 .text.HAL_UART_Receive_IT
                0x08007efc       0x4a ./Drivers/STM32F1xx_HAL_Driver/Src/stm32f1xx_hal_uart.o
                0x08007efc                HAL_UART_Receive_IT
 *fill*         0x08007f46        0x2 
 .text.HAL_UART_IRQHandler
                0x08007f48      0x524 ./Drivers/STM32F1xx_HAL_Driver/Src/stm32f1xx_hal_uart.o
                0x08007f48                HAL_UART_IRQHandler
 .text.HAL_UART_TxCpltCallback
                0x0800846c       0x12 ./Drivers/STM32F1xx_HAL_Driver/Src/stm32f1xx_hal_uart.o
                0x0800846c                HAL_UART_TxCpltCallback
 .text.HAL_UART_ErrorCallback
                0x0800847e       0x12 ./Drivers/STM32F1xx_HAL_Driver/Src/stm32f1xx_hal_uart.o
                0x0800847e                HAL_UART_ErrorCallback
 .text.HAL_UARTEx_RxEventCallback
                0x08008490       0x16 ./Drivers/STM32F1xx_HAL_Driver/Src/stm32f1xx_hal_uart.o
                0x08008490                HAL_UARTEx_RxEventCallback
 .text.UART_WaitOnFlagUntilTimeout
                0x080084a6       0xb2 ./Drivers/STM32F1xx_HAL_Driver/Src/stm32f1xx_hal_uart.o
 .text.UART_Start_Receive_IT
                0x08008558       0x72 ./Drivers/STM32F1xx_HAL_Driver/Src/stm32f1xx_hal_uart.o
                0x08008558                UART_Start_Receive_IT
 .text.UART_EndRxTransfer
                0x080085ca       0xc4 ./Drivers/STM32F1xx_HAL_Driver/Src/stm32f1xx_hal_uart.o
 .text.UART_DMAAbortOnError
                0x0800868e       0x28 ./Drivers/STM32F1xx_HAL_Driver/Src/stm32f1xx_hal_uart.o
 .text.UART_Transmit_IT
                0x080086b6       0x9e ./Drivers/STM32F1xx_HAL_Driver/Src/stm32f1xx_hal_uart.o
 .text.UART_EndTransmit_IT
                0x08008754       0x30 ./Drivers/STM32F1xx_HAL_Driver/Src/stm32f1xx_hal_uart.o
 .text.UART_Receive_IT
                0x08008784      0x17c ./Drivers/STM32F1xx_HAL_Driver/Src/stm32f1xx_hal_uart.o
 .text.UART_SetConfig
                0x08008900      0x11c ./Drivers/STM32F1xx_HAL_Driver/Src/stm32f1xx_hal_uart.o
 .text.std      0x08008a1c       0x6c /opt/st/stm32cubeide_1.19.0/plugins/com.st.stm32cube.ide.mcu.externaltools.gnu-tools-for-stm32.13.3.rel1.linux64_1.0.0.202410170706/tools/bin/../lib/gcc/arm-none-eabi/13.3.1/../../../../arm-none-eabi/lib/thumb/v7-m/nofp/libc_nano.a(libc_a-findfp.o)
 .text.stdio_exit_handler
                0x08008a88       0x18 /opt/st/stm32cubeide_1.19.0/plugins/com.st.stm32cube.ide.mcu.externaltools.gnu-tools-for-stm32.13.3.rel1.linux64_1.0.0.202410170706/tools/bin/../lib/gcc/arm-none-eabi/13.3.1/../../../../arm-none-eabi/lib/thumb/v7-m/nofp/libc_nano.a(libc_a-findfp.o)
 .text.cleanup_stdio
                0x08008aa0       0x40 /opt/st/stm32cubeide_1.19.0/plugins/com.st.stm32cube.ide.mcu.externaltools.gnu-tools-for-stm32.13.3.rel1.linux64_1.0.0.202410170706/tools/bin/../lib/gcc/arm-none-eabi/13.3.1/../../../../arm-none-eabi/lib/thumb/v7-m/nofp/libc_nano.a(libc_a-findfp.o)
 .text.global_stdio_init.part.0
                0x08008ae0       0x3c /opt/st/stm32cubeide_1.19.0/plugins/com.st.stm32cube.ide.mcu.externaltools.gnu-tools-for-stm32.13.3.rel1.linux64_1.0.0.202410170706/tools/bin/../lib/gcc/arm-none-eabi/13.3.1/../../../../arm-none-eabi/lib/thumb/v7-m/nofp/libc_nano.a(libc_a-findfp.o)
 .text.__sfp_lock_acquire
                0x08008b1c        0xc /opt/st/stm32cubeide_1.19.0/plugins/com.st.stm32cube.ide.mcu.externaltools.gnu-tools-for-stm32.13.3.rel1.linux64_1.0.0.202410170706/tools/bin/../lib/gcc/arm-none-eabi/13.3.1/../../../../arm-none-eabi/lib/thumb/v7-m/nofp/libc_nano.a(libc_a-findfp.o)
                0x08008b1c                __sfp_lock_acquire
 .text.__sfp_lock_release
                0x08008b28        0xc /opt/st/stm32cubeide_1.19.0/plugins/com.st.stm32cube.ide.mcu.externaltools.gnu-tools-for-stm32.13.3.rel1.linux64_1.0.0.202410170706/tools/bin/../lib/gcc/arm-none-eabi/13.3.1/../../../../arm-none-eabi/lib/thumb/v7-m/nofp/libc_nano.a(libc_a-findfp.o)
                0x08008b28                __sfp_lock_release
 .text.__sinit  0x08008b34       0x30 /opt/st/stm32cubeide_1.19.0/plugins/com.st.stm32cube.ide.mcu.externaltools.gnu-tools-for-stm32.13.3.rel1.linux64_1.0.0.202410170706/tools/bin/../lib/gcc/arm-none-eabi/13.3.1/../../../../arm-none-eabi/lib/thumb/v7-m/nofp/libc_nano.a(libc_a-findfp.o)
                0x08008b34                __sinit
 .text._fwalk_sglue
                0x08008b64       0x3c /opt/st/stm32cubeide_1.19.0/plugins/com.st.stm32cube.ide.mcu.externaltools.gnu-tools-for-stm32.13.3.rel1.linux64_1.0.0.202410170706/tools/bin/../lib/gcc/arm-none-eabi/13.3.1/../../../../arm-none-eabi/lib/thumb/v7-m/nofp/libc_nano.a(libc_a-fwalk.o)
                0x08008b64                _fwalk_sglue
 .text.printf   0x08008ba0       0x24 /opt/st/stm32cubeide_1.19.0/plugins/com.st.stm32cube.ide.mcu.externaltools.gnu-tools-for-stm32.13.3.rel1.linux64_1.0.0.202410170706/tools/bin/../lib/gcc/arm-none-eabi/13.3.1/../../../../arm-none-eabi/lib/thumb/v7-m/nofp/libc_nano.a(libc_a-printf.o)
                0x08008ba0                printf
                0x08008ba0                iprintf
 .text.putchar  0x08008bc4       0x10 /opt/st/stm32cubeide_1.19.0/plugins/com.st.stm32cube.ide.mcu.externaltools.gnu-tools-for-stm32.13.3.rel1.linux64_1.0.0.202410170706/tools/bin/../lib/gcc/arm-none-eabi/13.3.1/../../../../arm-none-eabi/lib/thumb/v7-m/nofp/libc_nano.a(libc_a-putchar.o)
                0x08008bc4                putchar
 .text._puts_r  0x08008bd4       0xaa /opt/st/stm32cubeide_1.19.0/plugins/com.st.stm32cube.ide.mcu.externaltools.gnu-tools-for-stm32.13.3.rel1.linux64_1.0.0.202410170706/tools/bin/../lib/gcc/arm-none-eabi/13.3.1/../../../../arm-none-eabi/lib/thumb/v7-m/nofp/libc_nano.a(libc_a-puts.o)
                0x08008bd4                _puts_r
 *fill*         0x08008c7e        0x2 
 .text.puts     0x08008c80       0x10 /opt/st/stm32cubeide_1.19.0/plugins/com.st.stm32cube.ide.mcu.externaltools.gnu-tools-for-stm32.13.3.rel1.linux64_1.0.0.202410170706/tools/bin/../lib/gcc/arm-none-eabi/13.3.1/../../../../arm-none-eabi/lib/thumb/v7-m/nofp/libc_nano.a(libc_a-puts.o)
                0x08008c80                puts
 .text.__sread  0x08008c90       0x22 /opt/st/stm32cubeide_1.19.0/plugins/com.st.stm32cube.ide.mcu.externaltools.gnu-tools-for-stm32.13.3.rel1.linux64_1.0.0.202410170706/tools/bin/../lib/gcc/arm-none-eabi/13.3.1/../../../../arm-none-eabi/lib/thumb/v7-m/nofp/libc_nano.a(libc_a-stdio.o)
                0x08008c90                __sread
 .text.__swrite
                0x08008cb2       0x38 /opt/st/stm32cubeide_1.19.0/plugins/com.st.stm32cube.ide.mcu.externaltools.gnu-tools-for-stm32.13.3.rel1.linux64_1.0.0.202410170706/tools/bin/../lib/gcc/arm-none-eabi/13.3.1/../../../../arm-none-eabi/lib/thumb/v7-m/nofp/libc_nano.a(libc_a-stdio.o)
                0x08008cb2                __swrite
 .text.__sseek  0x08008cea       0x24 /opt/st/stm32cubeide_1.19.0/plugins/com.st.stm32cube.ide.mcu.externaltools.gnu-tools-for-stm32.13.3.rel1.linux64_1.0.0.202410170706/tools/bin/../lib/gcc/arm-none-eabi/13.3.1/../../../../arm-none-eabi/lib/thumb/v7-m/nofp/libc_nano.a(libc_a-stdio.o)
                0x08008cea                __sseek
 .text.__sclose
                0x08008d0e        0x8 /opt/st/stm32cubeide_1.19.0/plugins/com.st.stm32cube.ide.mcu.externaltools.gnu-tools-for-stm32.13.3.rel1.linux64_1.0.0.202410170706/tools/bin/../lib/gcc/arm-none-eabi/13.3.1/../../../../arm-none-eabi/lib/thumb/v7-m/nofp/libc_nano.a(libc_a-stdio.o)
                0x08008d0e                __sclose
 .text.__swbuf_r
                0x08008d16       0x7c /opt/st/stm32cubeide_1.19.0/plugins/com.st.stm32cube.ide.mcu.externaltools.gnu-tools-for-stm32.13.3.rel1.linux64_1.0.0.202410170706/tools/bin/../lib/gcc/arm-none-eabi/13.3.1/../../../../arm-none-eabi/lib/thumb/v7-m/nofp/libc_nano.a(libc_a-wbuf.o)
                0x08008d16                __swbuf_r
 *fill*         0x08008d92        0x2 
 .text.__swsetup_r
                0x08008d94       0xac /opt/st/stm32cubeide_1.19.0/plugins/com.st.stm32cube.ide.mcu.externaltools.gnu-tools-for-stm32.13.3.rel1.linux64_1.0.0.202410170706/tools/bin/../lib/gcc/arm-none-eabi/13.3.1/../../../../arm-none-eabi/lib/thumb/v7-m/nofp/libc_nano.a(libc_a-wsetup.o)
                0x08008d94                __swsetup_r
 .text.memset   0x08008e40       0x10 /opt/st/stm32cubeide_1.19.0/plugins/com.st.stm32cube.ide.mcu.externaltools.gnu-tools-for-stm32.13.3.rel1.linux64_1.0.0.202410170706/tools/bin/../lib/gcc/arm-none-eabi/13.3.1/../../../../arm-none-eabi/lib/thumb/v7-m/nofp/libc_nano.a(libc_a-memset.o)
                0x08008e40                memset
 .text._close_r
                0x08008e50       0x20 /opt/st/stm32cubeide_1.19.0/plugins/com.st.stm32cube.ide.mcu.externaltools.gnu-tools-for-stm32.13.3.rel1.linux64_1.0.0.202410170706/tools/bin/../lib/gcc/arm-none-eabi/13.3.1/../../../../arm-none-eabi/lib/thumb/v7-m/nofp/libc_nano.a(libc_a-closer.o)
                0x08008e50                _close_r
 .text._lseek_r
                0x08008e70       0x24 /opt/st/stm32cubeide_1.19.0/plugins/com.st.stm32cube.ide.mcu.externaltools.gnu-tools-for-stm32.13.3.rel1.linux64_1.0.0.202410170706/tools/bin/../lib/gcc/arm-none-eabi/13.3.1/../../../../arm-none-eabi/lib/thumb/v7-m/nofp/libc_nano.a(libc_a-lseekr.o)
                0x08008e70                _lseek_r
 .text._read_r  0x08008e94       0x24 /opt/st/stm32cubeide_1.19.0/plugins/com.st.stm32cube.ide.mcu.externaltools.gnu-tools-for-stm32.13.3.rel1.linux64_1.0.0.202410170706/tools/bin/../lib/gcc/arm-none-eabi/13.3.1/../../../../arm-none-eabi/lib/thumb/v7-m/nofp/libc_nano.a(libc_a-readr.o)
                0x08008e94                _read_r
 .text._write_r
                0x08008eb8       0x24 /opt/st/stm32cubeide_1.19.0/plugins/com.st.stm32cube.ide.mcu.externaltools.gnu-tools-for-stm32.13.3.rel1.linux64_1.0.0.202410170706/tools/bin/../lib/gcc/arm-none-eabi/13.3.1/../../../../arm-none-eabi/lib/thumb/v7-m/nofp/libc_nano.a(libc_a-writer.o)
                0x08008eb8                _write_r
 .text.__errno  0x08008edc        0xc /opt/st/stm32cubeide_1.19.0/plugins/com.st.stm32cube.ide.mcu.externaltools.gnu-tools-for-stm32.13.3.rel1.linux64_1.0.0.202410170706/tools/bin/../lib/gcc/arm-none-eabi/13.3.1/../../../../arm-none-eabi/lib/thumb/v7-m/nofp/libc_nano.a(libc_a-errno.o)
                0x08008edc                __errno
 .text.__libc_init_array
                0x08008ee8       0x48 /opt/st/stm32cubeide_1.19.0/plugins/com.st.stm32cube.ide.mcu.externaltools.gnu-tools-for-stm32.13.3.rel1.linux64_1.0.0.202410170706/tools/bin/../lib/gcc/arm-none-eabi/13.3.1/../../../../arm-none-eabi/lib/thumb/v7-m/nofp/libc_nano.a(libc_a-init.o)
                0x08008ee8                __libc_init_array
 .text.__retarget_lock_init_recursive
                0x08008f30        0x2 /opt/st/stm32cubeide_1.19.0/plugins/com.st.stm32cube.ide.mcu.externaltools.gnu-tools-for-stm32.13.3.rel1.linux64_1.0.0.202410170706/tools/bin/../lib/gcc/arm-none-eabi/13.3.1/../../../../arm-none-eabi/lib/thumb/v7-m/nofp/libc_nano.a(libc_a-lock.o)
                0x08008f30                __retarget_lock_init_recursive
 .text.__retarget_lock_acquire_recursive
                0x08008f32        0x2 /opt/st/stm32cubeide_1.19.0/plugins/com.st.stm32cube.ide.mcu.externaltools.gnu-tools-for-stm32.13.3.rel1.linux64_1.0.0.202410170706/tools/bin/../lib/gcc/arm-none-eabi/13.3.1/../../../../arm-none-eabi/lib/thumb/v7-m/nofp/libc_nano.a(libc_a-lock.o)
                0x08008f32                __retarget_lock_acquire_recursive
 .text.__retarget_lock_release_recursive
                0x08008f34        0x2 /opt/st/stm32cubeide_1.19.0/plugins/com.st.stm32cube.ide.mcu.externaltools.gnu-tools-for-stm32.13.3.rel1.linux64_1.0.0.202410170706/tools/bin/../lib/gcc/arm-none-eabi/13.3.1/../../../../arm-none-eabi/lib/thumb/v7-m/nofp/libc_nano.a(libc_a-lock.o)
                0x08008f34                __retarget_lock_release_recursive
 *fill*         0x08008f36        0x2 
 .text._free_r  0x08008f38       0x90 /opt/st/stm32cubeide_1.19.0/plugins/com.st.stm32cube.ide.mcu.externaltools.gnu-tools-for-stm32.13.3.rel1.linux64_1.0.0.202410170706/tools/bin/../lib/gcc/arm-none-eabi/13.3.1/../../../../arm-none-eabi/lib/thumb/v7-m/nofp/libc_nano.a(libc_a-freer.o)
                0x08008f38                _free_r
 .text.sbrk_aligned
                0x08008fc8       0x44 /opt/st/stm32cubeide_1.19.0/plugins/com.st.stm32cube.ide.mcu.externaltools.gnu-tools-for-stm32.13.3.rel1.linux64_1.0.0.202410170706/tools/bin/../lib/gcc/arm-none-eabi/13.3.1/../../../../arm-none-eabi/lib/thumb/v7-m/nofp/libc_nano.a(libc_a-mallocr.o)
 .text._malloc_r
                0x0800900c      0x100 /opt/st/stm32cubeide_1.19.0/plugins/com.st.stm32cube.ide.mcu.externaltools.gnu-tools-for-stm32.13.3.rel1.linux64_1.0.0.202410170706/tools/bin/../lib/gcc/arm-none-eabi/13.3.1/../../../../arm-none-eabi/lib/thumb/v7-m/nofp/libc_nano.a(libc_a-mallocr.o)
                0x0800900c                _malloc_r
 .text.__malloc_lock
                0x0800910c        0xc /opt/st/stm32cubeide_1.19.0/plugins/com.st.stm32cube.ide.mcu.externaltools.gnu-tools-for-stm32.13.3.rel1.linux64_1.0.0.202410170706/tools/bin/../lib/gcc/arm-none-eabi/13.3.1/../../../../arm-none-eabi/lib/thumb/v7-m/nofp/libc_nano.a(libc_a-mlock.o)
                0x0800910c                __malloc_lock
 .text.__malloc_unlock
                0x08009118        0xc /opt/st/stm32cubeide_1.19.0/plugins/com.st.stm32cube.ide.mcu.externaltools.gnu-tools-for-stm32.13.3.rel1.linux64_1.0.0.202410170706/tools/bin/../lib/gcc/arm-none-eabi/13.3.1/../../../../arm-none-eabi/lib/thumb/v7-m/nofp/libc_nano.a(libc_a-mlock.o)
                0x08009118                __malloc_unlock
 .text.__sfputc_r
                0x08009124       0x2a /opt/st/stm32cubeide_1.19.0/plugins/com.st.stm32cube.ide.mcu.externaltools.gnu-tools-for-stm32.13.3.rel1.linux64_1.0.0.202410170706/tools/bin/../lib/gcc/arm-none-eabi/13.3.1/../../../../arm-none-eabi/lib/thumb/v7-m/nofp/libc_nano.a(libc_a-nano-vfprintf.o)
 .text.__sfputs_r
                0x0800914e       0x24 /opt/st/stm32cubeide_1.19.0/plugins/com.st.stm32cube.ide.mcu.externaltools.gnu-tools-for-stm32.13.3.rel1.linux64_1.0.0.202410170706/tools/bin/../lib/gcc/arm-none-eabi/13.3.1/../../../../arm-none-eabi/lib/thumb/v7-m/nofp/libc_nano.a(libc_a-nano-vfprintf.o)
                0x0800914e                __sfputs_r
 *fill*         0x08009172        0x2 
 .text._vfprintf_r
                0x08009174      0x230 /opt/st/stm32cubeide_1.19.0/plugins/com.st.stm32cube.ide.mcu.externaltools.gnu-tools-for-stm32.13.3.rel1.linux64_1.0.0.202410170706/tools/bin/../lib/gcc/arm-none-eabi/13.3.1/../../../../arm-none-eabi/lib/thumb/v7-m/nofp/libc_nano.a(libc_a-nano-vfprintf.o)
                0x08009174                _vfiprintf_r
                0x08009174                _vfprintf_r
 .text._printf_common
                0x080093a4       0xe4 /opt/st/stm32cubeide_1.19.0/plugins/com.st.stm32cube.ide.mcu.externaltools.gnu-tools-for-stm32.13.3.rel1.linux64_1.0.0.202410170706/tools/bin/../lib/gcc/arm-none-eabi/13.3.1/../../../../arm-none-eabi/lib/thumb/v7-m/nofp/libc_nano.a(libc_a-nano-vfprintf_i.o)
                0x080093a4                _printf_common
 .text._printf_i
                0x08009488      0x23c /opt/st/stm32cubeide_1.19.0/plugins/com.st.stm32cube.ide.mcu.externaltools.gnu-tools-for-stm32.13.3.rel1.linux64_1.0.0.202410170706/tools/bin/../lib/gcc/arm-none-eabi/13.3.1/../../../../arm-none-eabi/lib/thumb/v7-m/nofp/libc_nano.a(libc_a-nano-vfprintf_i.o)
                0x08009488                _printf_i
 .text.__sflush_r
                0x080096c4      0x100 /opt/st/stm32cubeide_1.19.0/plugins/com.st.stm32cube.ide.mcu.externaltools.gnu-tools-for-stm32.13.3.rel1.linux64_1.0.0.202410170706/tools/bin/../lib/gcc/arm-none-eabi/13.3.1/../../../../arm-none-eabi/lib/thumb/v7-m/nofp/libc_nano.a(libc_a-fflush.o)
                0x080096c4                __sflush_r
 .text._fflush_r
                0x080097c4       0x50 /opt/st/stm32cubeide_1.19.0/plugins/com.st.stm32cube.ide.mcu.externaltools.gnu-tools-for-stm32.13.3.rel1.linux64_1.0.0.202410170706/tools/bin/../lib/gcc/arm-none-eabi/13.3.1/../../../../arm-none-eabi/lib/thumb/v7-m/nofp/libc_nano.a(libc_a-fflush.o)
                0x080097c4                _fflush_r
 .text.__swhatbuf_r
                0x08009814       0x4a /opt/st/stm32cubeide_1.19.0/plugins/com.st.stm32cube.ide.mcu.externaltools.gnu-tools-for-stm32.13.3.rel1.linux64_1.0.0.202410170706/tools/bin/../lib/gcc/arm-none-eabi/13.3.1/../../../../arm-none-eabi/lib/thumb/v7-m/nofp/libc_nano.a(libc_a-makebuf.o)
                0x08009814                __swhatbuf_r
 .text.__smakebuf_r
                0x0800985e       0x78 /opt/st/stm32cubeide_1.19.0/plugins/com.st.stm32cube.ide.mcu.externaltools.gnu-tools-for-stm32.13.3.rel1.linux64_1.0.0.202410170706/tools/bin/../lib/gcc/arm-none-eabi/13.3.1/../../../../arm-none-eabi/lib/thumb/v7-m/nofp/libc_nano.a(libc_a-makebuf.o)
                0x0800985e                __smakebuf_r
 .text._putc_r  0x080098d6       0x68 /opt/st/stm32cubeide_1.19.0/plugins/com.st.stm32cube.ide.mcu.externaltools.gnu-tools-for-stm32.13.3.rel1.linux64_1.0.0.202410170706/tools/bin/../lib/gcc/arm-none-eabi/13.3.1/../../../../arm-none-eabi/lib/thumb/v7-m/nofp/libc_nano.a(libc_a-putc.o)
                0x080098d6                _putc_r
 *fill*         0x0800993e        0x2 
 .text._fstat_r
                0x08009940       0x24 /opt/st/stm32cubeide_1.19.0/plugins/com.st.stm32cube.ide.mcu.externaltools.gnu-tools-for-stm32.13.3.rel1.linux64_1.0.0.202410170706/tools/bin/../lib/gcc/arm-none-eabi/13.3.1/../../../../arm-none-eabi/lib/thumb/v7-m/nofp/libc_nano.a(libc_a-fstatr.o)
                0x08009940                _fstat_r
 .text._isatty_r
                0x08009964       0x20 /opt/st/stm32cubeide_1.19.0/plugins/com.st.stm32cube.ide.mcu.externaltools.gnu-tools-for-stm32.13.3.rel1.linux64_1.0.0.202410170706/tools/bin/../lib/gcc/arm-none-eabi/13.3.1/../../../../arm-none-eabi/lib/thumb/v7-m/nofp/libc_nano.a(libc_a-isattyr.o)
                0x08009964                _isatty_r
 .text._sbrk_r  0x08009984       0x20 /opt/st/stm32cubeide_1.19.0/plugins/com.st.stm32cube.ide.mcu.externaltools.gnu-tools-for-stm32.13.3.rel1.linux64_1.0.0.202410170706/tools/bin/../lib/gcc/arm-none-eabi/13.3.1/../../../../arm-none-eabi/lib/thumb/v7-m/nofp/libc_nano.a(libc_a-sbrkr.o)
                0x08009984                _sbrk_r
 .text.memchr   0x080099a4       0x1c /opt/st/stm32cubeide_1.19.0/plugins/com.st.stm32cube.ide.mcu.externaltools.gnu-tools-for-stm32.13.3.rel1.linux64_1.0.0.202410170706/tools/bin/../lib/gcc/arm-none-eabi/13.3.1/../../../../arm-none-eabi/lib/thumb/v7-m/nofp/libc_nano.a(libc_a-memchr-stub.o)
                0x080099a4                memchr
 *(.glue_7)
 .glue_7        0x080099c0        0x0 linker stubs
 *(.glue_7t)
 .glue_7t       0x080099c0        0x0 linker stubs
 *(.eh_frame)
 .eh_frame      0x080099c0        0x0 /opt/st/stm32cubeide_1.19.0/plugins/com.st.stm32cube.ide.mcu.externaltools.gnu-tools-for-stm32.13.3.rel1.linux64_1.0.0.202410170706/tools/bin/../lib/gcc/arm-none-eabi/13.3.1/thumb/v7-m/nofp/crtbegin.o
 *(.init)
 .init          0x080099c0        0x4 /opt/st/stm32cubeide_1.19.0/plugins/com.st.stm32cube.ide.mcu.externaltools.gnu-tools-for-stm32.13.3.rel1.linux64_1.0.0.202410170706/tools/bin/../lib/gcc/arm-none-eabi/13.3.1/thumb/v7-m/nofp/crti.o
                0x080099c0                _init
 .init          0x080099c4        0x8 /opt/st/stm32cubeide_1.19.0/plugins/com.st.stm32cube.ide.mcu.externaltools.gnu-tools-for-stm32.13.3.rel1.linux64_1.0.0.202410170706/tools/bin/../lib/gcc/arm-none-eabi/13.3.1/thumb/v7-m/nofp/crtn.o
 *(.fini)
 .fini          0x080099cc        0x4 /opt/st/stm32cubeide_1.19.0/plugins/com.st.stm32cube.ide.mcu.externaltools.gnu-tools-for-stm32.13.3.rel1.linux64_1.0.0.202410170706/tools/bin/../lib/gcc/arm-none-eabi/13.3.1/thumb/v7-m/nofp/crti.o
                0x080099cc                _fini
 .fini          0x080099d0        0x8 /opt/st/stm32cubeide_1.19.0/plugins/com.st.stm32cube.ide.mcu.externaltools.gnu-tools-for-stm32.13.3.rel1.linux64_1.0.0.202410170706/tools/bin/../lib/gcc/arm-none-eabi/13.3.1/thumb/v7-m/nofp/crtn.o
                0x080099d8                        . = ALIGN (0x4)
                0x080099d8                        _etext = .

.vfp11_veneer   0x080099d8        0x0
 .vfp11_veneer  0x080099d8        0x0 linker stubs

.v4_bx          0x080099d8        0x0
 .v4_bx         0x080099d8        0x0 linker stubs

.iplt           0x080099d8        0x0
 .iplt          0x080099d8        0x0 /opt/st/stm32cubeide_1.19.0/plugins/com.st.stm32cube.ide.mcu.externaltools.gnu-tools-for-stm32.13.3.rel1.linux64_1.0.0.202410170706/tools/bin/../lib/gcc/arm-none-eabi/13.3.1/thumb/v7-m/nofp/crtbegin.o

.rodata         0x080099d8      0x1d8
                0x080099d8                        . = ALIGN (0x4)
 *(.rodata)
 .rodata        0x080099d8       0xdb ./BSP/bsp.o
 *fill*         0x08009ab3        0x1 
 .rodata        0x08009ab4       0x9b ./BSP/i2c_slave.o
 *(.rodata*)
 *fill*         0x08009b4f        0x1 
 .rodata.AHBPrescTable
                0x08009b50       0x10 ./Core/Src/system_stm32f1xx.o
                0x08009b50                AHBPrescTable
 .rodata.APBPrescTable
                0x08009b60        0x8 ./Core/Src/system_stm32f1xx.o
                0x08009b60                APBPrescTable
 .rodata.aPLLMULFactorTable.1
                0x08009b68       0x10 ./Drivers/STM32F1xx_HAL_Driver/Src/stm32f1xx_hal_rcc.o
 .rodata.aPredivFactorTable.0
                0x08009b78        0x2 ./Drivers/STM32F1xx_HAL_Driver/Src/stm32f1xx_hal_rcc.o
 .rodata._vfprintf_r.str1.1
                0x08009b7a       0x33 /opt/st/stm32cubeide_1.19.0/plugins/com.st.stm32cube.ide.mcu.externaltools.gnu-tools-for-stm32.13.3.rel1.linux64_1.0.0.202410170706/tools/bin/../lib/gcc/arm-none-eabi/13.3.1/../../../../arm-none-eabi/lib/thumb/v7-m/nofp/libc_nano.a(libc_a-nano-vfprintf.o)
                                 0x11 (size before relaxing)
 .rodata._printf_i.str1.1
                0x08009bad       0x22 /opt/st/stm32cubeide_1.19.0/plugins/com.st.stm32cube.ide.mcu.externaltools.gnu-tools-for-stm32.13.3.rel1.linux64_1.0.0.202410170706/tools/bin/../lib/gcc/arm-none-eabi/13.3.1/../../../../arm-none-eabi/lib/thumb/v7-m/nofp/libc_nano.a(libc_a-nano-vfprintf_i.o)
                0x08009bd0                        . = ALIGN (0x4)
 *fill*         0x08009bad        0x3 

.rel.dyn        0x08009bb0        0x0
 .rel.iplt      0x08009bb0        0x0 /opt/st/stm32cubeide_1.19.0/plugins/com.st.stm32cube.ide.mcu.externaltools.gnu-tools-for-stm32.13.3.rel1.linux64_1.0.0.202410170706/tools/bin/../lib/gcc/arm-none-eabi/13.3.1/thumb/v7-m/nofp/crtbegin.o

.ARM.extab      0x08009bb0        0x0
                0x08009bb0                        . = ALIGN (0x4)
 *(.ARM.extab* .gnu.linkonce.armextab.*)
                0x08009bb0                        . = ALIGN (0x4)

.ARM            0x08009bb0        0x0
                0x08009bb0                        . = ALIGN (0x4)
                0x08009bb0                        __exidx_start = .
 *(.ARM.exidx*)
                0x08009bb0                        __exidx_end = .
                0x08009bb0                        . = ALIGN (0x4)

.preinit_array  0x08009bb0        0x0
                0x08009bb0                        . = ALIGN (0x4)
                0x08009bb0                        PROVIDE (__preinit_array_start = .)
 *(.preinit_array*)
                0x08009bb0                        PROVIDE (__preinit_array_end = .)
                0x08009bb0                        . = ALIGN (0x4)

.init_array     0x08009bb0        0x4
                0x08009bb0                        . = ALIGN (0x4)
                0x08009bb0                        PROVIDE (__init_array_start = .)
 *(SORT_BY_NAME(.init_array.*))
 *(.init_array*)
 .init_array    0x08009bb0        0x4 /opt/st/stm32cubeide_1.19.0/plugins/com.st.stm32cube.ide.mcu.externaltools.gnu-tools-for-stm32.13.3.rel1.linux64_1.0.0.202410170706/tools/bin/../lib/gcc/arm-none-eabi/13.3.1/thumb/v7-m/nofp/crtbegin.o
                0x08009bb4                        PROVIDE (__init_array_end = .)
                0x08009bb4                        . = ALIGN (0x4)

.fini_array     0x08009bb4        0x4
                0x08009bb4                        . = ALIGN (0x4)
                [!provide]                        PROVIDE (__fini_array_start = .)
 *(SORT_BY_NAME(.fini_array.*))
 *(.fini_array*)
 .fini_array    0x08009bb4        0x4 /opt/st/stm32cubeide_1.19.0/plugins/com.st.stm32cube.ide.mcu.externaltools.gnu-tools-for-stm32.13.3.rel1.linux64_1.0.0.202410170706/tools/bin/../lib/gcc/arm-none-eabi/13.3.1/thumb/v7-m/nofp/crtbegin.o
                [!provide]                        PROVIDE (__fini_array_end = .)
                0x08009bb8                        . = ALIGN (0x4)
                0x08009bb8                        _sidata = LOADADDR (.data)

.data           0x20000000       0x74 load address 0x08009bb8
                0x20000000                        . = ALIGN (0x4)
                0x20000000                        _sdata = .
 *(.data)
 *(.data*)
 .data.g_pwm_angle
                0x20000000        0x4 ./BSP/bsp_pwmServo.o
                0x20000000                g_pwm_angle
 .data.g_angle_num
                0x20000004        0x8 ./BSP/bsp_pwmServo.o
                0x20000004                g_angle_num
 .data.SystemCoreClock
                0x2000000c        0x4 ./Core/Src/system_stm32f1xx.o
                0x2000000c                SystemCoreClock
 .data.uwTickPrio
                0x20000010        0x4 ./Drivers/STM32F1xx_HAL_Driver/Src/stm32f1xx_hal.o
                0x20000010                uwTickPrio
 .data.uwTickFreq
                0x20000014        0x1 ./Drivers/STM32F1xx_HAL_Driver/Src/stm32f1xx_hal.o
                0x20000014                uwTickFreq
 *fill*         0x20000015        0x3 
 .data.__sglue  0x20000018        0xc /opt/st/stm32cubeide_1.19.0/plugins/com.st.stm32cube.ide.mcu.externaltools.gnu-tools-for-stm32.13.3.rel1.linux64_1.0.0.202410170706/tools/bin/../lib/gcc/arm-none-eabi/13.3.1/../../../../arm-none-eabi/lib/thumb/v7-m/nofp/libc_nano.a(libc_a-findfp.o)
                0x20000018                __sglue
 .data._impure_ptr
                0x20000024        0x4 /opt/st/stm32cubeide_1.19.0/plugins/com.st.stm32cube.ide.mcu.externaltools.gnu-tools-for-stm32.13.3.rel1.linux64_1.0.0.202410170706/tools/bin/../lib/gcc/arm-none-eabi/13.3.1/../../../../arm-none-eabi/lib/thumb/v7-m/nofp/libc_nano.a(libc_a-impure.o)
                0x20000024                _impure_ptr
 .data._impure_data
                0x20000028       0x4c /opt/st/stm32cubeide_1.19.0/plugins/com.st.stm32cube.ide.mcu.externaltools.gnu-tools-for-stm32.13.3.rel1.linux64_1.0.0.202410170706/tools/bin/../lib/gcc/arm-none-eabi/13.3.1/../../../../arm-none-eabi/lib/thumb/v7-m/nofp/libc_nano.a(libc_a-impure.o)
                0x20000028                _impure_data
 *(.RamFunc)
 *(.RamFunc*)
                0x20000074                        . = ALIGN (0x4)
                0x20000074                        _edata = .

.igot.plt       0x20000074        0x0 load address 0x08009c2c
 .igot.plt      0x20000074        0x0 /opt/st/stm32cubeide_1.19.0/plugins/com.st.stm32cube.ide.mcu.externaltools.gnu-tools-for-stm32.13.3.rel1.linux64_1.0.0.202410170706/tools/bin/../lib/gcc/arm-none-eabi/13.3.1/thumb/v7-m/nofp/crtbegin.o
                0x20000074                        . = ALIGN (0x4)

.bss            0x20000074     0x1fb4 load address 0x08009c2c
                0x20000074                        _sbss = .
                0x20000074                        __bss_start__ = _sbss
 *(.bss)
 .bss           0x20000074       0x1c /opt/st/stm32cubeide_1.19.0/plugins/com.st.stm32cube.ide.mcu.externaltools.gnu-tools-for-stm32.13.3.rel1.linux64_1.0.0.202410170706/tools/bin/../lib/gcc/arm-none-eabi/13.3.1/thumb/v7-m/nofp/crtbegin.o
 *(.bss*)
 .bss.led_count.2
                0x20000090        0x1 ./BSP/bsp.o
 .bss.key_state.1
                0x20000091        0x1 ./BSP/bsp.o
 .bss.empty_buffer_count.0
                0x20000092        0x1 ./BSP/bsp.o
 *fill*         0x20000093        0x1 
 .bss.beep_on_time
                0x20000094        0x2 ./BSP/bsp_beep.o
                0x20000094                beep_on_time
 .bss.beep_state
                0x20000096        0x1 ./BSP/bsp_beep.o
                0x20000096                beep_state
 *fill*         0x20000097        0x1 
 .bss.g_Encoder_M1_Now
                0x20000098        0x4 ./BSP/bsp_encoder.o
                0x20000098                g_Encoder_M1_Now
 .bss.g_Encoder_M2_Now
                0x2000009c        0x4 ./BSP/bsp_encoder.o
                0x2000009c                g_Encoder_M2_Now
 .bss.g_Encoder_M3_Now
                0x200000a0        0x4 ./BSP/bsp_encoder.o
                0x200000a0                g_Encoder_M3_Now
 .bss.g_Encoder_M4_Now
                0x200000a4        0x4 ./BSP/bsp_encoder.o
                0x200000a4                g_Encoder_M4_Now
 .bss.key1_state.0
                0x200000a8        0x2 ./BSP/bsp_key.o
 *fill*         0x200000aa        0x2 
 .bss.g_Encoder_All_Now
                0x200000ac       0x10 ./BSP/bsp_motion.o
                0x200000ac                g_Encoder_All_Now
 .bss.g_Encoder_All_Last
                0x200000bc       0x10 ./BSP/bsp_motion.o
                0x200000bc                g_Encoder_All_Last
 .bss.g_Encoder_All_Offset
                0x200000cc       0x10 ./BSP/bsp_motion.o
                0x200000cc                g_Encoder_All_Offset
 .bss.g_start_ctrl
                0x200000dc        0x1 ./BSP/bsp_motion.o
                0x200000dc                g_start_ctrl
 *fill*         0x200000dd        0x3 
 .bss.car_data  0x200000e0        0x6 ./BSP/bsp_motion.o
                0x200000e0                car_data
 *fill*         0x200000e6        0x2 
 .bss.motor_data
                0x200000e8       0x28 ./BSP/bsp_motion.o
                0x200000e8                motor_data
 .bss.pid_motor
                0x20000110       0x90 ./BSP/bsp_pid.o
                0x20000110                pid_motor
 .bss.g_pwm_pulse
                0x200001a0        0x2 ./BSP/bsp_pwmServo.o
                0x200001a0                g_pwm_pulse
 .bss.RxTemp    0x200001a2        0x1 ./BSP/bsp_uart.o
                0x200001a2                RxTemp
 *fill*         0x200001a3        0x1 
 .bss.RxData    0x200001a4        0xd ./BSP/i2c_slave.o
 .bss.dataReady
                0x200001b1        0x1 ./BSP/i2c_slave.o
 *fill*         0x200001b2        0x2 
 .bss.rxRingBuffer
                0x200001b4     0x1a03 ./BSP/i2c_slave.o
                0x200001b4                rxRingBuffer
 *fill*         0x20001bb7        0x1 
 .bss.hi2c2     0x20001bb8       0x54 ./Core/Src/i2c.o
                0x20001bb8                hi2c2
 .bss.__sbrk_heap_end
                0x20001c0c        0x4 ./Core/Src/sysmem.o
 .bss.htim1     0x20001c10       0x48 ./Core/Src/tim.o
                0x20001c10                htim1
 .bss.htim2     0x20001c58       0x48 ./Core/Src/tim.o
                0x20001c58                htim2
 .bss.htim3     0x20001ca0       0x48 ./Core/Src/tim.o
                0x20001ca0                htim3
 .bss.htim4     0x20001ce8       0x48 ./Core/Src/tim.o
                0x20001ce8                htim4
 .bss.htim5     0x20001d30       0x48 ./Core/Src/tim.o
                0x20001d30                htim5
 .bss.htim7     0x20001d78       0x48 ./Core/Src/tim.o
                0x20001d78                htim7
 .bss.htim8     0x20001dc0       0x48 ./Core/Src/tim.o
                0x20001dc0                htim8
 .bss.huart1    0x20001e08       0x48 ./Core/Src/usart.o
                0x20001e08                huart1
 .bss.hdma_usart1_tx
                0x20001e50       0x44 ./Core/Src/usart.o
                0x20001e50                hdma_usart1_tx
 .bss.hdma_usart1_rx
                0x20001e94       0x44 ./Core/Src/usart.o
                0x20001e94                hdma_usart1_rx
 .bss.uwTick    0x20001ed8        0x4 ./Drivers/STM32F1xx_HAL_Driver/Src/stm32f1xx_hal.o
                0x20001ed8                uwTick
 .bss.__sf      0x20001edc      0x138 /opt/st/stm32cubeide_1.19.0/plugins/com.st.stm32cube.ide.mcu.externaltools.gnu-tools-for-stm32.13.3.rel1.linux64_1.0.0.202410170706/tools/bin/../lib/gcc/arm-none-eabi/13.3.1/../../../../arm-none-eabi/lib/thumb/v7-m/nofp/libc_nano.a(libc_a-findfp.o)
                0x20001edc                __sf
 .bss.__stdio_exit_handler
                0x20002014        0x4 /opt/st/stm32cubeide_1.19.0/plugins/com.st.stm32cube.ide.mcu.externaltools.gnu-tools-for-stm32.13.3.rel1.linux64_1.0.0.202410170706/tools/bin/../lib/gcc/arm-none-eabi/13.3.1/../../../../arm-none-eabi/lib/thumb/v7-m/nofp/libc_nano.a(libc_a-findfp.o)
                0x20002014                __stdio_exit_handler
 .bss.errno     0x20002018        0x4 /opt/st/stm32cubeide_1.19.0/plugins/com.st.stm32cube.ide.mcu.externaltools.gnu-tools-for-stm32.13.3.rel1.linux64_1.0.0.202410170706/tools/bin/../lib/gcc/arm-none-eabi/13.3.1/../../../../arm-none-eabi/lib/thumb/v7-m/nofp/libc_nano.a(libc_a-reent.o)
                0x20002018                errno
 .bss.__lock___malloc_recursive_mutex
                0x2000201c        0x1 /opt/st/stm32cubeide_1.19.0/plugins/com.st.stm32cube.ide.mcu.externaltools.gnu-tools-for-stm32.13.3.rel1.linux64_1.0.0.202410170706/tools/bin/../lib/gcc/arm-none-eabi/13.3.1/../../../../arm-none-eabi/lib/thumb/v7-m/nofp/libc_nano.a(libc_a-lock.o)
                0x2000201c                __lock___malloc_recursive_mutex
 .bss.__lock___sfp_recursive_mutex
                0x2000201d        0x1 /opt/st/stm32cubeide_1.19.0/plugins/com.st.stm32cube.ide.mcu.externaltools.gnu-tools-for-stm32.13.3.rel1.linux64_1.0.0.202410170706/tools/bin/../lib/gcc/arm-none-eabi/13.3.1/../../../../arm-none-eabi/lib/thumb/v7-m/nofp/libc_nano.a(libc_a-lock.o)
                0x2000201d                __lock___sfp_recursive_mutex
 *fill*         0x2000201e        0x2 
 .bss.__malloc_sbrk_start
                0x20002020        0x4 /opt/st/stm32cubeide_1.19.0/plugins/com.st.stm32cube.ide.mcu.externaltools.gnu-tools-for-stm32.13.3.rel1.linux64_1.0.0.202410170706/tools/bin/../lib/gcc/arm-none-eabi/13.3.1/../../../../arm-none-eabi/lib/thumb/v7-m/nofp/libc_nano.a(libc_a-mallocr.o)
                0x20002020                __malloc_sbrk_start
 .bss.__malloc_free_list
                0x20002024        0x4 /opt/st/stm32cubeide_1.19.0/plugins/com.st.stm32cube.ide.mcu.externaltools.gnu-tools-for-stm32.13.3.rel1.linux64_1.0.0.202410170706/tools/bin/../lib/gcc/arm-none-eabi/13.3.1/../../../../arm-none-eabi/lib/thumb/v7-m/nofp/libc_nano.a(libc_a-mallocr.o)
                0x20002024                __malloc_free_list
 *(COMMON)
                0x20002028                        . = ALIGN (0x4)
                0x20002028                        _ebss = .
                0x20002028                        __bss_end__ = _ebss

._user_heap_stack
                0x20002028      0x600 load address 0x08009c2c
                0x20002028                        . = ALIGN (0x8)
                [!provide]                        PROVIDE (end = .)
                0x20002028                        PROVIDE (_end = .)
                0x20002228                        . = (. + _Min_Heap_Size)
 *fill*         0x20002028      0x200 
                0x20002628                        . = (. + _Min_Stack_Size)
 *fill*         0x20002228      0x400 
                0x20002628                        . = ALIGN (0x8)

/DISCARD/
 libc.a(*)
 libm.a(*)
 libgcc.a(*)

.ARM.attributes
                0x00000000       0x29
 *(.ARM.attributes)
 .ARM.attributes
                0x00000000       0x1d /opt/st/stm32cubeide_1.19.0/plugins/com.st.stm32cube.ide.mcu.externaltools.gnu-tools-for-stm32.13.3.rel1.linux64_1.0.0.202410170706/tools/bin/../lib/gcc/arm-none-eabi/13.3.1/thumb/v7-m/nofp/crti.o
 .ARM.attributes
                0x0000001d       0x2d /opt/st/stm32cubeide_1.19.0/plugins/com.st.stm32cube.ide.mcu.externaltools.gnu-tools-for-stm32.13.3.rel1.linux64_1.0.0.202410170706/tools/bin/../lib/gcc/arm-none-eabi/13.3.1/thumb/v7-m/nofp/crtbegin.o
 .ARM.attributes
                0x0000004a       0x2d ./BSP/bsp.o
 .ARM.attributes
                0x00000077       0x2d ./BSP/bsp_beep.o
 .ARM.attributes
                0x000000a4       0x2d ./BSP/bsp_encoder.o
 .ARM.attributes
                0x000000d1       0x2d ./BSP/bsp_key.o
 .ARM.attributes
                0x000000fe       0x2d ./BSP/bsp_motion.o
 .ARM.attributes
                0x0000012b       0x2d ./BSP/bsp_motor.o
 .ARM.attributes
                0x00000158       0x2d ./BSP/bsp_pid.o
 .ARM.attributes
                0x00000185       0x2d ./BSP/bsp_pwmServo.o
 .ARM.attributes
                0x000001b2       0x2d ./BSP/bsp_uart.o
 .ARM.attributes
                0x000001df       0x2d ./BSP/i2c_slave.o
 .ARM.attributes
                0x0000020c       0x2d ./Core/Src/dma.o
 .ARM.attributes
                0x00000239       0x2d ./Core/Src/gpio.o
 .ARM.attributes
                0x00000266       0x2d ./Core/Src/i2c.o
 .ARM.attributes
                0x00000293       0x2d ./Core/Src/main.o
 .ARM.attributes
                0x000002c0       0x2d ./Core/Src/stm32f1xx_hal_msp.o
 .ARM.attributes
                0x000002ed       0x2d ./Core/Src/stm32f1xx_it.o
 .ARM.attributes
                0x0000031a       0x2d ./Core/Src/syscalls.o
 .ARM.attributes
                0x00000347       0x2d ./Core/Src/sysmem.o
 .ARM.attributes
                0x00000374       0x2d ./Core/Src/system_stm32f1xx.o
 .ARM.attributes
                0x000003a1       0x2d ./Core/Src/tim.o
 .ARM.attributes
                0x000003ce       0x2d ./Core/Src/usart.o
 .ARM.attributes
                0x000003fb       0x21 ./Core/Startup/startup_stm32f103rctx.o
 .ARM.attributes
                0x0000041c       0x2d ./Drivers/STM32F1xx_HAL_Driver/Src/stm32f1xx_hal.o
 .ARM.attributes
                0x00000449       0x2d ./Drivers/STM32F1xx_HAL_Driver/Src/stm32f1xx_hal_cortex.o
 .ARM.attributes
                0x00000476       0x2d ./Drivers/STM32F1xx_HAL_Driver/Src/stm32f1xx_hal_dma.o
 .ARM.attributes
                0x000004a3       0x2d ./Drivers/STM32F1xx_HAL_Driver/Src/stm32f1xx_hal_gpio.o
 .ARM.attributes
                0x000004d0       0x2d ./Drivers/STM32F1xx_HAL_Driver/Src/stm32f1xx_hal_i2c.o
 .ARM.attributes
                0x000004fd       0x2d ./Drivers/STM32F1xx_HAL_Driver/Src/stm32f1xx_hal_rcc.o
 .ARM.attributes
                0x0000052a       0x2d ./Drivers/STM32F1xx_HAL_Driver/Src/stm32f1xx_hal_tim.o
 .ARM.attributes
                0x00000557       0x2d ./Drivers/STM32F1xx_HAL_Driver/Src/stm32f1xx_hal_tim_ex.o
 .ARM.attributes
                0x00000584       0x2d ./Drivers/STM32F1xx_HAL_Driver/Src/stm32f1xx_hal_uart.o
 .ARM.attributes
                0x000005b1       0x2d /opt/st/stm32cubeide_1.19.0/plugins/com.st.stm32cube.ide.mcu.externaltools.gnu-tools-for-stm32.13.3.rel1.linux64_1.0.0.202410170706/tools/bin/../lib/gcc/arm-none-eabi/13.3.1/../../../../arm-none-eabi/lib/thumb/v7-m/nofp/libc_nano.a(libc_a-findfp.o)
 .ARM.attributes
                0x000005de       0x2d /opt/st/stm32cubeide_1.19.0/plugins/com.st.stm32cube.ide.mcu.externaltools.gnu-tools-for-stm32.13.3.rel1.linux64_1.0.0.202410170706/tools/bin/../lib/gcc/arm-none-eabi/13.3.1/../../../../arm-none-eabi/lib/thumb/v7-m/nofp/libc_nano.a(libc_a-fwalk.o)
 .ARM.attributes
                0x0000060b       0x2d /opt/st/stm32cubeide_1.19.0/plugins/com.st.stm32cube.ide.mcu.externaltools.gnu-tools-for-stm32.13.3.rel1.linux64_1.0.0.202410170706/tools/bin/../lib/gcc/arm-none-eabi/13.3.1/../../../../arm-none-eabi/lib/thumb/v7-m/nofp/libc_nano.a(libc_a-printf.o)
 .ARM.attributes
                0x00000638       0x2d /opt/st/stm32cubeide_1.19.0/plugins/com.st.stm32cube.ide.mcu.externaltools.gnu-tools-for-stm32.13.3.rel1.linux64_1.0.0.202410170706/tools/bin/../lib/gcc/arm-none-eabi/13.3.1/../../../../arm-none-eabi/lib/thumb/v7-m/nofp/libc_nano.a(libc_a-putchar.o)
 .ARM.attributes
                0x00000665       0x2d /opt/st/stm32cubeide_1.19.0/plugins/com.st.stm32cube.ide.mcu.externaltools.gnu-tools-for-stm32.13.3.rel1.linux64_1.0.0.202410170706/tools/bin/../lib/gcc/arm-none-eabi/13.3.1/../../../../arm-none-eabi/lib/thumb/v7-m/nofp/libc_nano.a(libc_a-puts.o)
 .ARM.attributes
                0x00000692       0x2d /opt/st/stm32cubeide_1.19.0/plugins/com.st.stm32cube.ide.mcu.externaltools.gnu-tools-for-stm32.13.3.rel1.linux64_1.0.0.202410170706/tools/bin/../lib/gcc/arm-none-eabi/13.3.1/../../../../arm-none-eabi/lib/thumb/v7-m/nofp/libc_nano.a(libc_a-stdio.o)
 .ARM.attributes
                0x000006bf       0x2d /opt/st/stm32cubeide_1.19.0/plugins/com.st.stm32cube.ide.mcu.externaltools.gnu-tools-for-stm32.13.3.rel1.linux64_1.0.0.202410170706/tools/bin/../lib/gcc/arm-none-eabi/13.3.1/../../../../arm-none-eabi/lib/thumb/v7-m/nofp/libc_nano.a(libc_a-wbuf.o)
 .ARM.attributes
                0x000006ec       0x2d /opt/st/stm32cubeide_1.19.0/plugins/com.st.stm32cube.ide.mcu.externaltools.gnu-tools-for-stm32.13.3.rel1.linux64_1.0.0.202410170706/tools/bin/../lib/gcc/arm-none-eabi/13.3.1/../../../../arm-none-eabi/lib/thumb/v7-m/nofp/libc_nano.a(libc_a-wsetup.o)
 .ARM.attributes
                0x00000719       0x2d /opt/st/stm32cubeide_1.19.0/plugins/com.st.stm32cube.ide.mcu.externaltools.gnu-tools-for-stm32.13.3.rel1.linux64_1.0.0.202410170706/tools/bin/../lib/gcc/arm-none-eabi/13.3.1/../../../../arm-none-eabi/lib/thumb/v7-m/nofp/libc_nano.a(libc_a-memset.o)
 .ARM.attributes
                0x00000746       0x2d /opt/st/stm32cubeide_1.19.0/plugins/com.st.stm32cube.ide.mcu.externaltools.gnu-tools-for-stm32.13.3.rel1.linux64_1.0.0.202410170706/tools/bin/../lib/gcc/arm-none-eabi/13.3.1/../../../../arm-none-eabi/lib/thumb/v7-m/nofp/libc_nano.a(libc_a-closer.o)
 .ARM.attributes
                0x00000773       0x2d /opt/st/stm32cubeide_1.19.0/plugins/com.st.stm32cube.ide.mcu.externaltools.gnu-tools-for-stm32.13.3.rel1.linux64_1.0.0.202410170706/tools/bin/../lib/gcc/arm-none-eabi/13.3.1/../../../../arm-none-eabi/lib/thumb/v7-m/nofp/libc_nano.a(libc_a-reent.o)
 .ARM.attributes
                0x000007a0       0x2d /opt/st/stm32cubeide_1.19.0/plugins/com.st.stm32cube.ide.mcu.externaltools.gnu-tools-for-stm32.13.3.rel1.linux64_1.0.0.202410170706/tools/bin/../lib/gcc/arm-none-eabi/13.3.1/../../../../arm-none-eabi/lib/thumb/v7-m/nofp/libc_nano.a(libc_a-impure.o)
 .ARM.attributes
                0x000007cd       0x2d /opt/st/stm32cubeide_1.19.0/plugins/com.st.stm32cube.ide.mcu.externaltools.gnu-tools-for-stm32.13.3.rel1.linux64_1.0.0.202410170706/tools/bin/../lib/gcc/arm-none-eabi/13.3.1/../../../../arm-none-eabi/lib/thumb/v7-m/nofp/libc_nano.a(libc_a-lseekr.o)
 .ARM.attributes
                0x000007fa       0x2d /opt/st/stm32cubeide_1.19.0/plugins/com.st.stm32cube.ide.mcu.externaltools.gnu-tools-for-stm32.13.3.rel1.linux64_1.0.0.202410170706/tools/bin/../lib/gcc/arm-none-eabi/13.3.1/../../../../arm-none-eabi/lib/thumb/v7-m/nofp/libc_nano.a(libc_a-readr.o)
 .ARM.attributes
                0x00000827       0x2d /opt/st/stm32cubeide_1.19.0/plugins/com.st.stm32cube.ide.mcu.externaltools.gnu-tools-for-stm32.13.3.rel1.linux64_1.0.0.202410170706/tools/bin/../lib/gcc/arm-none-eabi/13.3.1/../../../../arm-none-eabi/lib/thumb/v7-m/nofp/libc_nano.a(libc_a-writer.o)
 .ARM.attributes
                0x00000854       0x2d /opt/st/stm32cubeide_1.19.0/plugins/com.st.stm32cube.ide.mcu.externaltools.gnu-tools-for-stm32.13.3.rel1.linux64_1.0.0.202410170706/tools/bin/../lib/gcc/arm-none-eabi/13.3.1/../../../../arm-none-eabi/lib/thumb/v7-m/nofp/libc_nano.a(libc_a-errno.o)
 .ARM.attributes
                0x00000881       0x2d /opt/st/stm32cubeide_1.19.0/plugins/com.st.stm32cube.ide.mcu.externaltools.gnu-tools-for-stm32.13.3.rel1.linux64_1.0.0.202410170706/tools/bin/../lib/gcc/arm-none-eabi/13.3.1/../../../../arm-none-eabi/lib/thumb/v7-m/nofp/libc_nano.a(libc_a-init.o)
 .ARM.attributes
                0x000008ae       0x2d /opt/st/stm32cubeide_1.19.0/plugins/com.st.stm32cube.ide.mcu.externaltools.gnu-tools-for-stm32.13.3.rel1.linux64_1.0.0.202410170706/tools/bin/../lib/gcc/arm-none-eabi/13.3.1/../../../../arm-none-eabi/lib/thumb/v7-m/nofp/libc_nano.a(libc_a-lock.o)
 .ARM.attributes
                0x000008db       0x2d /opt/st/stm32cubeide_1.19.0/plugins/com.st.stm32cube.ide.mcu.externaltools.gnu-tools-for-stm32.13.3.rel1.linux64_1.0.0.202410170706/tools/bin/../lib/gcc/arm-none-eabi/13.3.1/../../../../arm-none-eabi/lib/thumb/v7-m/nofp/libc_nano.a(libc_a-freer.o)
 .ARM.attributes
                0x00000908       0x2d /opt/st/stm32cubeide_1.19.0/plugins/com.st.stm32cube.ide.mcu.externaltools.gnu-tools-for-stm32.13.3.rel1.linux64_1.0.0.202410170706/tools/bin/../lib/gcc/arm-none-eabi/13.3.1/../../../../arm-none-eabi/lib/thumb/v7-m/nofp/libc_nano.a(libc_a-mallocr.o)
 .ARM.attributes
                0x00000935       0x2d /opt/st/stm32cubeide_1.19.0/plugins/com.st.stm32cube.ide.mcu.externaltools.gnu-tools-for-stm32.13.3.rel1.linux64_1.0.0.202410170706/tools/bin/../lib/gcc/arm-none-eabi/13.3.1/../../../../arm-none-eabi/lib/thumb/v7-m/nofp/libc_nano.a(libc_a-mlock.o)
 .ARM.attributes
                0x00000962       0x2d /opt/st/stm32cubeide_1.19.0/plugins/com.st.stm32cube.ide.mcu.externaltools.gnu-tools-for-stm32.13.3.rel1.linux64_1.0.0.202410170706/tools/bin/../lib/gcc/arm-none-eabi/13.3.1/../../../../arm-none-eabi/lib/thumb/v7-m/nofp/libc_nano.a(libc_a-nano-vfprintf.o)
 .ARM.attributes
                0x0000098f       0x2d /opt/st/stm32cubeide_1.19.0/plugins/com.st.stm32cube.ide.mcu.externaltools.gnu-tools-for-stm32.13.3.rel1.linux64_1.0.0.202410170706/tools/bin/../lib/gcc/arm-none-eabi/13.3.1/../../../../arm-none-eabi/lib/thumb/v7-m/nofp/libc_nano.a(libc_a-nano-vfprintf_i.o)
 .ARM.attributes
                0x000009bc       0x2d /opt/st/stm32cubeide_1.19.0/plugins/com.st.stm32cube.ide.mcu.externaltools.gnu-tools-for-stm32.13.3.rel1.linux64_1.0.0.202410170706/tools/bin/../lib/gcc/arm-none-eabi/13.3.1/../../../../arm-none-eabi/lib/thumb/v7-m/nofp/libc_nano.a(libc_a-fflush.o)
 .ARM.attributes
                0x000009e9       0x2d /opt/st/stm32cubeide_1.19.0/plugins/com.st.stm32cube.ide.mcu.externaltools.gnu-tools-for-stm32.13.3.rel1.linux64_1.0.0.202410170706/tools/bin/../lib/gcc/arm-none-eabi/13.3.1/../../../../arm-none-eabi/lib/thumb/v7-m/nofp/libc_nano.a(libc_a-makebuf.o)
 .ARM.attributes
                0x00000a16       0x2d /opt/st/stm32cubeide_1.19.0/plugins/com.st.stm32cube.ide.mcu.externaltools.gnu-tools-for-stm32.13.3.rel1.linux64_1.0.0.202410170706/tools/bin/../lib/gcc/arm-none-eabi/13.3.1/../../../../arm-none-eabi/lib/thumb/v7-m/nofp/libc_nano.a(libc_a-putc.o)
 .ARM.attributes
                0x00000a43       0x2d /opt/st/stm32cubeide_1.19.0/plugins/com.st.stm32cube.ide.mcu.externaltools.gnu-tools-for-stm32.13.3.rel1.linux64_1.0.0.202410170706/tools/bin/../lib/gcc/arm-none-eabi/13.3.1/../../../../arm-none-eabi/lib/thumb/v7-m/nofp/libc_nano.a(libc_a-fstatr.o)
 .ARM.attributes
                0x00000a70       0x2d /opt/st/stm32cubeide_1.19.0/plugins/com.st.stm32cube.ide.mcu.externaltools.gnu-tools-for-stm32.13.3.rel1.linux64_1.0.0.202410170706/tools/bin/../lib/gcc/arm-none-eabi/13.3.1/../../../../arm-none-eabi/lib/thumb/v7-m/nofp/libc_nano.a(libc_a-isattyr.o)
 .ARM.attributes
                0x00000a9d       0x2d /opt/st/stm32cubeide_1.19.0/plugins/com.st.stm32cube.ide.mcu.externaltools.gnu-tools-for-stm32.13.3.rel1.linux64_1.0.0.202410170706/tools/bin/../lib/gcc/arm-none-eabi/13.3.1/../../../../arm-none-eabi/lib/thumb/v7-m/nofp/libc_nano.a(libc_a-sbrkr.o)
 .ARM.attributes
                0x00000aca       0x2d /opt/st/stm32cubeide_1.19.0/plugins/com.st.stm32cube.ide.mcu.externaltools.gnu-tools-for-stm32.13.3.rel1.linux64_1.0.0.202410170706/tools/bin/../lib/gcc/arm-none-eabi/13.3.1/../../../../arm-none-eabi/lib/thumb/v7-m/nofp/libc_nano.a(libc_a-memchr-stub.o)
 .ARM.attributes
                0x00000af7       0x1d /opt/st/stm32cubeide_1.19.0/plugins/com.st.stm32cube.ide.mcu.externaltools.gnu-tools-for-stm32.13.3.rel1.linux64_1.0.0.202410170706/tools/bin/../lib/gcc/arm-none-eabi/13.3.1/thumb/v7-m/nofp/libgcc.a(_arm_addsubdf3.o)
 .ARM.attributes
                0x00000b14       0x1d /opt/st/stm32cubeide_1.19.0/plugins/com.st.stm32cube.ide.mcu.externaltools.gnu-tools-for-stm32.13.3.rel1.linux64_1.0.0.202410170706/tools/bin/../lib/gcc/arm-none-eabi/13.3.1/thumb/v7-m/nofp/libgcc.a(_arm_truncdfsf2.o)
 .ARM.attributes
                0x00000b31       0x1d /opt/st/stm32cubeide_1.19.0/plugins/com.st.stm32cube.ide.mcu.externaltools.gnu-tools-for-stm32.13.3.rel1.linux64_1.0.0.202410170706/tools/bin/../lib/gcc/arm-none-eabi/13.3.1/thumb/v7-m/nofp/libgcc.a(_arm_addsubsf3.o)
 .ARM.attributes
                0x00000b4e       0x1d /opt/st/stm32cubeide_1.19.0/plugins/com.st.stm32cube.ide.mcu.externaltools.gnu-tools-for-stm32.13.3.rel1.linux64_1.0.0.202410170706/tools/bin/../lib/gcc/arm-none-eabi/13.3.1/thumb/v7-m/nofp/libgcc.a(_arm_muldivsf3.o)
 .ARM.attributes
                0x00000b6b       0x1d /opt/st/stm32cubeide_1.19.0/plugins/com.st.stm32cube.ide.mcu.externaltools.gnu-tools-for-stm32.13.3.rel1.linux64_1.0.0.202410170706/tools/bin/../lib/gcc/arm-none-eabi/13.3.1/thumb/v7-m/nofp/libgcc.a(_arm_cmpsf2.o)
 .ARM.attributes
                0x00000b88       0x1d /opt/st/stm32cubeide_1.19.0/plugins/com.st.stm32cube.ide.mcu.externaltools.gnu-tools-for-stm32.13.3.rel1.linux64_1.0.0.202410170706/tools/bin/../lib/gcc/arm-none-eabi/13.3.1/thumb/v7-m/nofp/libgcc.a(_arm_fixsfsi.o)
 .ARM.attributes
                0x00000ba5       0x1d /opt/st/stm32cubeide_1.19.0/plugins/com.st.stm32cube.ide.mcu.externaltools.gnu-tools-for-stm32.13.3.rel1.linux64_1.0.0.202410170706/tools/bin/../lib/gcc/arm-none-eabi/13.3.1/thumb/v7-m/nofp/crtn.o
OUTPUT(PwmServo.elf elf32-littlearm)
LOAD linker stubs
LOAD /opt/st/stm32cubeide_1.19.0/plugins/com.st.stm32cube.ide.mcu.externaltools.gnu-tools-for-stm32.13.3.rel1.linux64_1.0.0.202410170706/tools/bin/../lib/gcc/arm-none-eabi/13.3.1/../../../../arm-none-eabi/lib/thumb/v7-m/nofp/libc.a
LOAD /opt/st/stm32cubeide_1.19.0/plugins/com.st.stm32cube.ide.mcu.externaltools.gnu-tools-for-stm32.13.3.rel1.linux64_1.0.0.202410170706/tools/bin/../lib/gcc/arm-none-eabi/13.3.1/../../../../arm-none-eabi/lib/thumb/v7-m/nofp/libm.a
LOAD /opt/st/stm32cubeide_1.19.0/plugins/com.st.stm32cube.ide.mcu.externaltools.gnu-tools-for-stm32.13.3.rel1.linux64_1.0.0.202410170706/tools/bin/../lib/gcc/arm-none-eabi/13.3.1/thumb/v7-m/nofp/libgcc.a

.debug_info     0x00000000    0x13cb3
 .debug_info    0x00000000      0x90d ./BSP/bsp.o
 .debug_info    0x0000090d      0x26d ./BSP/bsp_beep.o
 .debug_info    0x00000b7a      0x779 ./BSP/bsp_encoder.o
 .debug_info    0x000012f3      0x1e0 ./BSP/bsp_key.o
 .debug_info    0x000014d3      0x501 ./BSP/bsp_motion.o
 .debug_info    0x000019d4      0x737 ./BSP/bsp_motor.o
 .debug_info    0x0000210b      0x36b ./BSP/bsp_pid.o
 .debug_info    0x00002476      0x844 ./BSP/bsp_pwmServo.o
 .debug_info    0x00002cba      0x698 ./BSP/bsp_uart.o
 .debug_info    0x00003352      0x954 ./BSP/i2c_slave.o
 .debug_info    0x00003ca6      0x335 ./Core/Src/dma.o
 .debug_info    0x00003fdb      0x2d3 ./Core/Src/gpio.o
 .debug_info    0x000042ae      0x9dc ./Core/Src/i2c.o
 .debug_info    0x00004c8a      0x2f2 ./Core/Src/main.o
 .debug_info    0x00004f7c      0x1f1 ./Core/Src/stm32f1xx_hal_msp.o
 .debug_info    0x0000516d      0xc7a ./Core/Src/stm32f1xx_it.o
 .debug_info    0x00005de7      0x6a3 ./Core/Src/syscalls.o
 .debug_info    0x0000648a      0x168 ./Core/Src/sysmem.o
 .debug_info    0x000065f2      0x222 ./Core/Src/system_stm32f1xx.o
 .debug_info    0x00006814     0x11e6 ./Core/Src/tim.o
 .debug_info    0x000079fa      0x9db ./Core/Src/usart.o
 .debug_info    0x000083d5       0x30 ./Core/Startup/startup_stm32f103rctx.o
 .debug_info    0x00008405      0x76a ./Drivers/STM32F1xx_HAL_Driver/Src/stm32f1xx_hal.o
 .debug_info    0x00008b6f      0xaed ./Drivers/STM32F1xx_HAL_Driver/Src/stm32f1xx_hal_cortex.o
 .debug_info    0x0000965c      0x6d2 ./Drivers/STM32F1xx_HAL_Driver/Src/stm32f1xx_hal_dma.o
 .debug_info    0x00009d2e      0x5ab ./Drivers/STM32F1xx_HAL_Driver/Src/stm32f1xx_hal_gpio.o
 .debug_info    0x0000a2d9     0x2524 ./Drivers/STM32F1xx_HAL_Driver/Src/stm32f1xx_hal_i2c.o
 .debug_info    0x0000c7fd      0x7d5 ./Drivers/STM32F1xx_HAL_Driver/Src/stm32f1xx_hal_rcc.o
 .debug_info    0x0000cfd2     0x2959 ./Drivers/STM32F1xx_HAL_Driver/Src/stm32f1xx_hal_tim.o